Archive member included to satisfy reference by file (symbol)

c:/gcc-arm-none-eabi-10.3-2021.10/bin/../lib/gcc/arm-none-eabi/10.3.1/../../../../arm-none-eabi/lib/thumb/v7e-m/nofp\libstdc++.a(del_ops.o)
                              Libraries/FEHIO.o (operator delete(void*, unsigned int))
c:/gcc-arm-none-eabi-10.3-2021.10/bin/../lib/gcc/arm-none-eabi/10.3.1/../../../../arm-none-eabi/lib/thumb/v7e-m/nofp\libstdc++.a(new_op.o)
                              Libraries/FEHIO.o (operator new(unsigned int))
c:/gcc-arm-none-eabi-10.3-2021.10/bin/../lib/gcc/arm-none-eabi/10.3.1/../../../../arm-none-eabi/lib/thumb/v7e-m/nofp\libstdc++.a(bad_alloc.o)
                              c:/gcc-arm-none-eabi-10.3-2021.10/bin/../lib/gcc/arm-none-eabi/10.3.1/../../../../arm-none-eabi/lib/thumb/v7e-m/nofp\libstdc++.a(new_op.o) (std::bad_alloc::~bad_alloc())
c:/gcc-arm-none-eabi-10.3-2021.10/bin/../lib/gcc/arm-none-eabi/10.3.1/../../../../arm-none-eabi/lib/thumb/v7e-m/nofp\libstdc++.a(del_op.o)
                              c:/gcc-arm-none-eabi-10.3-2021.10/bin/../lib/gcc/arm-none-eabi/10.3.1/../../../../arm-none-eabi/lib/thumb/v7e-m/nofp\libstdc++.a(del_ops.o) (operator delete(void*))
c:/gcc-arm-none-eabi-10.3-2021.10/bin/../lib/gcc/arm-none-eabi/10.3.1/../../../../arm-none-eabi/lib/thumb/v7e-m/nofp\libstdc++.a(eh_alloc.o)
                              c:/gcc-arm-none-eabi-10.3-2021.10/bin/../lib/gcc/arm-none-eabi/10.3.1/../../../../arm-none-eabi/lib/thumb/v7e-m/nofp\libstdc++.a(new_op.o) (__cxa_allocate_exception)
c:/gcc-arm-none-eabi-10.3-2021.10/bin/../lib/gcc/arm-none-eabi/10.3.1/../../../../arm-none-eabi/lib/thumb/v7e-m/nofp\libstdc++.a(eh_exception.o)
                              c:/gcc-arm-none-eabi-10.3-2021.10/bin/../lib/gcc/arm-none-eabi/10.3.1/../../../../arm-none-eabi/lib/thumb/v7e-m/nofp\libstdc++.a(bad_alloc.o) (std::exception::~exception())
c:/gcc-arm-none-eabi-10.3-2021.10/bin/../lib/gcc/arm-none-eabi/10.3.1/../../../../arm-none-eabi/lib/thumb/v7e-m/nofp\libstdc++.a(eh_terminate.o)
                              c:/gcc-arm-none-eabi-10.3-2021.10/bin/../lib/gcc/arm-none-eabi/10.3.1/../../../../arm-none-eabi/lib/thumb/v7e-m/nofp\libstdc++.a(eh_alloc.o) (std::terminate())
c:/gcc-arm-none-eabi-10.3-2021.10/bin/../lib/gcc/arm-none-eabi/10.3.1/../../../../arm-none-eabi/lib/thumb/v7e-m/nofp\libstdc++.a(eh_throw.o)
                              c:/gcc-arm-none-eabi-10.3-2021.10/bin/../lib/gcc/arm-none-eabi/10.3.1/../../../../arm-none-eabi/lib/thumb/v7e-m/nofp\libstdc++.a(new_op.o) (__cxa_throw)
c:/gcc-arm-none-eabi-10.3-2021.10/bin/../lib/gcc/arm-none-eabi/10.3.1/../../../../arm-none-eabi/lib/thumb/v7e-m/nofp\libstdc++.a(eh_unex_handler.o)
                              c:/gcc-arm-none-eabi-10.3-2021.10/bin/../lib/gcc/arm-none-eabi/10.3.1/../../../../arm-none-eabi/lib/thumb/v7e-m/nofp\libstdc++.a(eh_terminate.o) (__cxxabiv1::__unexpected_handler)
c:/gcc-arm-none-eabi-10.3-2021.10/bin/../lib/gcc/arm-none-eabi/10.3.1/../../../../arm-none-eabi/lib/thumb/v7e-m/nofp\libstdc++.a(new_handler.o)
                              c:/gcc-arm-none-eabi-10.3-2021.10/bin/../lib/gcc/arm-none-eabi/10.3.1/../../../../arm-none-eabi/lib/thumb/v7e-m/nofp\libstdc++.a(new_op.o) (std::get_new_handler())
c:/gcc-arm-none-eabi-10.3-2021.10/bin/../lib/gcc/arm-none-eabi/10.3.1/../../../../arm-none-eabi/lib/thumb/v7e-m/nofp\libstdc++.a(pure.o)
                              c:/gcc-arm-none-eabi-10.3-2021.10/bin/../lib/gcc/arm-none-eabi/10.3.1/../../../../arm-none-eabi/lib/thumb/v7e-m/nofp\libstdc++.a(eh_exception.o) (__cxa_pure_virtual)
c:/gcc-arm-none-eabi-10.3-2021.10/bin/../lib/gcc/arm-none-eabi/10.3.1/../../../../arm-none-eabi/lib/thumb/v7e-m/nofp\libstdc++.a(si_class_type_info.o)
                              c:/gcc-arm-none-eabi-10.3-2021.10/bin/../lib/gcc/arm-none-eabi/10.3.1/../../../../arm-none-eabi/lib/thumb/v7e-m/nofp\libstdc++.a(bad_alloc.o) (vtable for __cxxabiv1::__si_class_type_info)
c:/gcc-arm-none-eabi-10.3-2021.10/bin/../lib/gcc/arm-none-eabi/10.3.1/../../../../arm-none-eabi/lib/thumb/v7e-m/nofp\libstdc++.a(tinfo.o)
                              c:/gcc-arm-none-eabi-10.3-2021.10/bin/../lib/gcc/arm-none-eabi/10.3.1/../../../../arm-none-eabi/lib/thumb/v7e-m/nofp\libstdc++.a(si_class_type_info.o) (std::type_info::__is_pointer_p() const)
c:/gcc-arm-none-eabi-10.3-2021.10/bin/../lib/gcc/arm-none-eabi/10.3.1/../../../../arm-none-eabi/lib/thumb/v7e-m/nofp\libstdc++.a(vterminate.o)
                              c:/gcc-arm-none-eabi-10.3-2021.10/bin/../lib/gcc/arm-none-eabi/10.3.1/../../../../arm-none-eabi/lib/thumb/v7e-m/nofp\libstdc++.a(eh_terminate.o) (__gnu_cxx::__verbose_terminate_handler())
c:/gcc-arm-none-eabi-10.3-2021.10/bin/../lib/gcc/arm-none-eabi/10.3.1/../../../../arm-none-eabi/lib/thumb/v7e-m/nofp\libstdc++.a(class_type_info.o)
[...]
Memory Configuration

Name             Origin             Length             Attributes
PROGRAM_FLASH    0x0000c000         0x00073c00         xr
SRAM_UPPER       0x20000000         0x00010000         xrw
SRAM_LOWER       0x1fff0000         0x00010000         xrw
*default*        0x00000000         0xffffffff

Linker script and memory map

LOAD c:/gcc-arm-none-eabi-10.3-2021.10/bin/../lib/gcc/arm-none-eabi/10.3.1/thumb/v7e-m/nofp/crti.o
LOAD c:/gcc-arm-none-eabi-10.3-2021.10/bin/../lib/gcc/arm-none-eabi/10.3.1/thumb/v7e-m/nofp/crtbegin.o
LOAD c:/gcc-arm-none-eabi-10.3-2021.10/bin/../lib/gcc/arm-none-eabi/10.3.1/../../../../arm-none-eabi/lib/thumb/v7e-m/nofp/crt0.o
LOAD ../main.o
LOAD Startup/startup_mk60d10.o
LOAD Libraries/FEHMotor.o
LOAD Drivers/mcg.o
LOAD Drivers/i2c.o
LOAD Drivers/spi.o
LOAD Drivers/uart.o
LOAD Drivers/ff.o
LOAD Drivers/SDHC.o
LOAD Drivers/lptmr.o
LOAD FEHProteus.o
LOAD Drivers/FEHPropeller.o
LOAD Libraries/FEHUtility.o
LOAD Libraries/FEHIO.o
LOAD Drivers/adc16.o
LOAD Libraries/FEHBuzzer.o
LOAD Libraries/FEHServo.o
LOAD Libraries/FEHLCD.o
LOAD Libraries/FEHAccel.o
LOAD Libraries/FEHBattery.o
LOAD Drivers/FEHXBee.o
LOAD Libraries/FEHRPS.o
LOAD Libraries/FEHSD.o
LOAD Libraries/FEHRandom.o
LOAD c:/gcc-arm-none-eabi-10.3-2021.10/bin/../lib/gcc/arm-none-eabi/10.3.1/../../../../arm-none-eabi/lib/thumb/v7e-m/nofp\libstdc++.a
LOAD c:/gcc-arm-none-eabi-10.3-2021.10/bin/../lib/gcc/arm-none-eabi/10.3.1/../../../../arm-none-eabi/lib/thumb/v7e-m/nofp\libm.a
START GROUP
LOAD c:/gcc-arm-none-eabi-10.3-2021.10/bin/../lib/gcc/arm-none-eabi/10.3.1/thumb/v7e-m/nofp\libgcc.a
LOAD c:/gcc-arm-none-eabi-10.3-2021.10/bin/../lib/gcc/arm-none-eabi/10.3.1/../../../../arm-none-eabi/lib/thumb/v7e-m/nofp\libg.a
LOAD c:/gcc-arm-none-eabi-10.3-2021.10/bin/../lib/gcc/arm-none-eabi/10.3.1/../../../../arm-none-eabi/lib/thumb/v7e-m/nofp\libc.a
END GROUP
START GROUP
LOAD c:/gcc-arm-none-eabi-10.3-2021.10/bin/../lib/gcc/arm-none-eabi/10.3.1/thumb/v7e-m/nofp\libgcc.a
LOAD c:/gcc-arm-none-eabi-10.3-2021.10/bin/../lib/gcc/arm-none-eabi/10.3.1/../../../../arm-none-eabi/lib/thumb/v7e-m/nofp\libc.a
LOAD c:/gcc-arm-none-eabi-10.3-2021.10/bin/../lib/gcc/arm-none-eabi/10.3.1/../../../../arm-none-eabi/lib/thumb/v7e-m/nofp\libnosys.a
END GROUP
LOAD c:/gcc-arm-none-eabi-10.3-2021.10/bin/../lib/gcc/arm-none-eabi/10.3.1/thumb/v7e-m/nofp/crtend.o
LOAD c:/gcc-arm-none-eabi-10.3-2021.10/bin/../lib/gcc/arm-none-eabi/10.3.1/thumb/v7e-m/nofp/crtn.o
                0x0000c000                __base_PROGRAM_FLASH = 0xc000
                0x0000c000                __base_Flash = 0xc000
                0x0007fc00                __top_PROGRAM_FLASH = 0x7fc00
                0x0007fc00                __top_Flash = 0x7fc00
                0x20000000                __base_SRAM_UPPER = 0x20000000
                0x20000000                __base_RAM = 0x20000000
                0x20010000                __top_SRAM_UPPER = 0x20010000
                0x20010000                __top_RAM = 0x20010000
                0x1fff0000                __base_SRAM_LOWER = 0x1fff0000
                0x1fff0000                __base_RAM2 = 0x1fff0000
                0x20000000                __top_SRAM_LOWER = 0x20000000
                0x20000000                __top_RAM2 = 0x20000000

.text           0x0000c000      0x410
 FILL mask 0xff
                0x0000c000                __vectors_start__ = ABSOLUTE (.)
 *(.isr_vector)
 .isr_vector    0x0000c000      0x1bc Startup/startup_mk60d10.o
                0x0000c000                g_pfnVectors
                0x0000c000                __Vectors
                0x0000c1bc                . = ALIGN (0x4)
                0x0000c1bc                __section_table_start = .
                0x0000c1bc                __data_section_table = .
                0x0000c1bc        0x4 LONG 0x2a378 LOADADDR (.data)
                0x0000c1c0        0x4 LONG 0x20000000 ADDR (.data)
                0x0000c1c4        0x4 LONG 0x16d8 SIZEOF (.data)
                0x0000c1c8        0x4 LONG 0x2a378 LOADADDR (.data_RAM2)
                0x0000c1cc        0x4 LONG 0x1fff0000 ADDR (.data_RAM2)
                0x0000c1d0        0x4 LONG 0x0 SIZEOF (.data_RAM2)
                0x0000c1d4                __data_section_table_end = .
                0x0000c1d4                __bss_section_table = .
                0x0000c1d4        0x4 LONG 0x200016d8 ADDR (.bss)
                0x0000c1d8        0x4 LONG 0x6ec SIZEOF (.bss)
                0x0000c1dc        0x4 LONG 0x1fff0000 ADDR (.bss_RAM2)
                0x0000c1e0        0x4 LONG 0x0 SIZEOF (.bss_RAM2)
                0x0000c1e4                __bss_section_table_end = .
                0x0000c1e4                __section_table_end = .
 *(.after_vectors*)
 .after_vectors.init_data
                0x0000c1e4       0x42 Startup/startup_mk60d10.o
                0x0000c1e4                data_init(unsigned int, unsigned int, unsigned int)
 .after_vectors.init_bss
                0x0000c226       0x36 Startup/startup_mk60d10.o
                0x0000c226                bss_init(unsigned int, unsigned int)
 .after_vectors.reset
                0x0000c25c       0xb4 Startup/startup_mk60d10.o
                0x0000c25c                ResetISR
 .after_vectors
                0x0000c310       0x3c Startup/startup_mk60d10.o
                0x0000c310                NMI_Handler
                0x0000c316                HardFault_Handler
                0x0000c31c                MemManage_Handler
                0x0000c322                BusFault_Handler
                0x0000c328                UsageFault_Handler
                0x0000c32e                SVC_Handler
                0x0000c334                DebugMon_Handler
                0x0000c33a                PendSV_Handler
                0x0000c340                SysTick_Handler
                0x0000c346                DMA_Error_DriverIRQHandler
                0x0000c346                LPTMR0_DriverIRQHandler
                0x0000c346                FTM1_DriverIRQHandler
                0x0000c346                FTM2_DriverIRQHandler
                0x0000c346                PIT2_DriverIRQHandler
                0x0000c346                SDHC_DriverIRQHandler
                0x0000c346                I2S0_Tx_DriverIRQHandler
                0x0000c346                TSI0_DriverIRQHandler
                0x0000c346                RTC_Seconds_DriverIRQHandler
                0x0000c346                Reserved109_DriverIRQHandler
                0x0000c346                DMA6_DriverIRQHandler
                0x0000c346                LLWU_DriverIRQHandler
                0x0000c346                MCM_DriverIRQHandler
                0x0000c346                MCG_DriverIRQHandler
                0x0000c346                ENET_1588_Timer_DriverIRQHandler
                0x0000c346                DAC1_DriverIRQHandler
                0x0000c346                SPI1_DriverIRQHandler
                0x0000c346                CMP1_DriverIRQHandler
                0x0000c346                UART5_RX_TX_DriverIRQHandler
                0x0000c346                FTM0_DriverIRQHandler
                0x0000c346                IntDefaultHandler
                0x0000c346                USB0_DriverIRQHandler
                0x0000c346                UART5_ERR_DriverIRQHandler
                0x0000c346                DMA11_DriverIRQHandler
                0x0000c346                DAC0_DriverIRQHandler
                0x0000c346                DMA10_DriverIRQHandler
                0x0000c346                CMP2_DriverIRQHandler
                0x0000c346                UART2_ERR_DriverIRQHandler
                0x0000c346                SPI2_DriverIRQHandler
                0x0000c346                LVD_LVW_DriverIRQHandler
                0x0000c346                RNG_DriverIRQHandler
                0x0000c346                DMA12_DriverIRQHandler
                0x0000c346                DMA4_DriverIRQHandler
                0x0000c346                UART2_RX_TX_DriverIRQHandler
                0x0000c346                USBDCD_DriverIRQHandler
                0x0000c346                UART3_ERR_DriverIRQHandler
                0x0000c346                DMA3_DriverIRQHandler
                0x0000c346                DMA8_DriverIRQHandler
                0x0000c346                DMA9_DriverIRQHandler
                0x0000c346                UART0_ERR_DriverIRQHandler
                0x0000c346                CMT_DriverIRQHandler
                0x0000c346                ADC1_DriverIRQHandler
                0x0000c346                DMA14_DriverIRQHandler
                0x0000c346                PIT3_DriverIRQHandler
                0x0000c346                PIT1_DriverIRQHandler
                0x0000c346                WDOG_EWM_DriverIRQHandler
                0x0000c346                PDB0_DriverIRQHandler
                0x0000c346                Reserved95_DriverIRQHandler
                0x0000c346                RTC_DriverIRQHandler
                0x0000c346                I2S0_Rx_DriverIRQHandler
                0x0000c346                Read_Collision_DriverIRQHandler
                0x0000c346                SWI_DriverIRQHandler
                0x0000c346                UART4_RX_TX_DriverIRQHandler
                0x0000c346                UART4_ERR_DriverIRQHandler
                0x0000c346                DMA0_DriverIRQHandler
                0x0000c346                UART0_LON_DriverIRQHandler
                0x0000c346                Reserved102_DriverIRQHandler
                0x0000c346                DMA1_DriverIRQHandler
                0x0000c346                I2C1_DriverIRQHandler
                0x0000c346                UART3_RX_TX_DriverIRQHandler
                0x0000c346                ENET_Receive_DriverIRQHandler
                0x0000c346                DMA13_DriverIRQHandler
                0x0000c346                ENET_Error_DriverIRQHandler
                0x0000c346                DMA15_DriverIRQHandler
                0x0000c346                SPI0_DriverIRQHandler
                0x0000c346                ADC0_DriverIRQHandler
                0x0000c346                FTFL_DriverIRQHandler
                0x0000c346                CMP0_DriverIRQHandler
                0x0000c346                CAN0_DriverIRQHandler
                0x0000c346                Reserved59_DriverIRQHandler
                0x0000c346                DMA5_DriverIRQHandler
                0x0000c346                UART1_ERR_DriverIRQHandler
                0x0000c346                DMA2_DriverIRQHandler
                0x0000c346                ENET_Transmit_DriverIRQHandler
                0x0000c346                I2C0_DriverIRQHandler
                0x0000c346                CAN1_DriverIRQHandler
                0x0000c346                DMA7_DriverIRQHandler
                0x0000c346                UART1_RX_TX_DriverIRQHandler
                0x0000c346                Reserved108_DriverIRQHandler
                0x00000400                . = 0x400
 *fill*         0x0000c34c       0xb4 ff
                0x0000c400                PROVIDE (__FLASH_CONFIG_START__ = .)
 *(.FlashConfig)
 .FlashConfig   0x0000c400       0x10 Startup/startup_mk60d10.o
                0x0000c410                PROVIDE (__FLASH_CONFIG_END__ = .)
                0x00000001                ASSERT (! ((__FLASH_CONFIG_START__ == __FLASH_CONFIG_END__)), Linker Flash Config Support Enabled, but no .FlashConfig section provided within application)

.glue_7         0x0000c410        0x0
 .glue_7        0x0000c410        0x0 linker stubs

.glue_7t        0x0000c410        0x0
 .glue_7t       0x0000c410        0x0 linker stubs

.vfp11_veneer   0x0000c410        0x0
 .vfp11_veneer  0x0000c410        0x0 linker stubs

.v4_bx          0x0000c410        0x0
 .v4_bx         0x0000c410        0x0 linker stubs

.iplt           0x0000c410        0x0
 .iplt          0x0000c410        0x0 c:/gcc-arm-none-eabi-10.3-2021.10/bin/../lib/gcc/arm-none-eabi/10.3.1/thumb/v7e-m/nofp/crtbegin.o

.text           0x0000c440    0x1dcb8
 *(.text*)
 .text          0x0000c440       0x40 c:/gcc-arm-none-eabi-10.3-2021.10/bin/../lib/gcc/arm-none-eabi/10.3.1/thumb/v7e-m/nofp/crtbegin.o
 .text._ZSt4atanf
                0x0000c480       0x18 ../main.o
                0x0000c480                std::atan(float)
 .text._ZSt4sqrtf
                0x0000c498       0x18 ../main.o
                0x0000c498                std::sqrt(float)
 .text._Z10beginDebugv
                0x0000c4b0       0x28 ../main.o
                0x0000c4b0                beginDebug()
 .text._Z10ceaseDebugv
                0x0000c4d8       0x1c ../main.o
                0x0000c4d8                ceaseDebug()
 .text._Z6setLCDv
                0x0000c4f4       0x78 ../main.o
                0x0000c4f4                setLCD()
 .text._Z11reportSpeedif
                0x0000c56c       0x48 ../main.o
                0x0000c56c                reportSpeed(int, float)
 .text._Z13reportMessagePKc
                0x0000c5b4       0x88 ../main.o
                0x0000c5b4                reportMessage(char const*)
 .text._ZN5RobotC2Ev
                0x0000c63c       0x60 ../main.o
                0x0000c63c                Robot::Robot()
                0x0000c63c                Robot::Robot()
 .text._ZN5Robot7moveArmEf
                0x0000c69c       0x20 ../main.o
                0x0000c69c                Robot::moveArm(float)
 .text._ZN5Robot10toggleRampEv
                0x0000c6bc       0x40 ../main.o
                0x0000c6bc                Robot::toggleRamp()
 .text._ZN5Robot4turnEfi
                0x0000c6fc       0x42 ../main.o
                0x0000c6fc                Robot::turn(float, int)
 .text._ZN5Robot4moveEffi
                0x0000c73e       0x2c ../main.o
                0x0000c73e                Robot::move(float, float, int)
 *fill*         0x0000c76a        0x6 
 .text._ZN5Robot13moveUnboundedEfi
                0x0000c770      0x16c ../main.o
                0x0000c770                Robot::moveUnbounded(float, int)
 .text._ZN5Robot4stopEv
                0x0000c8dc       0x22 ../main.o
                0x0000c8dc                Robot::stop()
 *fill*         0x0000c8fe        0x2 
 .text._ZN5Robot15setMotorPercentEfff
                0x0000c900      0x144 ../main.o
                0x0000c900                Robot::setMotorPercent(float, float, float)
 .text._Z11detectLightv
                0x0000ca44       0x44 ../main.o
                0x0000ca44                detectLight()
 .text._Z18moveToJukeboxLight5Robot
                0x0000ca88       0x58 ../main.o
                0x0000ca88                moveToJukeboxLight(Robot)
 .text._Z9calibratev
                0x0000cae0       0xe4 ../main.o
                0x0000cae0                calibrate()
 .text._Z12moveDownRamp5Robot
                0x0000cbc4       0x30 ../main.o
                0x0000cbc4                moveDownRamp(Robot)
 .text._Z11goToTopRamp5Robot
                0x0000cbf4       0x68 ../main.o
                0x0000cbf4                goToTopRamp(Robot)
 .text._Z11moveToChoco5Robot
                0x0000cc5c       0x6c ../main.o
                0x0000cc5c                moveToChoco(Robot)
 .text._Z11moveToVanil5Robot
                0x0000ccc8       0x6c ../main.o
                0x0000ccc8                moveToVanil(Robot)
 .text._Z11unFlipLever5Robot
                0x0000cd34       0x78 ../main.o
                0x0000cd34                unFlipLever(Robot)
 .text._Z9fixBurger5Robot
                0x0000cdac       0x70 ../main.o
                0x0000cdac                fixBurger(Robot)
 .text._Z12iceCreamFlip5Robot
                0x0000ce1c       0x6c ../main.o
                0x0000ce1c                iceCreamFlip(Robot)
 .text._Z11moveToTwist5Robot
                0x0000ce88       0x6c ../main.o
                0x0000ce88                moveToTwist(Robot)
 .text._Z10flipBurger5Robot
                0x0000cef4       0x68 ../main.o
                0x0000cef4                flipBurger(Robot)
 .text._ZSt4fmodIfdEN9__gnu_cxx11__promote_2IT_T0_NS0_9__promoteIS2_XsrSt12__is_integerIS2_E7__valueEE6__typeENS4_IS3_XsrS5_IS3_E7__valueEE6__typeEE6__typeES2_S3_
                0x0000cf5c       0x28 ../main.o
                0x0000cf5c                __gnu_cxx::__promote_2<float, double, __gnu_cxx::__promote<float, std::__is_integer<float>::__value>::__type, __gnu_cxx::__promote<double, std::__is_integer<double>::__value>::__type>::__type std::fmod<float, double>(float, double)
 .text._Z15angleDifferenceff
                0x0000cf84       0x9c ../main.o
                0x0000cf84                angleDifference(float, float)
 .text._Z12checkHeadingfff
                0x0000d020       0x68 ../main.o
                0x0000d020                checkHeading(float, float, float)
 .text._Z12moveToSetPos5Robotffff
                0x0000d088      0x4b8 ../main.o
                0x0000d088                moveToSetPos(Robot, float, float, float, float)
 .text._Z11burgerSetup5Robot
                0x0000d540       0x40 ../main.o
                0x0000d540                burgerSetup(Robot)
 .text._Z12moveToBurger5Robot
                0x0000d580       0x74 ../main.o
                0x0000d580                moveToBurger(Robot)
 .text._Z10goToTicket5Robot
                0x0000d5f4       0x6c ../main.o
                0x0000d5f4                goToTicket(Robot)
 .text._Z8dropTray5Robot
                0x0000d660       0x44 ../main.o
                0x0000d660                dropTray(Robot)
 .text._Z8goToSink5Robot
                0x0000d6a4       0x58 ../main.o
                0x0000d6a4                goToSink(Robot)
 .text._Z10moveUpRamp5Robot
                0x0000d6fc       0x40 ../main.o
                0x0000d6fc                moveUpRamp(Robot)
 .text._Z14pushJukeButton5Robot
                0x0000d73c       0x8c ../main.o
                0x0000d73c                pushJukeButton(Robot)
 .text._Z12waitForLightv
                0x0000d7c8       0x3c ../main.o
                0x0000d7c8                waitForLight()
 .text._Z12waitForTouchv
                0x0000d804       0x34 ../main.o
                0x0000d804                waitForTouch()
 .text._Z6getRPSPfS_
                0x0000d838      0x1a4 ../main.o
                0x0000d838                getRPS(float*, float*)
 .text.main     0x0000d9dc       0xd0 ../main.o
                0x0000d9dc                main
 .text._Z41__static_initialization_and_destruction_0ii
                0x0000daac       0x74 ../main.o
 .text._GLOBAL__sub_I_currentRow
                0x0000db20       0x10 ../main.o
 .text.PORTD_IRQHandler
                0x0000db30       0x50 Startup/startup_mk60d10.o
                0x0000db30                PORTD_IRQHandler
 .text._Z15InitPowerButtonv
                0x0000db80       0x60 Startup/startup_mk60d10.o
                0x0000db80                InitPowerButton()
 .text._ZL11pll_init_blv
                0x0000dbe0       0xe0 Startup/startup_mk60d10.o
 .text._Z14InitFEHProteusv
                0x0000dcc0       0xec Startup/startup_mk60d10.o
                0x0000dcc0                InitFEHProteus()
 .text.DMA0_IRQHandler
                0x0000ddac        0xc Startup/startup_mk60d10.o
                0x0000ddac                DMA0_IRQHandler
 .text.DMA1_IRQHandler
                0x0000ddb8        0xc Startup/startup_mk60d10.o
                0x0000ddb8                DMA1_IRQHandler
 .text.DMA2_IRQHandler
                0x0000ddc4        0xc Startup/startup_mk60d10.o
                0x0000ddc4                DMA2_IRQHandler
 .text.DMA3_IRQHandler
                0x0000ddd0        0xc Startup/startup_mk60d10.o
                0x0000ddd0                DMA3_IRQHandler
 .text.DMA4_IRQHandler
                0x0000dddc        0xc Startup/startup_mk60d10.o
                0x0000dddc                DMA4_IRQHandler
 .text.DMA5_IRQHandler
                0x0000dde8        0xc Startup/startup_mk60d10.o
                0x0000dde8                DMA5_IRQHandler
 .text.DMA6_IRQHandler
                0x0000ddf4        0xc Startup/startup_mk60d10.o
                0x0000ddf4                DMA6_IRQHandler
 .text.DMA7_IRQHandler
                0x0000de00        0xc Startup/startup_mk60d10.o
                0x0000de00                DMA7_IRQHandler
 .text.DMA8_IRQHandler
                0x0000de0c        0xc Startup/startup_mk60d10.o
                0x0000de0c                DMA8_IRQHandler
 .text.DMA9_IRQHandler
                0x0000de18        0xc Startup/startup_mk60d10.o
                0x0000de18                DMA9_IRQHandler
 .text.DMA10_IRQHandler
                0x0000de24        0xc Startup/startup_mk60d10.o
                0x0000de24                DMA10_IRQHandler
 .text.DMA11_IRQHandler
                0x0000de30        0xc Startup/startup_mk60d10.o
                0x0000de30                DMA11_IRQHandler
 .text.DMA12_IRQHandler
                0x0000de3c        0xc Startup/startup_mk60d10.o
                0x0000de3c                DMA12_IRQHandler
 .text.DMA13_IRQHandler
                0x0000de48        0xc Startup/startup_mk60d10.o
                0x0000de48                DMA13_IRQHandler
 .text.DMA14_IRQHandler
                0x0000de54        0xc Startup/startup_mk60d10.o
                0x0000de54                DMA14_IRQHandler
 .text.DMA15_IRQHandler
                0x0000de60        0xc Startup/startup_mk60d10.o
                0x0000de60                DMA15_IRQHandler
 .text.DMA_Error_IRQHandler
                0x0000de6c        0xc Startup/startup_mk60d10.o
                0x0000de6c                DMA_Error_IRQHandler
 .text.MCM_IRQHandler
                0x0000de78        0xc Startup/startup_mk60d10.o
                0x0000de78                MCM_IRQHandler
 .text.FTFL_IRQHandler
                0x0000de84        0xc Startup/startup_mk60d10.o
                0x0000de84                FTFL_IRQHandler
 .text.Read_Collision_IRQHandler
                0x0000de90        0xc Startup/startup_mk60d10.o
                0x0000de90                Read_Collision_IRQHandler
 .text.LVD_LVW_IRQHandler
                0x0000de9c        0xc Startup/startup_mk60d10.o
                0x0000de9c                LVD_LVW_IRQHandler
 .text.LLWU_IRQHandler
                0x0000dea8        0xc Startup/startup_mk60d10.o
                0x0000dea8                LLWU_IRQHandler
 .text.WDOG_EWM_IRQHandler
                0x0000deb4        0xc Startup/startup_mk60d10.o
                0x0000deb4                WDOG_EWM_IRQHandler
 .text.RNG_IRQHandler
                0x0000dec0        0xc Startup/startup_mk60d10.o
                0x0000dec0                RNG_IRQHandler
 .text.I2C0_IRQHandler
                0x0000decc        0xc Startup/startup_mk60d10.o
                0x0000decc                I2C0_IRQHandler
 .text.I2C1_IRQHandler
                0x0000ded8        0xc Startup/startup_mk60d10.o
                0x0000ded8                I2C1_IRQHandler
 .text.SPI0_IRQHandler
                0x0000dee4        0xc Startup/startup_mk60d10.o
                0x0000dee4                SPI0_IRQHandler
 .text.SPI1_IRQHandler
                0x0000def0        0xc Startup/startup_mk60d10.o
                0x0000def0                SPI1_IRQHandler
 .text.SPI2_IRQHandler
                0x0000defc        0xc Startup/startup_mk60d10.o
                0x0000defc                SPI2_IRQHandler
 .text.CAN0_ORed_Message_buffer_IRQHandler
                0x0000df08        0xc Startup/startup_mk60d10.o
                0x0000df08                CAN0_ORed_Message_buffer_IRQHandler
 .text.CAN0_Bus_Off_IRQHandler
                0x0000df14        0xc Startup/startup_mk60d10.o
                0x0000df14                CAN0_Bus_Off_IRQHandler
 .text.CAN0_Error_IRQHandler
                0x0000df20        0xc Startup/startup_mk60d10.o
                0x0000df20                CAN0_Error_IRQHandler
 .text.CAN0_Tx_Warning_IRQHandler
                0x0000df2c        0xc Startup/startup_mk60d10.o
                0x0000df2c                CAN0_Tx_Warning_IRQHandler
 .text.CAN0_Rx_Warning_IRQHandler
                0x0000df38        0xc Startup/startup_mk60d10.o
                0x0000df38                CAN0_Rx_Warning_IRQHandler
 .text.CAN0_Wake_Up_IRQHandler
                0x0000df44        0xc Startup/startup_mk60d10.o
                0x0000df44                CAN0_Wake_Up_IRQHandler
 .text.I2S0_Tx_IRQHandler
                0x0000df50        0xc Startup/startup_mk60d10.o
                0x0000df50                I2S0_Tx_IRQHandler
 .text.I2S0_Rx_IRQHandler
                0x0000df5c        0xc Startup/startup_mk60d10.o
                0x0000df5c                I2S0_Rx_IRQHandler
 .text.CAN1_ORed_Message_buffer_IRQHandler
                0x0000df68        0xc Startup/startup_mk60d10.o
                0x0000df68                CAN1_ORed_Message_buffer_IRQHandler
 .text.CAN1_Bus_Off_IRQHandler
                0x0000df74        0xc Startup/startup_mk60d10.o
                0x0000df74                CAN1_Bus_Off_IRQHandler
 .text.CAN1_Error_IRQHandler
                0x0000df80        0xc Startup/startup_mk60d10.o
                0x0000df80                CAN1_Error_IRQHandler
 .text.CAN1_Tx_Warning_IRQHandler
                0x0000df8c        0xc Startup/startup_mk60d10.o
                0x0000df8c                CAN1_Tx_Warning_IRQHandler
 .text.CAN1_Rx_Warning_IRQHandler
                0x0000df98        0xc Startup/startup_mk60d10.o
                0x0000df98                CAN1_Rx_Warning_IRQHandler
 .text.CAN1_Wake_Up_IRQHandler
                0x0000dfa4        0xc Startup/startup_mk60d10.o
                0x0000dfa4                CAN1_Wake_Up_IRQHandler
 .text.Reserved59_IRQHandler
                0x0000dfb0        0xc Startup/startup_mk60d10.o
                0x0000dfb0                Reserved59_IRQHandler
 .text.UART0_LON_IRQHandler
                0x0000dfbc        0xc Startup/startup_mk60d10.o
                0x0000dfbc                UART0_LON_IRQHandler
 .text.UART0_ERR_IRQHandler
                0x0000dfc8        0xc Startup/startup_mk60d10.o
                0x0000dfc8                UART0_ERR_IRQHandler
 .text.UART1_RX_TX_IRQHandler
                0x0000dfd4        0xc Startup/startup_mk60d10.o
                0x0000dfd4                UART1_RX_TX_IRQHandler
 .text.UART1_ERR_IRQHandler
                0x0000dfe0        0xc Startup/startup_mk60d10.o
                0x0000dfe0                UART1_ERR_IRQHandler
 .text.UART2_RX_TX_IRQHandler
                0x0000dfec        0xc Startup/startup_mk60d10.o
                0x0000dfec                UART2_RX_TX_IRQHandler
 .text.UART2_ERR_IRQHandler
                0x0000dff8        0xc Startup/startup_mk60d10.o
                0x0000dff8                UART2_ERR_IRQHandler
 .text.UART3_RX_TX_IRQHandler
                0x0000e004        0xc Startup/startup_mk60d10.o
                0x0000e004                UART3_RX_TX_IRQHandler
 .text.UART3_ERR_IRQHandler
                0x0000e010        0xc Startup/startup_mk60d10.o
                0x0000e010                UART3_ERR_IRQHandler
 .text.UART4_RX_TX_IRQHandler
                0x0000e01c        0xc Startup/startup_mk60d10.o
                0x0000e01c                UART4_RX_TX_IRQHandler
 .text.UART4_ERR_IRQHandler
                0x0000e028        0xc Startup/startup_mk60d10.o
                0x0000e028                UART4_ERR_IRQHandler
 .text.UART5_RX_TX_IRQHandler
                0x0000e034        0xc Startup/startup_mk60d10.o
                0x0000e034                UART5_RX_TX_IRQHandler
 .text.UART5_ERR_IRQHandler
                0x0000e040        0xc Startup/startup_mk60d10.o
                0x0000e040                UART5_ERR_IRQHandler
 .text.ADC0_IRQHandler
                0x0000e04c        0xc Startup/startup_mk60d10.o
                0x0000e04c                ADC0_IRQHandler
 .text.ADC1_IRQHandler
                0x0000e058        0xc Startup/startup_mk60d10.o
                0x0000e058                ADC1_IRQHandler
 .text.CMP0_IRQHandler
                0x0000e064        0xc Startup/startup_mk60d10.o
                0x0000e064                CMP0_IRQHandler
 .text.CMP1_IRQHandler
                0x0000e070        0xc Startup/startup_mk60d10.o
                0x0000e070                CMP1_IRQHandler
 .text.CMP2_IRQHandler
                0x0000e07c        0xc Startup/startup_mk60d10.o
                0x0000e07c                CMP2_IRQHandler
 .text.FTM0_IRQHandler
                0x0000e088        0xc Startup/startup_mk60d10.o
                0x0000e088                FTM0_IRQHandler
 .text.FTM1_IRQHandler
                0x0000e094        0xc Startup/startup_mk60d10.o
                0x0000e094                FTM1_IRQHandler
 .text.FTM2_IRQHandler
                0x0000e0a0        0xc Startup/startup_mk60d10.o
                0x0000e0a0                FTM2_IRQHandler
 .text.CMT_IRQHandler
                0x0000e0ac        0xc Startup/startup_mk60d10.o
                0x0000e0ac                CMT_IRQHandler
 .text.RTC_IRQHandler
                0x0000e0b8        0xc Startup/startup_mk60d10.o
                0x0000e0b8                RTC_IRQHandler
 .text.RTC_Seconds_IRQHandler
                0x0000e0c4        0xc Startup/startup_mk60d10.o
                0x0000e0c4                RTC_Seconds_IRQHandler
 .text.PIT1_IRQHandler
                0x0000e0d0        0xc Startup/startup_mk60d10.o
                0x0000e0d0                PIT1_IRQHandler
 .text.PIT2_IRQHandler
                0x0000e0dc        0xc Startup/startup_mk60d10.o
                0x0000e0dc                PIT2_IRQHandler
 .text.PIT3_IRQHandler
                0x0000e0e8        0xc Startup/startup_mk60d10.o
                0x0000e0e8                PIT3_IRQHandler
 .text.PDB0_IRQHandler
                0x0000e0f4        0xc Startup/startup_mk60d10.o
                0x0000e0f4                PDB0_IRQHandler
 .text.USB0_IRQHandler
                0x0000e100        0xc Startup/startup_mk60d10.o
                0x0000e100                USB0_IRQHandler
 .text.USBDCD_IRQHandler
                0x0000e10c        0xc Startup/startup_mk60d10.o
                0x0000e10c                USBDCD_IRQHandler
 .text.ENET_1588_Timer_IRQHandler
                0x0000e118        0xc Startup/startup_mk60d10.o
                0x0000e118                ENET_1588_Timer_IRQHandler
 .text.ENET_Transmit_IRQHandler
                0x0000e124        0xc Startup/startup_mk60d10.o
                0x0000e124                ENET_Transmit_IRQHandler
 .text.ENET_Receive_IRQHandler
                0x0000e130        0xc Startup/startup_mk60d10.o
                0x0000e130                ENET_Receive_IRQHandler
 .text.ENET_Error_IRQHandler
                0x0000e13c        0xc Startup/startup_mk60d10.o
                0x0000e13c                ENET_Error_IRQHandler
 .text.Reserved95_IRQHandler
                0x0000e148        0xc Startup/startup_mk60d10.o
                0x0000e148                Reserved95_IRQHandler
 .text.SDHC_IRQHandler
                0x0000e154        0xc Startup/startup_mk60d10.o
                0x0000e154                SDHC_IRQHandler
 .text.DAC0_IRQHandler
                0x0000e160        0xc Startup/startup_mk60d10.o
                0x0000e160                DAC0_IRQHandler
 .text.DAC1_IRQHandler
                0x0000e16c        0xc Startup/startup_mk60d10.o
                0x0000e16c                DAC1_IRQHandler
 .text.TSI0_IRQHandler
                0x0000e178        0xc Startup/startup_mk60d10.o
                0x0000e178                TSI0_IRQHandler
 .text.MCG_IRQHandler
                0x0000e184        0xc Startup/startup_mk60d10.o
                0x0000e184                MCG_IRQHandler
 .text.LPTMR0_IRQHandler
                0x0000e190        0xc Startup/startup_mk60d10.o
                0x0000e190                LPTMR0_IRQHandler
 .text.Reserved102_IRQHandler
                0x0000e19c        0xc Startup/startup_mk60d10.o
                0x0000e19c                Reserved102_IRQHandler
 .text.Reserved108_IRQHandler
                0x0000e1a8        0xc Startup/startup_mk60d10.o
                0x0000e1a8                Reserved108_IRQHandler
 .text.Reserved109_IRQHandler
                0x0000e1b4        0xc Startup/startup_mk60d10.o
                0x0000e1b4                Reserved109_IRQHandler
 .text.SWI_IRQHandler
                0x0000e1c0        0xc Startup/startup_mk60d10.o
                0x0000e1c0                SWI_IRQHandler
 *fill*         0x0000e1cc        0x4 
 .text._ZN8FEHMotorC2ENS_12FEHMotorPortEf
                0x0000e1d0       0x7c Libraries/FEHMotor.o
                0x0000e1d0                FEHMotor::FEHMotor(FEHMotor::FEHMotorPort, float)
                0x0000e1d0                FEHMotor::FEHMotor(FEHMotor::FEHMotorPort, float)
 .text._ZN8FEHMotor8SetPowerEi
                0x0000e24c       0x54 Libraries/FEHMotor.o
                0x0000e24c                FEHMotor::SetPower(int)
 .text._ZN8FEHMotor10SetPercentEf
                0x0000e2a0       0xf8 Libraries/FEHMotor.o
                0x0000e2a0                FEHMotor::SetPercent(float)
 .text._Z21IIC_StartTransmissionhh
                0x0000e398       0x6c Drivers/i2c.o
                0x0000e398                IIC_StartTransmission(unsigned char, unsigned char)
 .text._Z5Pausev
                0x0000e404       0x24 Drivers/i2c.o
                0x0000e404                Pause()
 .text._Z21MMA8451QWriteRegisterhh
                0x0000e428       0x68 Drivers/i2c.o
                0x0000e428                MMA8451QWriteRegister(unsigned char, unsigned char)
 .text._Z8i2c_Waitv
                0x0000e490       0x6c Drivers/i2c.o
                0x0000e490                i2c_Wait()
 .text._Z12SPI_SendCharh
                0x0000e4fc       0x1a Drivers/spi.o
                0x0000e4fc                SPI_SendChar(unsigned char)
 .text._Z16SPI_WriteCommandhh
                0x0000e516       0x34 Drivers/spi.o
                0x0000e516                SPI_WriteCommand(unsigned char, unsigned char)
 .text._Z11SPI_GetCharv
                0x0000e54a       0x10 Drivers/spi.o
                0x0000e54a                SPI_GetChar()
 .text._Z15SPI_ReadCommandh
                0x0000e55a       0x38 Drivers/spi.o
                0x0000e55a                SPI_ReadCommand(unsigned char)
 *fill*         0x0000e592        0x2 
 .text._Z13SPI_CS_Assertv
                0x0000e594       0x1c Drivers/spi.o
                0x0000e594                SPI_CS_Assert()
 .text._Z15SPI_CS_Deassertv
                0x0000e5b0       0x1c Drivers/spi.o
                0x0000e5b0                SPI_CS_Deassert()
 .text._Z12SPI_Transferh
                0x0000e5cc       0x6c Drivers/spi.o
                0x0000e5cc                SPI_Transfer(unsigned char)
 .text._Z8SPI_Initv
                0x0000e638       0xa0 Drivers/spi.o
                0x0000e638                SPI_Init()
 .text._Z9uart_initPV11UART_MemMapii
                0x0000e6d8      0x174 Drivers/uart.o
                0x0000e6d8                uart_init(UART_MemMap volatile*, int, int)
 .text._Z12uart_getcharPV11UART_MemMap
                0x0000e84c       0x32 Drivers/uart.o
                0x0000e84c                uart_getchar(UART_MemMap volatile*)
 .text._Z12uart_putcharPV11UART_MemMapc
                0x0000e87e       0x32 Drivers/uart.o
                0x0000e87e                uart_putchar(UART_MemMap volatile*, char)
 .text._ZL7mem_cpyPvPKvj
                0x0000e8b0       0x44 Drivers/ff.o
 .text._ZL7mem_setPvij
                0x0000e8f4       0x3c Drivers/ff.o
 .text._ZL7mem_cmpPKvS0_j
                0x0000e930       0x56 Drivers/ff.o
 .text._ZL7chk_chrPKci
                0x0000e986       0x34 Drivers/ff.o
 .text._ZL11move_windowP5FATFSm
                0x0000e9ba       0xc8 Drivers/ff.o
 .text._ZL4syncP5FATFS
                0x0000ea82      0x14c Drivers/ff.o
 .text._Z10clust2sectP5FATFSm
                0x0000ebce       0x3c Drivers/ff.o
                0x0000ebce                clust2sect(FATFS*, unsigned long)
 .text._Z7get_fatP5FATFSm
                0x0000ec0a      0x192 Drivers/ff.o
                0x0000ec0a                get_fat(FATFS*, unsigned long)
 .text._Z7put_fatP5FATFSmm
                0x0000ed9c      0x20a Drivers/ff.o
                0x0000ed9c                put_fat(FATFS*, unsigned long, unsigned long)
 .text._ZL12remove_chainP5FATFSm
                0x0000efa6       0x9c Drivers/ff.o
 .text._ZL12create_chainP5FATFSm
                0x0000f042      0x112 Drivers/ff.o
 .text._ZL10clmt_clustP3FILm
                0x0000f154       0x62 Drivers/ff.o
 .text._ZL7dir_sdiP3DIRt
                0x0000f1b6      0x100 Drivers/ff.o
 .text._ZL8dir_nextP3DIRi
                0x0000f2b6      0x1b6 Drivers/ff.o
 .text._ZL8dir_findP3DIR
                0x0000f46c       0xa0 Drivers/ff.o
 .text._ZL12dir_registerP3DIR
                0x0000f50c       0xae Drivers/ff.o
 *fill*         0x0000f5ba        0x2 
 .text._ZL11create_nameP3DIRPPKc
                0x0000f5bc      0x1f4 Drivers/ff.o
 .text._ZL11follow_pathP3DIRPKc
                0x0000f7b0      0x12c Drivers/ff.o
 .text._ZL8check_fsP5FATFSm
                0x0000f8dc       0xd8 Drivers/ff.o
 .text._ZL11chk_mountedPPKcPP5FATFSh
                0x0000f9b4      0x534 Drivers/ff.o
 .text._ZL8validateP5FATFSt
                0x0000fee8       0x54 Drivers/ff.o
 .text._Z7f_mounthP5FATFS
                0x0000ff3c       0x54 Drivers/ff.o
                0x0000ff3c                f_mount(unsigned char, FATFS*)
 .text._Z6f_openP3FILPKch
                0x0000ff90      0x2de Drivers/ff.o
                0x0000ff90                f_open(FIL*, char const*, unsigned char)
 .text._Z7f_writeP3FILPKvjPj
                0x0001026e      0x33c Drivers/ff.o
                0x0001026e                f_write(FIL*, void const*, unsigned int, unsigned int*)
 .text._Z6f_syncP3FIL
                0x000105aa      0x186 Drivers/ff.o
                0x000105aa                f_sync(FIL*)
 .text._Z7f_closeP3FIL
                0x00010730       0x28 Drivers/ff.o
                0x00010730                f_close(FIL*)
 .text._Z6f_putccP3FIL
                0x00010758       0x3c Drivers/ff.o
                0x00010758                f_putc(char, FIL*)
 .text._Z6f_putsPKcP3FIL
                0x00010794       0x52 Drivers/ff.o
                0x00010794                f_puts(char const*, FIL*)
 .text._Z5powerii
                0x000107e6       0x3c Drivers/ff.o
                0x000107e6                power(int, int)
 *fill*         0x00010822        0x2 
 .text._Z8f_printfP3FILPKcSt9__va_list
                0x00010824      0x620 Drivers/ff.o
                0x00010824                f_printf(FIL*, char const*, std::__va_list)
 .text._ZL17SDHC_set_baudratemm
                0x00010e44       0xe8 Drivers/SDHC.o
 .text._Z9SDHC_initP17esdhc_info_structPK17esdhc_init_struct
                0x00010f2c      0x130 Drivers/SDHC.o
                0x00010f2c                SDHC_init(esdhc_info_struct*, esdhc_init_struct const*)
 .text._ZL15SDHC_is_runningv
                0x0001105c       0x24 Drivers/SDHC.o
 .text._ZL16SDHC_status_waitm
                0x00011080       0x2c Drivers/SDHC.o
 .text._ZL17SDHC_send_commandP20esdhc_command_struct
                0x000110ac      0x1f8 Drivers/SDHC.o
 .text._Z10SDHC_ioctlmPv
                0x000112a4      0x6f0 Drivers/SDHC.o
                0x000112a4                SDHC_ioctl(unsigned long, void*)
 .text._Z15disk_initializeh
                0x00011994      0x384 Drivers/SDHC.o
                0x00011994                disk_initialize(unsigned char)
 .text._ZL14rcvr_datablockPhm
                0x00011d18       0xf0 Drivers/SDHC.o
 .text._Z9disk_readhPhmh
                0x00011e08      0x124 Drivers/SDHC.o
                0x00011e08                disk_read(unsigned char, unsigned char*, unsigned long, unsigned char)
 .text._ZL14xmit_datablockPKhm
                0x00011f2c       0xa4 Drivers/SDHC.o
 .text._Z10disk_writehPKhmh
                0x00011fd0      0x198 Drivers/SDHC.o
                0x00011fd0                disk_write(unsigned char, unsigned char const*, unsigned long, unsigned char)
 .text._Z10disk_ioctlhhPv
                0x00012168      0x104 Drivers/SDHC.o
                0x00012168                disk_ioctl(unsigned char, unsigned char, void*)
 .text._Z11disk_statush
                0x0001226c       0x28 Drivers/SDHC.o
                0x0001226c                disk_status(unsigned char)
 .text._Z13time_delay_msm
                0x00012294       0x6c Drivers/lptmr.o
                0x00012294                time_delay_ms(unsigned long)
 .text._Z41__static_initialization_and_destruction_0ii
                0x00012300       0x2c FEHProteus.o
 .text._GLOBAL__sub_I_Propeller
                0x0001232c       0x10 FEHProteus.o
 .text._ZN12FEHPropellerC2Ev
                0x0001233c       0x1a Drivers/FEHPropeller.o
                0x0001233c                FEHPropeller::FEHPropeller()
                0x0001233c                FEHPropeller::FEHPropeller()
 *fill*         0x00012356        0x2 
 .text._ZN12FEHPropeller10InitializeEv
                0x00012358       0x74 Drivers/FEHPropeller.o
                0x00012358                FEHPropeller::Initialize()
 .text._ZN12FEHPropeller12SetMotorRateEhhh
                0x000123cc       0x5c Drivers/FEHPropeller.o
                0x000123cc                FEHPropeller::SetMotorRate(unsigned char, unsigned char, unsigned char)
 .text._ZL5Delaymjj
                0x00012428       0x94 Libraries/FEHUtility.o
 .text._Z5Sleepi
                0x000124bc       0x2c Libraries/FEHUtility.o
                0x000124bc                Sleep(int)
 .text._Z5Sleepf
                0x000124e8       0x40 Libraries/FEHUtility.o
                0x000124e8                Sleep(float)
 .text._Z5Sleepd
                0x00012528       0x4c Libraries/FEHUtility.o
                0x00012528                Sleep(double)
 .text._Z11TimeNowMSecv
                0x00012574       0x38 Libraries/FEHUtility.o
                0x00012574                TimeNowMSec()
 .text._Z16PORTB_IRQHandlerv
                0x000125ac       0x9c Libraries/FEHIO.o
                0x000125ac                PORTB_IRQHandler()
 .text._Z16PORTC_IRQHandlerv
                0x00012648       0x9c Libraries/FEHIO.o
                0x00012648                PORTC_IRQHandler()
 .text._Z16PORTA_IRQHandlerv
                0x000126e4       0xa0 Libraries/FEHIO.o
                0x000126e4                PORTA_IRQHandler()
 .text._Z16PORTE_IRQHandlerv
                0x00012784       0x98 Libraries/FEHIO.o
                0x00012784                PORTE_IRQHandler()
 .text._ZN14AnalogInputPinC2EN5FEHIO8FEHIOPinE
                0x0001281c       0x1e Libraries/FEHIO.o
                0x0001281c                AnalogInputPin::AnalogInputPin(FEHIO::FEHIOPin)
                0x0001281c                AnalogInputPin::AnalogInputPin(FEHIO::FEHIOPin)
 *fill*         0x0001283a        0x6 
 .text._ZN14AnalogInputPin5ValueEv
                0x00012840      0x120 Libraries/FEHIO.o
                0x00012840                AnalogInputPin::Value()
 .text._ZN13AnalogEncoder12EncoderValueEv
                0x00012960       0xb0 Libraries/FEHIO.o
                0x00012960                AnalogEncoder::EncoderValue()
 .text._ZN14AnalogInputPin8InitADCsEv
                0x00012a10       0x98 Libraries/FEHIO.o
                0x00012a10                AnalogInputPin::InitADCs()
 .text._Z15PIT0_IRQHandlerv
                0x00012aa8       0x28 Libraries/FEHIO.o
                0x00012aa8                PIT0_IRQHandler()
 .text._ZN13AnalogEncoder4InitEv
                0x00012ad0       0x44 Libraries/FEHIO.o
                0x00012ad0                AnalogEncoder::Init()
 .text._ZN13AnalogEncoder14SetCounterInitEj
                0x00012b14       0x20 Libraries/FEHIO.o
                0x00012b14                AnalogEncoder::SetCounterInit(unsigned int)
 .text._ZN13AnalogEncoder10ProcessIntEv
                0x00012b34       0x68 Libraries/FEHIO.o
                0x00012b34                AnalogEncoder::ProcessInt()
 .text._ZN13AnalogEncoder14ProcessIntSelfEv
                0x00012b9c       0x6e Libraries/FEHIO.o
                0x00012b9c                AnalogEncoder::ProcessIntSelf()
 .text._Z7ADC_CalPV10ADC_MemMap
                0x00012c0a      0x13e Drivers/adc16.o
                0x00012c0a                ADC_Cal(ADC_MemMap volatile*)
 .text._Z14ADC_Config_AltPV10ADC_MemMapP7adc_cfg
                0x00012d48       0x6c Drivers/adc16.o
                0x00012d48                ADC_Config_Alt(ADC_MemMap volatile*, adc_cfg*)
 .text._ZN9FEHBuzzerC2Ev
                0x00012db4       0x14 Libraries/FEHBuzzer.o
                0x00012db4                FEHBuzzer::FEHBuzzer()
                0x00012db4                FEHBuzzer::FEHBuzzer()
 .text._Z41__static_initialization_and_destruction_0ii
                0x00012dc8       0x2c Libraries/FEHBuzzer.o
 .text._GLOBAL__sub_I_Buzzer
                0x00012df4       0x10 Libraries/FEHBuzzer.o
 .text._ZN8FEHServoC2ENS_12FEHServoPortE
                0x00012e04       0x38 Libraries/FEHServo.o
                0x00012e04                FEHServo::FEHServo(FEHServo::FEHServoPort)
                0x00012e04                FEHServo::FEHServo(FEHServo::FEHServoPort)
 .text._ZN8FEHServo6SetMinEi
                0x00012e3c       0x3a Libraries/FEHServo.o
                0x00012e3c                FEHServo::SetMin(int)
 .text._ZN8FEHServo6SetMaxEi
                0x00012e76       0x3a Libraries/FEHServo.o
                0x00012e76                FEHServo::SetMax(int)
 .text._ZN8FEHServo9SetDegreeEf
                0x00012eb0       0xf8 Libraries/FEHServo.o
                0x00012eb0                FEHServo::SetDegree(float)
 .text._ZN6FEHLCD11_InitializeEv
                0x00012fa8      0x410 Libraries/FEHLCD.o
                0x00012fa8                FEHLCD::_Initialize()
 .text._ZN6FEHLCDC2Ev
                0x000133b8       0x50 Libraries/FEHLCD.o
                0x000133b8                FEHLCD::FEHLCD()
                0x000133b8                FEHLCD::FEHLCD()
 .text._ZN6FEHLCD10InitializeEv
                0x00013408       0x28 Libraries/FEHLCD.o
                0x00013408                FEHLCD::Initialize()
 .text._ZN6FEHLCD10PrintImageEii
                0x00013430       0xbc Libraries/FEHLCD.o
                0x00013430                FEHLCD::PrintImage(int, int)
 .text._ZN6FEHLCD9PrintLogoEii
                0x000134ec       0xbc Libraries/FEHLCD.o
                0x000134ec                FEHLCD::PrintLogo(int, int)
 .text._ZN6FEHLCD22ConvertFEHColorTo24BitENS_11FEHLCDColorE
                0x000135a8       0x78 Libraries/FEHLCD.o
                0x000135a8                FEHLCD::ConvertFEHColorTo24Bit(FEHLCD::FEHLCDColor)
 .text._ZN6FEHLCD24Convert24BitColorTo16BitEj
                0x00013620       0x30 Libraries/FEHLCD.o
                0x00013620                FEHLCD::Convert24BitColorTo16Bit(unsigned int)
 .text._ZN6FEHLCD22ConvertRGBColorTo16BitEhhh
                0x00013650       0x4a Libraries/FEHLCD.o
                0x00013650                FEHLCD::ConvertRGBColorTo16Bit(unsigned char, unsigned char, unsigned char)
 .text._ZN6FEHLCD5ClearENS_11FEHLCDColorE
                0x0001369a       0x28 Libraries/FEHLCD.o
                0x0001369a                FEHLCD::Clear(FEHLCD::FEHLCDColor)
 .text._ZN6FEHLCD5ClearEj
                0x000136c2       0x2c Libraries/FEHLCD.o
                0x000136c2                FEHLCD::Clear(unsigned int)
 .text._ZN6FEHLCD5ClearEv
                0x000136ee       0x16 Libraries/FEHLCD.o
                0x000136ee                FEHLCD::Clear()
 .text._ZN6FEHLCD18SetBackgroundColorENS_11FEHLCDColorE
                0x00013704       0x28 Libraries/FEHLCD.o
                0x00013704                FEHLCD::SetBackgroundColor(FEHLCD::FEHLCDColor)
 .text._ZN6FEHLCD18SetBackgroundColorEj
                0x0001372c       0x26 Libraries/FEHLCD.o
                0x0001372c                FEHLCD::SetBackgroundColor(unsigned int)
 .text._ZN6FEHLCD12SetFontColorENS_11FEHLCDColorE
                0x00013752       0x28 Libraries/FEHLCD.o
                0x00013752                FEHLCD::SetFontColor(FEHLCD::FEHLCDColor)
 .text._ZN6FEHLCD12SetFontColorEj
                0x0001377a       0x26 Libraries/FEHLCD.o
                0x0001377a                FEHLCD::SetFontColor(unsigned int)
 .text._ZN6FEHLCD7WriteAtEPKcii
                0x000137a0       0x46 Libraries/FEHLCD.o
                0x000137a0                FEHLCD::WriteAt(char const*, int, int)
 *fill*         0x000137e6        0x2 
 .text._ZN6FEHLCD7WriteAtEfii
                0x000137e8       0xb8 Libraries/FEHLCD.o
                0x000137e8                FEHLCD::WriteAt(float, int, int)
 .text._ZN6FEHLCD11TS_SPI_InitEv
                0x000138a0       0x7c Libraries/FEHLCD.o
                0x000138a0                FEHLCD::TS_SPI_Init()
 *fill*         0x0001391c        0x4 
 .text._ZN6FEHLCD5TouchEPfS0_
                0x00013920      0x1fc Libraries/FEHLCD.o
                0x00013920                FEHLCD::Touch(float*, float*)
 .text._ZN6FEHLCD3absEi
                0x00013b1c       0x22 Libraries/FEHLCD.o
                0x00013b1c                FEHLCD::abs(int)
 .text._ZN6FEHLCD7WriteRCEPKcii
                0x00013b3e       0x38 Libraries/FEHLCD.o
                0x00013b3e                FEHLCD::WriteRC(char const*, int, int)
 .text._ZN6FEHLCD7WriteRCEfii
                0x00013b76       0x38 Libraries/FEHLCD.o
                0x00013b76                FEHLCD::WriteRC(float, int, int)
 .text._ZN6FEHLCD5WriteEPKc
                0x00013bae       0x4e Libraries/FEHLCD.o
                0x00013bae                FEHLCD::Write(char const*)
 .text._ZN6FEHLCD5WriteEi
                0x00013bfc       0x30 Libraries/FEHLCD.o
                0x00013bfc                FEHLCD::Write(int)
 .text._ZN6FEHLCD5WriteEc
                0x00013c2c       0x30 Libraries/FEHLCD.o
                0x00013c2c                FEHLCD::Write(char)
 .text._ZN6FEHLCD9WriteLineEPKc
                0x00013c5c       0x26 Libraries/FEHLCD.o
                0x00013c5c                FEHLCD::WriteLine(char const*)
 .text._ZN6FEHLCD9WriteLineEc
                0x00013c82       0x2a Libraries/FEHLCD.o
                0x00013c82                FEHLCD::WriteLine(char)
 .text._ZN6FEHLCD10WriteIndexEh
                0x00013cac      0x14c Libraries/FEHLCD.o
                0x00013cac                FEHLCD::WriteIndex(unsigned char)
 .text._ZN6FEHLCD14WriteParameterEh
                0x00013df8      0x130 Libraries/FEHLCD.o
                0x00013df8                FEHLCD::WriteParameter(unsigned char)
 .text._ZN6FEHLCD11ClearBufferEv
                0x00013f28       0x44 Libraries/FEHLCD.o
                0x00013f28                FEHLCD::ClearBuffer()
 .text._ZN6FEHLCD6_ClearEv
                0x00013f6c      0x15c Libraries/FEHLCD.o
                0x00013f6c                FEHLCD::_Clear()
 .text._ZN6FEHLCD8NextLineEv
                0x000140c8       0x2a Libraries/FEHLCD.o
                0x000140c8                FEHLCD::NextLine()
 .text._ZN6FEHLCD9CheckLineEv
                0x000140f2       0x28 Libraries/FEHLCD.o
                0x000140f2                FEHLCD::CheckLine()
 .text._ZN6FEHLCD8NextCharEv
                0x0001411a       0x32 Libraries/FEHLCD.o
                0x0001411a                FEHLCD::NextChar()
 .text._ZN6FEHLCD9DrawPixelEii
                0x0001414c       0x2a Libraries/FEHLCD.o
                0x0001414c                FEHLCD::DrawPixel(int, int)
 .text._Z4SwapRiS_
                0x00014176       0x28 Libraries/FEHLCD.o
                0x00014176                Swap(int&, int&)
 .text._ZN6FEHLCD13DrawRectangleEiiii
                0x0001419e       0x7c Libraries/FEHLCD.o
                0x0001419e                FEHLCD::DrawRectangle(int, int, int, int)
 .text._ZN6FEHLCD13SetDrawRegionEiiii
                0x0001421a       0xfe Libraries/FEHLCD.o
                0x0001421a                FEHLCD::SetDrawRegion(int, int, int, int)
 .text._ZN6FEHLCD8DrawLineEiiii
                0x00014318      0x14c Libraries/FEHLCD.o
                0x00014318                FEHLCD::DrawLine(int, int, int, int)
 .text._ZN6FEHLCD9WriteCharEiic
                0x00014464       0x34 Libraries/FEHLCD.o
                0x00014464                FEHLCD::WriteChar(int, int, char)
 .text._ZN6FEHLCD11WriteCharAtEiic
                0x00014498      0x214 Libraries/FEHLCD.o
                0x00014498                FEHLCD::WriteCharAt(int, int, char)
 .text._ZN6FEHLCD11RepeatColorEv
                0x000146ac       0x70 Libraries/FEHLCD.o
                0x000146ac                FEHLCD::RepeatColor()
 .text._ZN6FEHLCD10_ForePixelEv
                0x0001471c       0xc4 Libraries/FEHLCD.o
                0x0001471c                FEHLCD::_ForePixel()
 .text._ZN6FEHLCD10_BackPixelEv
                0x000147e0       0xc4 Libraries/FEHLCD.o
                0x000147e0                FEHLCD::_BackPixel()
 .text._ZN6FEHLCD22SetRegisterColorValuesEv
                0x000148a4      0x336 Libraries/FEHLCD.o
                0x000148a4                FEHLCD::SetRegisterColorValues()
 .text._ZN7FEHIcon4IconC2Ev
                0x00014bda       0x14 Libraries/FEHLCD.o
                0x00014bda                FEHIcon::Icon::Icon()
                0x00014bda                FEHIcon::Icon::Icon()
 .text._ZN7FEHIcon4Icon13SetPropertiesEPciiiijj
                0x00014bee       0x6a Libraries/FEHLCD.o
                0x00014bee                FEHIcon::Icon::SetProperties(char*, int, int, int, int, unsigned int, unsigned int)
 .text._ZN7FEHIcon4Icon4DrawEv
                0x00014c58       0x90 Libraries/FEHLCD.o
                0x00014c58                FEHIcon::Icon::Draw()
 .text._ZN7FEHIcon4Icon6SelectEv
                0x00014ce8       0x90 Libraries/FEHLCD.o
                0x00014ce8                FEHIcon::Icon::Select()
 .text._ZN7FEHIcon4Icon8DeselectEv
                0x00014d78       0x8c Libraries/FEHLCD.o
                0x00014d78                FEHIcon::Icon::Deselect()
 .text._ZN7FEHIcon4Icon7PressedEffi
                0x00014e04      0x13c Libraries/FEHLCD.o
                0x00014e04                FEHIcon::Icon::Pressed(float, float, int)
 .text._ZN7FEHIcon4Icon12WhilePressedEff
                0x00014f40       0x50 Libraries/FEHLCD.o
                0x00014f40                FEHIcon::Icon::WhilePressed(float, float)
 .text._ZN7FEHIcon13DrawIconArrayEPNS_4IconEiiiiiiPA20_cjj
                0x00014f90      0x168 Libraries/FEHLCD.o
                0x00014f90                FEHIcon::DrawIconArray(FEHIcon::Icon*, int, int, int, int, int, int, char (*) [20], unsigned int, unsigned int)
 .text._Z41__static_initialization_and_destruction_0ii
                0x000150f8       0x2c Libraries/FEHLCD.o
 .text._GLOBAL__sub_I_image
                0x00015124       0x10 Libraries/FEHLCD.o
 .text._ZN8FEHAccelC2Ev
                0x00015134       0x70 Libraries/FEHAccel.o
                0x00015134                FEHAccel::FEHAccel()
                0x00015134                FEHAccel::FEHAccel()
 .text._Z41__static_initialization_and_destruction_0ii
                0x000151a4       0x2c Libraries/FEHAccel.o
 .text._GLOBAL__sub_I_Accel
                0x000151d0       0x10 Libraries/FEHAccel.o
 .text._ZN10FEHBattery7VoltageEv
                0x000151e0       0x54 Libraries/FEHBattery.o
                0x000151e0                FEHBattery::Voltage()
 .text._ZN10FEHBatteryC2EN5FEHIO8FEHIOPinE
                0x00015234       0x22 Libraries/FEHBattery.o
                0x00015234                FEHBattery::FEHBattery(FEHIO::FEHIOPin)
                0x00015234                FEHBattery::FEHBattery(FEHIO::FEHIOPin)
 *fill*         0x00015256        0x2 
 .text._Z41__static_initialization_and_destruction_0ii
                0x00015258       0x30 Libraries/FEHBattery.o
 .text._GLOBAL__sub_I_Battery
                0x00015288       0x10 Libraries/FEHBattery.o
 .text._ZN7FEHXBeeC2Ev
                0x00015298       0x1a Drivers/FEHXBee.o
                0x00015298                FEHXBee::FEHXBee()
                0x00015298                FEHXBee::FEHXBee()
 *fill*         0x000152b2        0x2 
 .text._ZN7FEHXBee10InitializeEv
                0x000152b4       0xdc Drivers/FEHXBee.o
                0x000152b4                FEHXBee::Initialize()
 .text._ZN7FEHXBee13IsInitializedEv
                0x00015390       0x16 Drivers/FEHXBee.o
                0x00015390                FEHXBee::IsInitialized()
 *fill*         0x000153a6        0x2 
 .text._ZN7FEHXBee17ReceiveDataSearchEPcjh
                0x000153a8       0x8c Drivers/FEHXBee.o
                0x000153a8                FEHXBee::ReceiveDataSearch(char*, unsigned int, unsigned char)
 .text._ZN7FEHXBee8SendDataEPcj
                0x00015434       0x40 Drivers/FEHXBee.o
                0x00015434                FEHXBee::SendData(char*, unsigned int)
 .text._ZN7FEHXBee17SetPacketCallBackEPFvPhhE
                0x00015474       0x20 Drivers/FEHXBee.o
                0x00015474                FEHXBee::SetPacketCallBack(void (*)(unsigned char*, unsigned char))
 .text._Z22UART0_RX_TX_IRQHandlerv
                0x00015494       0xec Drivers/FEHXBee.o
                0x00015494                UART0_RX_TX_IRQHandler()
 .text._ZN6FEHRPSC2Ev
                0x00015580       0x74 Libraries/FEHRPS.o
                0x00015580                FEHRPS::FEHRPS()
                0x00015580                FEHRPS::FEHRPS()
 .text._ZN6FEHRPS10InitializeEi
                0x000155f4      0x664 Libraries/FEHRPS.o
                0x000155f4                FEHRPS::Initialize(int)
 .text._ZN6FEHRPS10InitializeEc
                0x00015c58       0x46 Libraries/FEHRPS.o
                0x00015c58                FEHRPS::Initialize(char)
 *fill*         0x00015c9e        0x2 
 .text._ZN6FEHRPS19InitializeTouchMenuEv
                0x00015ca0      0x41c Libraries/FEHRPS.o
                0x00015ca0                FEHRPS::InitializeTouchMenu()
 .text._ZN6FEHRPS19CurrentRegionLetterEv
                0x000160bc       0x1c Libraries/FEHRPS.o
                0x000160bc                FEHRPS::CurrentRegionLetter()
 .text._ZN6FEHRPS11GetIceCreamEv
                0x000160d8       0x1c Libraries/FEHRPS.o
                0x000160d8                FEHRPS::GetIceCream()
 .text._ZN6FEHRPS13WaitForPacketEv
                0x000160f4       0x58 Libraries/FEHRPS.o
                0x000160f4                FEHRPS::WaitForPacket()
 .text._ZN6FEHRPS1XEv
                0x0001614c       0x1c Libraries/FEHRPS.o
                0x0001614c                FEHRPS::X()
 .text._ZN6FEHRPS1YEv
                0x00016168       0x1c Libraries/FEHRPS.o
                0x00016168                FEHRPS::Y()
 .text._ZN6FEHRPS7HeadingEv
                0x00016184       0x1c Libraries/FEHRPS.o
                0x00016184                FEHRPS::Heading()
 .text._Z14RPSDataProcessPhh
                0x000161a0      0x148 Libraries/FEHRPS.o
                0x000161a0                RPSDataProcess(unsigned char*, unsigned char)
 .text._Z41__static_initialization_and_destruction_0ii
                0x000162e8       0x2c Libraries/FEHRPS.o
 .text._GLOBAL__sub_I_RPS
                0x00016314       0x10 Libraries/FEHRPS.o
 .text._ZN7FEHFileC2Ev
                0x00016324       0x2c Libraries/FEHSD.o
                0x00016324                FEHFile::FEHFile()
                0x00016324                FEHFile::FEHFile()
 .text._ZN5FEHSDC2Ev
                0x00016350       0x24 Libraries/FEHSD.o
                0x00016350                FEHSD::FEHSD()
                0x00016350                FEHSD::FEHSD()
 .text._ZN5FEHSD5FOpenEPKcS1_
                0x00016374      0x198 Libraries/FEHSD.o
                0x00016374                FEHSD::FOpen(char const*, char const*)
 .text._ZN5FEHSD6FCloseEP7FEHFile
                0x0001650c       0xb4 Libraries/FEHSD.o
                0x0001650c                FEHSD::FClose(FEHFile*)
 .text._ZN5FEHSD9FCloseAllEv
                0x000165c0       0x6c Libraries/FEHSD.o
                0x000165c0                FEHSD::FCloseAll()
 .text._ZN5FEHSD7FPrintfEP7FEHFilePKcz
                0x0001662c       0x58 Libraries/FEHSD.o
                0x0001662c                FEHSD::FPrintf(FEHFile*, char const*, ...)
 .text._ZN5FEHSD10InitializeEv
                0x00016684       0xe0 Libraries/FEHSD.o
                0x00016684                FEHSD::Initialize()
 .text._Z41__static_initialization_and_destruction_0ii
                0x00016764       0x2c Libraries/FEHSD.o
 .text._GLOBAL__sub_I_SD
                0x00016790       0x10 Libraries/FEHSD.o
 .text._ZN9FEHRandom10InitializeEv
                0x000167a0       0x3c Libraries/FEHRandom.o
                0x000167a0                FEHRandom::Initialize()
 .text._ZdlPvj  0x000167dc        0x4 c:/gcc-arm-none-eabi-10.3-2021.10/bin/../lib/gcc/arm-none-eabi/10.3.1/../../../../arm-none-eabi/lib/thumb/v7e-m/nofp\libstdc++.a(del_ops.o)
                0x000167dc                operator delete(void*, unsigned int)
 .text._Znwj    0x000167e0       0x3c c:/gcc-arm-none-eabi-10.3-2021.10/bin/../lib/gcc/arm-none-eabi/10.3.1/../../../../arm-none-eabi/lib/thumb/v7e-m/nofp\libstdc++.a(new_op.o)
                0x000167e0                operator new(unsigned int)
 .text._ZNKSt9bad_alloc4whatEv
                0x0001681c        0x8 c:/gcc-arm-none-eabi-10.3-2021.10/bin/../lib/gcc/arm-none-eabi/10.3.1/../../../../arm-none-eabi/lib/thumb/v7e-m/nofp\libstdc++.a(bad_alloc.o)
                0x0001681c                std::bad_alloc::what() const
 .text._ZNSt9bad_allocD2Ev
                0x00016824       0x14 c:/gcc-arm-none-eabi-10.3-2021.10/bin/../lib/gcc/arm-none-eabi/10.3.1/../../../../arm-none-eabi/lib/thumb/v7e-m/nofp\libstdc++.a(bad_alloc.o)
                0x00016824                std::bad_alloc::~bad_alloc()
                0x00016824                std::bad_alloc::~bad_alloc()
 .text._ZNSt9bad_allocD0Ev
                0x00016838       0x1c c:/gcc-arm-none-eabi-10.3-2021.10/bin/../lib/gcc/arm-none-eabi/10.3.1/../../../../arm-none-eabi/lib/thumb/v7e-m/nofp\libstdc++.a(bad_alloc.o)
                0x00016838                std::bad_alloc::~bad_alloc()
 .text._ZdlPv   0x00016854        0x4 c:/gcc-arm-none-eabi-10.3-2021.10/bin/../lib/gcc/arm-none-eabi/10.3.1/../../../../arm-none-eabi/lib/thumb/v7e-m/nofp\libstdc++.a(del_op.o)
                0x00016854                operator delete(void*)
 .text._ZN12_GLOBAL__N_14pool4freeEPv.constprop.0
                0x00016858       0x88 c:/gcc-arm-none-eabi-10.3-2021.10/bin/../lib/gcc/arm-none-eabi/10.3.1/../../../../arm-none-eabi/lib/thumb/v7e-m/nofp\libstdc++.a(eh_alloc.o)
 .text._ZN12_GLOBAL__N_14pool8allocateEj.constprop.0
                0x000168e0       0x5c c:/gcc-arm-none-eabi-10.3-2021.10/bin/../lib/gcc/arm-none-eabi/10.3.1/../../../../arm-none-eabi/lib/thumb/v7e-m/nofp\libstdc++.a(eh_alloc.o)
 .text.__cxa_allocate_exception
                0x0001693c       0x30 c:/gcc-arm-none-eabi-10.3-2021.10/bin/../lib/gcc/arm-none-eabi/10.3.1/../../../../arm-none-eabi/lib/thumb/v7e-m/nofp\libstdc++.a(eh_alloc.o)
                0x0001693c                __cxa_allocate_exception
 .text.__cxa_free_exception
                0x0001696c       0x20 c:/gcc-arm-none-eabi-10.3-2021.10/bin/../lib/gcc/arm-none-eabi/10.3.1/../../../../arm-none-eabi/lib/thumb/v7e-m/nofp\libstdc++.a(eh_alloc.o)
                0x0001696c                __cxa_free_exception
 .text.startup._GLOBAL__sub_I__ZN9__gnu_cxx9__freeresEv
                0x0001698c       0x28 c:/gcc-arm-none-eabi-10.3-2021.10/bin/../lib/gcc/arm-none-eabi/10.3.1/../../../../arm-none-eabi/lib/thumb/v7e-m/nofp\libstdc++.a(eh_alloc.o)
 .text._ZNSt9exceptionD2Ev
                0x000169b4        0x4 c:/gcc-arm-none-eabi-10.3-2021.10/bin/../lib/gcc/arm-none-eabi/10.3.1/../../../../arm-none-eabi/lib/thumb/v7e-m/nofp\libstdc++.a(eh_exception.o)
                0x000169b4                std::exception::~exception()
                0x000169b4                std::exception::~exception()
 .text._ZNSt13bad_exceptionD2Ev
                0x000169b8        0x4 c:/gcc-arm-none-eabi-10.3-2021.10/bin/../lib/gcc/arm-none-eabi/10.3.1/../../../../arm-none-eabi/lib/thumb/v7e-m/nofp\libstdc++.a(eh_exception.o)
                0x000169b8                std::bad_exception::~bad_exception()
                0x000169b8                std::bad_exception::~bad_exception()
 .text._ZNKSt13bad_exception4whatEv
                0x000169bc        0x8 c:/gcc-arm-none-eabi-10.3-2021.10/bin/../lib/gcc/arm-none-eabi/10.3.1/../../../../arm-none-eabi/lib/thumb/v7e-m/nofp\libstdc++.a(eh_exception.o)
                0x000169bc                std::bad_exception::what() const
                0x000169bc                transaction clone for std::bad_exception::what() const
 .text._ZNSt13bad_exceptionD0Ev
                0x000169c4       0x10 c:/gcc-arm-none-eabi-10.3-2021.10/bin/../lib/gcc/arm-none-eabi/10.3.1/../../../../arm-none-eabi/lib/thumb/v7e-m/nofp\libstdc++.a(eh_exception.o)
                0x000169c4                std::bad_exception::~bad_exception()
 .text._ZN10__cxxabiv111__terminateEPFvvE
                0x000169d4       0x28 c:/gcc-arm-none-eabi-10.3-2021.10/bin/../lib/gcc/arm-none-eabi/10.3.1/../../../../arm-none-eabi/lib/thumb/v7e-m/nofp\libstdc++.a(eh_terminate.o)
                0x000169d4                __cxxabiv1::__terminate(void (*)())
 .text._ZSt9terminatev
                0x000169fc       0x14 c:/gcc-arm-none-eabi-10.3-2021.10/bin/../lib/gcc/arm-none-eabi/10.3.1/../../../../arm-none-eabi/lib/thumb/v7e-m/nofp\libstdc++.a(eh_terminate.o)
                0x000169fc                std::terminate()
 .text._ZN10__cxxabiv112__unexpectedEPFvvE
                0x00016a10        0x8 c:/gcc-arm-none-eabi-10.3-2021.10/bin/../lib/gcc/arm-none-eabi/10.3.1/../../../../arm-none-eabi/lib/thumb/v7e-m/nofp\libstdc++.a(eh_terminate.o)
                0x00016a10                __cxxabiv1::__unexpected(void (*)())
 .text._ZSt10unexpectedv
                0x00016a18       0x14 c:/gcc-arm-none-eabi-10.3-2021.10/bin/../lib/gcc/arm-none-eabi/10.3.1/../../../../arm-none-eabi/lib/thumb/v7e-m/nofp\libstdc++.a(eh_terminate.o)
                0x00016a18                std::unexpected()
 .text._ZSt13get_terminatev
                0x00016a2c       0x10 c:/gcc-arm-none-eabi-10.3-2021.10/bin/../lib/gcc/arm-none-eabi/10.3.1/../../../../arm-none-eabi/lib/thumb/v7e-m/nofp\libstdc++.a(eh_terminate.o)
                0x00016a2c                std::get_terminate()
 .text._ZSt14get_unexpectedv
                0x00016a3c       0x10 c:/gcc-arm-none-eabi-10.3-2021.10/bin/../lib/gcc/arm-none-eabi/10.3.1/../../../../arm-none-eabi/lib/thumb/v7e-m/nofp\libstdc++.a(eh_terminate.o)
                0x00016a3c                std::get_unexpected()
 .text._ZL23__gxx_exception_cleanup19_Unwind_Reason_CodeP21_Unwind_Control_Block
                0x00016a4c       0x44 c:/gcc-arm-none-eabi-10.3-2021.10/bin/../lib/gcc/arm-none-eabi/10.3.1/../../../../arm-none-eabi/lib/thumb/v7e-m/nofp\libstdc++.a(eh_throw.o)
 .text.__cxa_init_primary_exception
                0x00016a90       0x58 c:/gcc-arm-none-eabi-10.3-2021.10/bin/../lib/gcc/arm-none-eabi/10.3.1/../../../../arm-none-eabi/lib/thumb/v7e-m/nofp\libstdc++.a(eh_throw.o)
                0x00016a90                __cxa_init_primary_exception
 .text.__cxa_throw
                0x00016ae8       0x34 c:/gcc-arm-none-eabi-10.3-2021.10/bin/../lib/gcc/arm-none-eabi/10.3.1/../../../../arm-none-eabi/lib/thumb/v7e-m/nofp\libstdc++.a(eh_throw.o)
                0x00016ae8                __cxa_throw
 .text.__cxa_rethrow
                0x00016b1c       0x70 c:/gcc-arm-none-eabi-10.3-2021.10/bin/../lib/gcc/arm-none-eabi/10.3.1/../../../../arm-none-eabi/lib/thumb/v7e-m/nofp\libstdc++.a(eh_throw.o)
                0x00016b1c                __cxa_rethrow
 .text._ZSt15get_new_handlerv
                0x00016b8c       0x10 c:/gcc-arm-none-eabi-10.3-2021.10/bin/../lib/gcc/arm-none-eabi/10.3.1/../../../../arm-none-eabi/lib/thumb/v7e-m/nofp\libstdc++.a(new_handler.o)
                0x00016b8c                std::get_new_handler()
 .text._ZN10__cxxabiv120__si_class_type_infoD2Ev
                0x00016b9c       0x14 c:/gcc-arm-none-eabi-10.3-2021.10/bin/../lib/gcc/arm-none-eabi/10.3.1/../../../../arm-none-eabi/lib/thumb/v7e-m/nofp\libstdc++.a(si_class_type_info.o)
                0x00016b9c                __cxxabiv1::__si_class_type_info::~__si_class_type_info()
                0x00016b9c                __cxxabiv1::__si_class_type_info::~__si_class_type_info()
 .text._ZN10__cxxabiv120__si_class_type_infoD0Ev
                0x00016bb0       0x1c c:/gcc-arm-none-eabi-10.3-2021.10/bin/../lib/gcc/arm-none-eabi/10.3.1/../../../../arm-none-eabi/lib/thumb/v7e-m/nofp\libstdc++.a(si_class_type_info.o)
                0x00016bb0                __cxxabiv1::__si_class_type_info::~__si_class_type_info()
 .text._ZNK10__cxxabiv120__si_class_type_info20__do_find_public_srcEiPKvPKNS_17__class_type_infoES2_
                0x00016bcc       0x3c c:/gcc-arm-none-eabi-10.3-2021.10/bin/../lib/gcc/arm-none-eabi/10.3.1/../../../../arm-none-eabi/lib/thumb/v7e-m/nofp\libstdc++.a(si_class_type_info.o)
                0x00016bcc                __cxxabiv1::__si_class_type_info::__do_find_public_src(int, void const*, __cxxabiv1::__class_type_info const*, void const*) const
 .text._ZNK10__cxxabiv120__si_class_type_info12__do_dyncastEiNS_17__class_type_info10__sub_kindEPKS1_PKvS4_S6_RNS1_16__dyncast_resultE
                0x00016c08       0x84 c:/gcc-arm-none-eabi-10.3-2021.10/bin/../lib/gcc/arm-none-eabi/10.3.1/../../../../arm-none-eabi/lib/thumb/v7e-m/nofp\libstdc++.a(si_class_type_info.o)
                0x00016c08                __cxxabiv1::__si_class_type_info::__do_dyncast(int, __cxxabiv1::__class_type_info::__sub_kind, __cxxabiv1::__class_type_info const*, void const*, __cxxabiv1::__class_type_info const*, void const*, __cxxabiv1::__class_type_info::__dyncast_result&) const
 .text._ZNK10__cxxabiv120__si_class_type_info11__do_upcastEPKNS_17__class_type_infoEPKvRNS1_15__upcast_resultE
                0x00016c8c       0x2c c:/gcc-arm-none-eabi-10.3-2021.10/bin/../lib/gcc/arm-none-eabi/10.3.1/../../../../arm-none-eabi/lib/thumb/v7e-m/nofp\libstdc++.a(si_class_type_info.o)
                0x00016c8c                __cxxabiv1::__si_class_type_info::__do_upcast(__cxxabiv1::__class_type_info const*, void const*, __cxxabiv1::__class_type_info::__upcast_result&) const
 .text._ZNSt9type_infoD2Ev
                0x00016cb8        0x4 c:/gcc-arm-none-eabi-10.3-2021.10/bin/../lib/gcc/arm-none-eabi/10.3.1/../../../../arm-none-eabi/lib/thumb/v7e-m/nofp\libstdc++.a(tinfo.o)
                0x00016cb8                std::type_info::~type_info()
                0x00016cb8                std::type_info::~type_info()
 .text._ZNKSt9type_info14__is_pointer_pEv
                0x00016cbc        0x4 c:/gcc-arm-none-eabi-10.3-2021.10/bin/../lib/gcc/arm-none-eabi/10.3.1/../../../../arm-none-eabi/lib/thumb/v7e-m/nofp\libstdc++.a(tinfo.o)
                0x00016cbc                std::type_info::__is_pointer_p() const
                0x00016cbc                std::type_info::__is_function_p() const
 .text._ZNKSt9type_infoeqERKS_
                0x00016cc0       0x2c c:/gcc-arm-none-eabi-10.3-2021.10/bin/../lib/gcc/arm-none-eabi/10.3.1/../../../../arm-none-eabi/lib/thumb/v7e-m/nofp\libstdc++.a(tinfo.o)
                0x00016cc0                std::type_info::operator==(std::type_info const&) const
 .text._ZN9__gnu_cxx27__verbose_terminate_handlerEv
                0x00016cec      0x10c c:/gcc-arm-none-eabi-10.3-2021.10/bin/../lib/gcc/arm-none-eabi/10.3.1/../../../../arm-none-eabi/lib/thumb/v7e-m/nofp\libstdc++.a(vterminate.o)
                0x00016cec                __gnu_cxx::__verbose_terminate_handler()
 .text._ZNK10__cxxabiv117__class_type_info11__do_upcastEPKS0_PPv
                0x00016df8       0x34 c:/gcc-arm-none-eabi-10.3-2021.10/bin/../lib/gcc/arm-none-eabi/10.3.1/../../../../arm-none-eabi/lib/thumb/v7e-m/nofp\libstdc++.a(class_type_info.o)
                0x00016df8                __cxxabiv1::__class_type_info::__do_upcast(__cxxabiv1::__class_type_info const*, void**) const
 .text._ZNK10__cxxabiv117__class_type_info20__do_find_public_srcEiPKvPKS0_S2_
                0x00016e2c        0xc c:/gcc-arm-none-eabi-10.3-2021.10/bin/../lib/gcc/arm-none-eabi/10.3.1/../../../../arm-none-eabi/lib/thumb/v7e-m/nofp\libstdc++.a(class_type_info.o)
                0x00016e2c                __cxxabiv1::__class_type_info::__do_find_public_src(int, void const*, __cxxabiv1::__class_type_info const*, void const*) const
 .text._ZN10__cxxabiv117__class_type_infoD2Ev
                0x00016e38       0x14 c:/gcc-arm-none-eabi-10.3-2021.10/bin/../lib/gcc/arm-none-eabi/10.3.1/../../../../arm-none-eabi/lib/thumb/v7e-m/nofp\libstdc++.a(class_type_info.o)
                0x00016e38                __cxxabiv1::__class_type_info::~__class_type_info()
                0x00016e38                __cxxabiv1::__class_type_info::~__class_type_info()
 .text._ZN10__cxxabiv117__class_type_infoD0Ev
                0x00016e4c       0x1c c:/gcc-arm-none-eabi-10.3-2021.10/bin/../lib/gcc/arm-none-eabi/10.3.1/../../../../arm-none-eabi/lib/thumb/v7e-m/nofp\libstdc++.a(class_type_info.o)
                0x00016e4c                __cxxabiv1::__class_type_info::~__class_type_info()
 .text._ZNK10__cxxabiv117__class_type_info12__do_dyncastEiNS0_10__sub_kindEPKS0_PKvS3_S5_RNS0_16__dyncast_resultE
                0x00016e68       0x44 c:/gcc-arm-none-eabi-10.3-2021.10/bin/../lib/gcc/arm-none-eabi/10.3.1/../../../../arm-none-eabi/lib/thumb/v7e-m/nofp\libstdc++.a(class_type_info.o)
                0x00016e68                __cxxabiv1::__class_type_info::__do_dyncast(int, __cxxabiv1::__class_type_info::__sub_kind, __cxxabiv1::__class_type_info const*, void const*, __cxxabiv1::__class_type_info const*, void const*, __cxxabiv1::__class_type_info::__dyncast_result&) const
 .text._ZNK10__cxxabiv117__class_type_info11__do_upcastEPKS0_PKvRNS0_15__upcast_resultE
                0x00016eac       0x1c c:/gcc-arm-none-eabi-10.3-2021.10/bin/../lib/gcc/arm-none-eabi/10.3.1/../../../../arm-none-eabi/lib/thumb/v7e-m/nofp\libstdc++.a(class_type_info.o)
                0x00016eac                __cxxabiv1::__class_type_info::__do_upcast(__cxxabiv1::__class_type_info const*, void const*, __cxxabiv1::__class_type_info::__upcast_result&) const
 .text._ZNK10__cxxabiv117__class_type_info10__do_catchEPKSt9type_infoPPvj
                0x00016ec8       0x2c c:/gcc-arm-none-eabi-10.3-2021.10/bin/../lib/gcc/arm-none-eabi/10.3.1/../../../../arm-none-eabi/lib/thumb/v7e-m/nofp\libstdc++.a(class_type_info.o)
                0x00016ec8                __cxxabiv1::__class_type_info::__do_catch(std::type_info const*, void**, unsigned int) const
 .text          0x00016ef4     0x5fa4 c:/gcc-arm-none-eabi-10.3-2021.10/bin/../lib/gcc/arm-none-eabi/10.3.1/../../../../arm-none-eabi/lib/thumb/v7e-m/nofp\libstdc++.a(cp-demangle.o)
                0x0001cdb0                __cxa_demangle
                0x0001ce74                __gcclibcxx_demangle_callback
 .text.__cxa_end_cleanup
                0x0001ce98        0xc c:/gcc-arm-none-eabi-10.3-2021.10/bin/../lib/gcc/arm-none-eabi/10.3.1/../../../../arm-none-eabi/lib/thumb/v7e-m/nofp\libstdc++.a(eh_arm.o)
                0x0001ce98                __cxa_end_cleanup
 .text.__cxa_type_match
                0x0001cea4       0xb4 c:/gcc-arm-none-eabi-10.3-2021.10/bin/../lib/gcc/arm-none-eabi/10.3.1/../../../../arm-none-eabi/lib/thumb/v7e-m/nofp\libstdc++.a(eh_arm.o)
                0x0001cea4                __cxa_type_match
 .text.__cxa_begin_cleanup
                0x0001cf58       0x64 c:/gcc-arm-none-eabi-10.3-2021.10/bin/../lib/gcc/arm-none-eabi/10.3.1/../../../../arm-none-eabi/lib/thumb/v7e-m/nofp\libstdc++.a(eh_arm.o)
                0x0001cf58                __cxa_begin_cleanup
 .text.__gnu_end_cleanup
                0x0001cfbc       0x70 c:/gcc-arm-none-eabi-10.3-2021.10/bin/../lib/gcc/arm-none-eabi/10.3.1/../../../../arm-none-eabi/lib/thumb/v7e-m/nofp\libstdc++.a(eh_arm.o)
                0x0001cfbc                __gnu_end_cleanup
 .text._ZN10__cxxabiv1L24__is_gxx_exception_classEPc
                0x0001d02c       0x3c c:/gcc-arm-none-eabi-10.3-2021.10/bin/../lib/gcc/arm-none-eabi/10.3.1/../../../../arm-none-eabi/lib/thumb/v7e-m/nofp\libstdc++.a(eh_call.o)
 .text.__cxa_call_terminate
                0x0001d068       0x20 c:/gcc-arm-none-eabi-10.3-2021.10/bin/../lib/gcc/arm-none-eabi/10.3.1/../../../../arm-none-eabi/lib/thumb/v7e-m/nofp\libstdc++.a(eh_call.o)
                0x0001d068                __cxa_call_terminate
 .text.unlikely.__cxa_call_unexpected
                0x0001d088       0xe4 c:/gcc-arm-none-eabi-10.3-2021.10/bin/../lib/gcc/arm-none-eabi/10.3.1/../../../../arm-none-eabi/lib/thumb/v7e-m/nofp\libstdc++.a(eh_call.o)
                0x0001d088                __cxa_call_unexpected
 .text.__cxa_begin_catch
                0x0001d16c       0x7c c:/gcc-arm-none-eabi-10.3-2021.10/bin/../lib/gcc/arm-none-eabi/10.3.1/../../../../arm-none-eabi/lib/thumb/v7e-m/nofp\libstdc++.a(eh_catch.o)
                0x0001d16c                __cxa_begin_catch
 .text.__cxa_end_catch
                0x0001d1e8       0x8c c:/gcc-arm-none-eabi-10.3-2021.10/bin/../lib/gcc/arm-none-eabi/10.3.1/../../../../arm-none-eabi/lib/thumb/v7e-m/nofp\libstdc++.a(eh_catch.o)
                0x0001d1e8                __cxa_end_catch
 .text.__cxa_get_globals_fast
                0x0001d274        0x8 c:/gcc-arm-none-eabi-10.3-2021.10/bin/../lib/gcc/arm-none-eabi/10.3.1/../../../../arm-none-eabi/lib/thumb/v7e-m/nofp\libstdc++.a(eh_globals.o)
                0x0001d274                __cxa_get_globals_fast
 .text.__cxa_get_globals
                0x0001d27c        0x8 c:/gcc-arm-none-eabi-10.3-2021.10/bin/../lib/gcc/arm-none-eabi/10.3.1/../../../../arm-none-eabi/lib/thumb/v7e-m/nofp\libstdc++.a(eh_globals.o)
                0x0001d27c                __cxa_get_globals
 .text._ZL28read_encoded_value_with_basehjPKhPj
                0x0001d284       0xc0 c:/gcc-arm-none-eabi-10.3-2021.10/bin/../lib/gcc/arm-none-eabi/10.3.1/../../../../arm-none-eabi/lib/thumb/v7e-m/nofp\libstdc++.a(eh_personality.o)
 .text._ZL21base_of_encoded_valuehP15_Unwind_Context
                0x0001d344       0x48 c:/gcc-arm-none-eabi-10.3-2021.10/bin/../lib/gcc/arm-none-eabi/10.3.1/../../../../arm-none-eabi/lib/thumb/v7e-m/nofp\libstdc++.a(eh_personality.o)
 .text._ZL17parse_lsda_headerP15_Unwind_ContextPKhP16lsda_header_info
                0x0001d38c       0x94 c:/gcc-arm-none-eabi-10.3-2021.10/bin/../lib/gcc/arm-none-eabi/10.3.1/../../../../arm-none-eabi/lib/thumb/v7e-m/nofp\libstdc++.a(eh_personality.o)
 .text.__gxx_personality_v0
                0x0001d420      0x4a8 c:/gcc-arm-none-eabi-10.3-2021.10/bin/../lib/gcc/arm-none-eabi/10.3.1/../../../../arm-none-eabi/lib/thumb/v7e-m/nofp\libstdc++.a(eh_personality.o)
                0x0001d420                __gxx_personality_v0
 .text.__cxa_current_exception_type
                0x0001d8c8       0x1c c:/gcc-arm-none-eabi-10.3-2021.10/bin/../lib/gcc/arm-none-eabi/10.3.1/../../../../arm-none-eabi/lib/thumb/v7e-m/nofp\libstdc++.a(eh_type.o)
                0x0001d8c8                __cxa_current_exception_type
 .text.cos      0x0001d8e4       0xa0 c:/gcc-arm-none-eabi-10.3-2021.10/bin/../lib/gcc/arm-none-eabi/10.3.1/../../../../arm-none-eabi/lib/thumb/v7e-m/nofp\libm.a(lib_a-s_cos.o)
                0x0001d8e4                cos
 .text.atanf    0x0001d984      0x230 c:/gcc-arm-none-eabi-10.3-2021.10/bin/../lib/gcc/arm-none-eabi/10.3.1/../../../../arm-none-eabi/lib/thumb/v7e-m/nofp\libm.a(lib_a-sf_atan.o)
                0x0001d984                atanf
 .text.fabsf    0x0001dbb4        0x8 c:/gcc-arm-none-eabi-10.3-2021.10/bin/../lib/gcc/arm-none-eabi/10.3.1/../../../../arm-none-eabi/lib/thumb/v7e-m/nofp\libm.a(lib_a-sf_fabs.o)
                0x0001dbb4                fabsf
 .text.fmod     0x0001dbbc       0x58 c:/gcc-arm-none-eabi-10.3-2021.10/bin/../lib/gcc/arm-none-eabi/10.3.1/../../../../arm-none-eabi/lib/thumb/v7e-m/nofp\libm.a(lib_a-w_fmod.o)
                0x0001dbbc                fmod
 .text.sqrtf    0x0001dc14       0x38 c:/gcc-arm-none-eabi-10.3-2021.10/bin/../lib/gcc/arm-none-eabi/10.3.1/../../../../arm-none-eabi/lib/thumb/v7e-m/nofp\libm.a(lib_a-wf_sqrt.o)
                0x0001dc14                sqrtf
 .text.__ieee754_fmod
                0x0001dc4c      0x294 c:/gcc-arm-none-eabi-10.3-2021.10/bin/../lib/gcc/arm-none-eabi/10.3.1/../../../../arm-none-eabi/lib/thumb/v7e-m/nofp\libm.a(lib_a-e_fmod.o)
                0x0001dc4c                __ieee754_fmod
 .text.__ieee754_rem_pio2
                0x0001dee0      0x454 c:/gcc-arm-none-eabi-10.3-2021.10/bin/../lib/gcc/arm-none-eabi/10.3.1/../../../../arm-none-eabi/lib/thumb/v7e-m/nofp\libm.a(lib_a-e_rem_pio2.o)
                0x0001dee0                __ieee754_rem_pio2
 .text.__ieee754_sqrtf
                0x0001e334       0xb0 c:/gcc-arm-none-eabi-10.3-2021.10/bin/../lib/gcc/arm-none-eabi/10.3.1/../../../../arm-none-eabi/lib/thumb/v7e-m/nofp\libm.a(lib_a-ef_sqrt.o)
                0x0001e334                __ieee754_sqrtf
 *fill*         0x0001e3e4        0x4 
 .text.__kernel_cos
                0x0001e3e8      0x260 c:/gcc-arm-none-eabi-10.3-2021.10/bin/../lib/gcc/arm-none-eabi/10.3.1/../../../../arm-none-eabi/lib/thumb/v7e-m/nofp\libm.a(lib_a-k_cos.o)
                0x0001e3e8                __kernel_cos
 .text.__kernel_rem_pio2
                0x0001e648      0x850 c:/gcc-arm-none-eabi-10.3-2021.10/bin/../lib/gcc/arm-none-eabi/10.3.1/../../../../arm-none-eabi/lib/thumb/v7e-m/nofp\libm.a(lib_a-k_rem_pio2.o)
                0x0001e648                __kernel_rem_pio2
 .text.__kernel_sin
                0x0001ee98      0x184 c:/gcc-arm-none-eabi-10.3-2021.10/bin/../lib/gcc/arm-none-eabi/10.3.1/../../../../arm-none-eabi/lib/thumb/v7e-m/nofp\libm.a(lib_a-k_sin.o)
                0x0001ee98                __kernel_sin
 .text.fabs     0x0001f01c        0x8 c:/gcc-arm-none-eabi-10.3-2021.10/bin/../lib/gcc/arm-none-eabi/10.3.1/../../../../arm-none-eabi/lib/thumb/v7e-m/nofp\libm.a(lib_a-s_fabs.o)
                0x0001f01c                fabs
 *fill*         0x0001f024        0x4 
 .text.floor    0x0001f028       0xf8 c:/gcc-arm-none-eabi-10.3-2021.10/bin/../lib/gcc/arm-none-eabi/10.3.1/../../../../arm-none-eabi/lib/thumb/v7e-m/nofp\libm.a(lib_a-s_floor.o)
                0x0001f028                floor
 .text.scalbn   0x0001f120       0xf4 c:/gcc-arm-none-eabi-10.3-2021.10/bin/../lib/gcc/arm-none-eabi/10.3.1/../../../../arm-none-eabi/lib/thumb/v7e-m/nofp\libm.a(lib_a-s_scalbn.o)
                0x0001f120                scalbn
 .text          0x0001f214      0x378 c:/gcc-arm-none-eabi-10.3-2021.10/bin/../lib/gcc/arm-none-eabi/10.3.1/thumb/v7e-m/nofp\libgcc.a(_arm_addsubdf3.o)
                0x0001f214                __aeabi_drsub
                0x0001f21c                __aeabi_dsub
                0x0001f21c                __subdf3
                0x0001f220                __aeabi_dadd
                0x0001f220                __adddf3
                0x0001f498                __floatunsidf
                0x0001f498                __aeabi_ui2d
                0x0001f4b8                __floatsidf
                0x0001f4b8                __aeabi_i2d
                0x0001f4dc                __aeabi_f2d
                0x0001f4dc                __extendsfdf2
                0x0001f520                __floatundidf
                0x0001f520                __aeabi_ul2d
                0x0001f530                __floatdidf
                0x0001f530                __aeabi_l2d
 .text          0x0001f58c      0x424 c:/gcc-arm-none-eabi-10.3-2021.10/bin/../lib/gcc/arm-none-eabi/10.3.1/thumb/v7e-m/nofp\libgcc.a(_arm_muldivdf3.o)
                0x0001f58c                __aeabi_dmul
                0x0001f58c                __muldf3
                0x0001f7e0                __divdf3
                0x0001f7e0                __aeabi_ddiv
 .text          0x0001f9b0      0x110 c:/gcc-arm-none-eabi-10.3-2021.10/bin/../lib/gcc/arm-none-eabi/10.3.1/thumb/v7e-m/nofp\libgcc.a(_arm_cmpdf2.o)
                0x0001f9b0                __gtdf2
                0x0001f9b0                __gedf2
                0x0001f9b8                __ltdf2
                0x0001f9b8                __ledf2
                0x0001f9c0                __nedf2
                0x0001f9c0                __eqdf2
                0x0001f9c0                __cmpdf2
                0x0001fa3c                __aeabi_cdrcmple
                0x0001fa4c                __aeabi_cdcmpeq
                0x0001fa4c                __aeabi_cdcmple
                0x0001fa5c                __aeabi_dcmpeq
                0x0001fa70                __aeabi_dcmplt
                0x0001fa84                __aeabi_dcmple
                0x0001fa98                __aeabi_dcmpge
                0x0001faac                __aeabi_dcmpgt
 .text          0x0001fac0       0x2c c:/gcc-arm-none-eabi-10.3-2021.10/bin/../lib/gcc/arm-none-eabi/10.3.1/thumb/v7e-m/nofp\libgcc.a(_arm_unorddf2.o)
                0x0001fac0                __unorddf2
                0x0001fac0                __aeabi_dcmpun
 .text          0x0001faec       0x50 c:/gcc-arm-none-eabi-10.3-2021.10/bin/../lib/gcc/arm-none-eabi/10.3.1/thumb/v7e-m/nofp\libgcc.a(_arm_fixdfsi.o)
                0x0001faec                __aeabi_d2iz
                0x0001faec                __fixdfsi
 .text          0x0001fb3c       0x40 c:/gcc-arm-none-eabi-10.3-2021.10/bin/../lib/gcc/arm-none-eabi/10.3.1/thumb/v7e-m/nofp\libgcc.a(_arm_fixunsdfsi.o)
                0x0001fb3c                __aeabi_d2uiz
                0x0001fb3c                __fixunsdfsi
 .text          0x0001fb7c       0xa0 c:/gcc-arm-none-eabi-10.3-2021.10/bin/../lib/gcc/arm-none-eabi/10.3.1/thumb/v7e-m/nofp\libgcc.a(_arm_truncdfsf2.o)
                0x0001fb7c                __truncdfsf2
                0x0001fb7c                __aeabi_d2f
 .text          0x0001fc1c      0x21c c:/gcc-arm-none-eabi-10.3-2021.10/bin/../lib/gcc/arm-none-eabi/10.3.1/thumb/v7e-m/nofp\libgcc.a(_arm_addsubsf3.o)
                0x0001fc1c                __aeabi_frsub
                0x0001fc24                __subsf3
                0x0001fc24                __aeabi_fsub
                0x0001fc28                __aeabi_fadd
                0x0001fc28                __addsf3
                0x0001fd88                __aeabi_ui2f
                0x0001fd88                __floatunsisf
                0x0001fd90                __aeabi_i2f
                0x0001fd90                __floatsisf
                0x0001fdac                __aeabi_ul2f
                0x0001fdac                __floatundisf
                0x0001fdbc                __aeabi_l2f
                0x0001fdbc                __floatdisf
 .text          0x0001fe38      0x2a0 c:/gcc-arm-none-eabi-10.3-2021.10/bin/../lib/gcc/arm-none-eabi/10.3.1/thumb/v7e-m/nofp\libgcc.a(_arm_muldivsf3.o)
                0x0001fe38                __mulsf3
                0x0001fe38                __aeabi_fmul
                0x0001ffa0                __aeabi_fdiv
                0x0001ffa0                __divsf3
 .text          0x000200d8       0xec c:/gcc-arm-none-eabi-10.3-2021.10/bin/../lib/gcc/arm-none-eabi/10.3.1/thumb/v7e-m/nofp\libgcc.a(_arm_cmpsf2.o)
                0x000200d8                __gesf2
                0x000200d8                __gtsf2
                0x000200e0                __lesf2
                0x000200e0                __ltsf2
                0x000200e8                __nesf2
                0x000200e8                __eqsf2
                0x000200e8                __cmpsf2
                0x00020148                __aeabi_cfrcmple
                0x00020150                __aeabi_cfcmpeq
                0x00020150                __aeabi_cfcmple
                0x00020160                __aeabi_fcmpeq
                0x00020174                __aeabi_fcmplt
                0x00020188                __aeabi_fcmple
                0x0002019c                __aeabi_fcmpge
                0x000201b0                __aeabi_fcmpgt
 .text          0x000201c4       0x2c c:/gcc-arm-none-eabi-10.3-2021.10/bin/../lib/gcc/arm-none-eabi/10.3.1/thumb/v7e-m/nofp\libgcc.a(_arm_unordsf2.o)
                0x000201c4                __unordsf2
                0x000201c4                __aeabi_fcmpun
 .text          0x000201f0       0x4c c:/gcc-arm-none-eabi-10.3-2021.10/bin/../lib/gcc/arm-none-eabi/10.3.1/thumb/v7e-m/nofp\libgcc.a(_arm_fixsfsi.o)
                0x000201f0                __aeabi_f2iz
                0x000201f0                __fixsfsi
 .text          0x0002023c       0x40 c:/gcc-arm-none-eabi-10.3-2021.10/bin/../lib/gcc/arm-none-eabi/10.3.1/thumb/v7e-m/nofp\libgcc.a(_arm_fixunssfsi.o)
                0x0002023c                __fixunssfsi
                0x0002023c                __aeabi_f2uiz
 .text          0x0002027c      0x9d8 c:/gcc-arm-none-eabi-10.3-2021.10/bin/../lib/gcc/arm-none-eabi/10.3.1/thumb/v7e-m/nofp\libgcc.a(unwind-arm.o)
                0x00020524                _Unwind_GetCFA
                0x00020528                __gnu_Unwind_RaiseException
                0x00020590                __gnu_Unwind_ForcedUnwind
                0x000205a0                __gnu_Unwind_Resume
                0x000205e4                __gnu_Unwind_Resume_or_Rethrow
                0x000205f4                _Unwind_Complete
                0x000205f8                _Unwind_DeleteException
                0x00020604                _Unwind_VRS_Get
                0x00020650                _Unwind_VRS_Set
                0x00020698                __gnu_Unwind_Backtrace
                0x000209c4                __aeabi_unwind_cpp_pr0
                0x000209c8                __aeabi_unwind_cpp_pr1
                0x000209cc                __aeabi_unwind_cpp_pr2
                0x000209d0                _Unwind_VRS_Pop
 .text          0x00020c54      0x1ac c:/gcc-arm-none-eabi-10.3-2021.10/bin/../lib/gcc/arm-none-eabi/10.3.1/thumb/v7e-m/nofp\libgcc.a(libunwind.o)
                0x00020c54                __restore_core_regs
                0x00020c54                restore_core_regs
                0x00020c6c                __gnu_Unwind_Restore_VFP
                0x00020c74                __gnu_Unwind_Save_VFP
                0x00020c7c                __gnu_Unwind_Restore_VFP_D
                0x00020c84                __gnu_Unwind_Save_VFP_D
                0x00020c8c                __gnu_Unwind_Restore_VFP_D_16_to_31
                0x00020c94                __gnu_Unwind_Save_VFP_D_16_to_31
                0x00020c9c                __gnu_Unwind_Restore_WMMXD
                0x00020ce0                __gnu_Unwind_Save_WMMXD
                0x00020d24                __gnu_Unwind_Restore_WMMXC
                0x00020d38                __gnu_Unwind_Save_WMMXC
                0x00020d4c                ___Unwind_RaiseException
                0x00020d4c                _Unwind_RaiseException
                0x00020d70                _Unwind_Resume
                0x00020d70                ___Unwind_Resume
                0x00020d94                _Unwind_Resume_or_Rethrow
                0x00020d94                ___Unwind_Resume_or_Rethrow
                0x00020db8                _Unwind_ForcedUnwind
                0x00020db8                ___Unwind_ForcedUnwind
                0x00020ddc                ___Unwind_Backtrace
                0x00020ddc                _Unwind_Backtrace
 .text          0x00020e00      0x350 c:/gcc-arm-none-eabi-10.3-2021.10/bin/../lib/gcc/arm-none-eabi/10.3.1/thumb/v7e-m/nofp\libgcc.a(pr-support.o)
                0x00020e58                __gnu_unwind_execute
                0x00021104                __gnu_unwind_frame
                0x00021130                _Unwind_GetRegionStart
                0x0002113c                _Unwind_GetLanguageSpecificData
 .text.unlikely
                0x00021150        0xc c:/gcc-arm-none-eabi-10.3-2021.10/bin/../lib/gcc/arm-none-eabi/10.3.1/thumb/v7e-m/nofp\libgcc.a(pr-support.o)
                0x00021150                _Unwind_GetDataRelBase
                0x00021156                _Unwind_GetTextRelBase
 .text.abort    0x0002115c       0x10 c:/gcc-arm-none-eabi-10.3-2021.10/bin/../lib/gcc/arm-none-eabi/10.3.1/../../../../arm-none-eabi/lib/thumb/v7e-m/nofp\libg.a(lib_a-abort.o)
                0x0002115c                abort
 .text.__errno  0x0002116c        0xc c:/gcc-arm-none-eabi-10.3-2021.10/bin/../lib/gcc/arm-none-eabi/10.3.1/../../../../arm-none-eabi/lib/thumb/v7e-m/nofp\libg.a(lib_a-errno.o)
                0x0002116c                __errno
 .text.fputc    0x00021178       0x58 c:/gcc-arm-none-eabi-10.3-2021.10/bin/../lib/gcc/arm-none-eabi/10.3.1/../../../../arm-none-eabi/lib/thumb/v7e-m/nofp\libg.a(lib_a-fputc.o)
                0x00021178                fputc
 .text._fputs_r
                0x000211d0       0x88 c:/gcc-arm-none-eabi-10.3-2021.10/bin/../lib/gcc/arm-none-eabi/10.3.1/../../../../arm-none-eabi/lib/thumb/v7e-m/nofp\libg.a(lib_a-fputs.o)
                0x000211d0                _fputs_r
 .text.fputs    0x00021258       0x18 c:/gcc-arm-none-eabi-10.3-2021.10/bin/../lib/gcc/arm-none-eabi/10.3.1/../../../../arm-none-eabi/lib/thumb/v7e-m/nofp\libg.a(lib_a-fputs.o)
                0x00021258                fputs
 .text.__sfvwrite_r
                0x00021270      0x2e8 c:/gcc-arm-none-eabi-10.3-2021.10/bin/../lib/gcc/arm-none-eabi/10.3.1/../../../../arm-none-eabi/lib/thumb/v7e-m/nofp\libg.a(lib_a-fvwrite.o)
                0x00021270                __sfvwrite_r
 .text._fwrite_r
                0x00021558       0xa8 c:/gcc-arm-none-eabi-10.3-2021.10/bin/../lib/gcc/arm-none-eabi/10.3.1/../../../../arm-none-eabi/lib/thumb/v7e-m/nofp\libg.a(lib_a-fwrite.o)
                0x00021558                _fwrite_r
 .text.fwrite   0x00021600       0x20 c:/gcc-arm-none-eabi-10.3-2021.10/bin/../lib/gcc/arm-none-eabi/10.3.1/../../../../arm-none-eabi/lib/thumb/v7e-m/nofp\libg.a(lib_a-fwrite.o)
                0x00021600                fwrite
 .text.__libc_init_array
                0x00021620       0x48 c:/gcc-arm-none-eabi-10.3-2021.10/bin/../lib/gcc/arm-none-eabi/10.3.1/../../../../arm-none-eabi/lib/thumb/v7e-m/nofp\libg.a(lib_a-init.o)
                0x00021620                __libc_init_array
 .text.__retarget_lock_init_recursive