Archive member included to satisfy reference by file (symbol)

c:/gcc-arm-none-eabi-10.3-2021.10/bin/../lib/gcc/arm-none-eabi/10.3.1/../../../../arm-none-eabi/lib/thumb/v7e-m/nofp\libstdc++.a(del_ops.o)
                              Libraries/FEHIO.o (operator delete(void*, unsigned int))
c:/gcc-arm-none-eabi-10.3-2021.10/bin/../lib/gcc/arm-none-eabi/10.3.1/../../../../arm-none-eabi/lib/thumb/v7e-m/nofp\libstdc++.a(new_op.o)
                              Libraries/FEHIO.o (operator new(unsigned int))
c:/gcc-arm-none-eabi-10.3-2021.10/bin/../lib/gcc/arm-none-eabi/10.3.1/../../../../arm-none-eabi/lib/thumb/v7e-m/nofp\libstdc++.a(bad_alloc.o)
                              c:/gcc-arm-none-eabi-10.3-2021.10/bin/../lib/gcc/arm-none-eabi/10.3.1/../../../../arm-none-eabi/lib/thumb/v7e-m/nofp\libstdc++.a(new_op.o) (std::bad_alloc::~bad_alloc())
c:/gcc-arm-none-eabi-10.3-2021.10/bin/../lib/gcc/arm-none-eabi/10.3.1/../../../../arm-none-eabi/lib/thumb/v7e-m/nofp\libstdc++.a(del_op.o)
                              c:/gcc-arm-none-eabi-10.3-2021.10/bin/../lib/gcc/arm-none-eabi/10.3.1/../../../../arm-none-eabi/lib/thumb/v7e-m/nofp\libstdc++.a(del_ops.o) (operator delete(void*))
c:/gcc-arm-none-eabi-10.3-2021.10/bin/../lib/gcc/arm-none-eabi/10.3.1/../../../../arm-none-eabi/lib/thumb/v7e-m/nofp\libstdc++.a(eh_alloc.o)
                              c:/gcc-arm-none-eabi-10.3-2021.10/bin/../lib/gcc/arm-none-eabi/10.3.1/../../../../arm-none-eabi/lib/thumb/v7e-m/nofp\libstdc++.a(new_op.o) (__cxa_allocate_exception)
c:/gcc-arm-none-eabi-10.3-2021.10/bin/../lib/gcc/arm-none-eabi/10.3.1/../../../../arm-none-eabi/lib/thumb/v7e-m/nofp\libstdc++.a(eh_exception.o)
                              c:/gcc-arm-none-eabi-10.3-2021.10/bin/../lib/gcc/arm-none-eabi/10.3.1/../../../../arm-none-eabi/lib/thumb/v7e-m/nofp\libstdc++.a(bad_alloc.o) (std::exception::~exception())
c:/gcc-arm-none-eabi-10.3-2021.10/bin/../lib/gcc/arm-none-eabi/10.3.1/../../../../arm-none-eabi/lib/thumb/v7e-m/nofp\libstdc++.a(eh_terminate.o)
                              c:/gcc-arm-none-eabi-10.3-2021.10/bin/../lib/gcc/arm-none-eabi/10.3.1/../../../../arm-none-eabi/lib/thumb/v7e-m/nofp\libstdc++.a(eh_alloc.o) (std::terminate())
c:/gcc-arm-none-eabi-10.3-2021.10/bin/../lib/gcc/arm-none-eabi/10.3.1/../../../../arm-none-eabi/lib/thumb/v7e-m/nofp\libstdc++.a(eh_throw.o)
                              c:/gcc-arm-none-eabi-10.3-2021.10/bin/../lib/gcc/arm-none-eabi/10.3.1/../../../../arm-none-eabi/lib/thumb/v7e-m/nofp\libstdc++.a(new_op.o) (__cxa_throw)
c:/gcc-arm-none-eabi-10.3-2021.10/bin/../lib/gcc/arm-none-eabi/10.3.1/../../../../arm-none-eabi/lib/thumb/v7e-m/nofp\libstdc++.a(eh_unex_handler.o)
                              c:/gcc-arm-none-eabi-10.3-2021.10/bin/../lib/gcc/arm-none-eabi/10.3.1/../../../../arm-none-eabi/lib/thumb/v7e-m/nofp\libstdc++.a(eh_terminate.o) (__cxxabiv1::__unexpected_handler)
c:/gcc-arm-none-eabi-10.3-2021.10/bin/../lib/gcc/arm-none-eabi/10.3.1/../../../../arm-none-eabi/lib/thumb/v7e-m/nofp\libstdc++.a(new_handler.o)
                              c:/gcc-arm-none-eabi-10.3-2021.10/bin/../lib/gcc/arm-none-eabi/10.3.1/../../../../arm-none-eabi/lib/thumb/v7e-m/nofp\libstdc++.a(new_op.o) (std::get_new_handler())
c:/gcc-arm-none-eabi-10.3-2021.10/bin/../lib/gcc/arm-none-eabi/10.3.1/../../../../arm-none-eabi/lib/thumb/v7e-m/nofp\libstdc++.a(pure.o)
                              c:/gcc-arm-none-eabi-10.3-2021.10/bin/../lib/gcc/arm-none-eabi/10.3.1/../../../../arm-none-eabi/lib/thumb/v7e-m/nofp\libstdc++.a(eh_exception.o) (__cxa_pure_virtual)
c:/gcc-arm-none-eabi-10.3-2021.10/bin/../lib/gcc/arm-none-eabi/10.3.1/../../../../arm-none-eabi/lib/thumb/v7e-m/nofp\libstdc++.a(si_class_type_info.o)
                              c:/gcc-arm-none-eabi-10.3-2021.10/bin/../lib/gcc/arm-none-eabi/10.3.1/../../../../arm-none-eabi/lib/thumb/v7e-m/nofp\libstdc++.a(bad_alloc.o) (vtable for __cxxabiv1::__si_class_type_info)
c:/gcc-arm-none-eabi-10.3-2021.10/bin/../lib/gcc/arm-none-eabi/10.3.1/../../../../arm-none-eabi/lib/thumb/v7e-m/nofp\libstdc++.a(tinfo.o)
                              c:/gcc-arm-none-eabi-10.3-2021.10/bin/../lib/gcc/arm-none-eabi/10.3.1/../../../../arm-none-eabi/lib/thumb/v7e-m/nofp\libstdc++.a(si_class_type_info.o) (std::type_info::__is_pointer_p() const)
c:/gcc-arm-none-eabi-10.3-2021.10/bin/../lib/gcc/arm-none-eabi/10.3.1/../../../../arm-none-eabi/lib/thumb/v7e-m/nofp\libstdc++.a(vterminate.o)
                              c:/gcc-arm-none-eabi-10.3-2021.10/bin/../lib/gcc/arm-none-eabi/10.3.1/../../../../arm-none-eabi/lib/thumb/v7e-m/nofp\libstdc++.a(eh_terminate.o) (__gnu_cxx::__verbose_terminate_handler())
c:/gcc-arm-none-eabi-10.3-2021.10/bin/../lib/gcc/arm-none-eabi/10.3.1/../../../../arm-none-eabi/lib/thumb/v7e-m/nofp\libstdc++.a(class_type_info.o)
[...]
Memory Configuration

Name             Origin             Length             Attributes
PROGRAM_FLASH    0x0000c000         0x00073c00         xr
SRAM_UPPER       0x20000000         0x00010000         xrw
SRAM_LOWER       0x1fff0000         0x00010000         xrw
*default*        0x00000000         0xffffffff

Linker script and memory map

LOAD c:/gcc-arm-none-eabi-10.3-2021.10/bin/../lib/gcc/arm-none-eabi/10.3.1/thumb/v7e-m/nofp/crti.o
LOAD c:/gcc-arm-none-eabi-10.3-2021.10/bin/../lib/gcc/arm-none-eabi/10.3.1/thumb/v7e-m/nofp/crtbegin.o
LOAD c:/gcc-arm-none-eabi-10.3-2021.10/bin/../lib/gcc/arm-none-eabi/10.3.1/../../../../arm-none-eabi/lib/thumb/v7e-m/nofp/crt0.o
LOAD ../main.o
LOAD Startup/startup_mk60d10.o
LOAD Libraries/FEHMotor.o
LOAD Drivers/mcg.o
LOAD Drivers/i2c.o
LOAD Drivers/spi.o
LOAD Drivers/uart.o
LOAD Drivers/ff.o
LOAD Drivers/SDHC.o
LOAD Drivers/lptmr.o
LOAD FEHProteus.o
LOAD Drivers/FEHPropeller.o
LOAD Libraries/FEHUtility.o
LOAD Libraries/FEHIO.o
LOAD Drivers/adc16.o
LOAD Libraries/FEHBuzzer.o
LOAD Libraries/FEHServo.o
LOAD Libraries/FEHLCD.o
LOAD Libraries/FEHAccel.o
LOAD Libraries/FEHBattery.o
LOAD Drivers/FEHXBee.o
LOAD Libraries/FEHRPS.o
LOAD Libraries/FEHSD.o
LOAD Libraries/FEHRandom.o
LOAD c:/gcc-arm-none-eabi-10.3-2021.10/bin/../lib/gcc/arm-none-eabi/10.3.1/../../../../arm-none-eabi/lib/thumb/v7e-m/nofp\libstdc++.a
LOAD c:/gcc-arm-none-eabi-10.3-2021.10/bin/../lib/gcc/arm-none-eabi/10.3.1/../../../../arm-none-eabi/lib/thumb/v7e-m/nofp\libm.a
START GROUP
LOAD c:/gcc-arm-none-eabi-10.3-2021.10/bin/../lib/gcc/arm-none-eabi/10.3.1/thumb/v7e-m/nofp\libgcc.a
LOAD c:/gcc-arm-none-eabi-10.3-2021.10/bin/../lib/gcc/arm-none-eabi/10.3.1/../../../../arm-none-eabi/lib/thumb/v7e-m/nofp\libg.a
LOAD c:/gcc-arm-none-eabi-10.3-2021.10/bin/../lib/gcc/arm-none-eabi/10.3.1/../../../../arm-none-eabi/lib/thumb/v7e-m/nofp\libc.a
END GROUP
START GROUP
LOAD c:/gcc-arm-none-eabi-10.3-2021.10/bin/../lib/gcc/arm-none-eabi/10.3.1/thumb/v7e-m/nofp\libgcc.a
LOAD c:/gcc-arm-none-eabi-10.3-2021.10/bin/../lib/gcc/arm-none-eabi/10.3.1/../../../../arm-none-eabi/lib/thumb/v7e-m/nofp\libc.a
LOAD c:/gcc-arm-none-eabi-10.3-2021.10/bin/../lib/gcc/arm-none-eabi/10.3.1/../../../../arm-none-eabi/lib/thumb/v7e-m/nofp\libnosys.a
END GROUP
LOAD c:/gcc-arm-none-eabi-10.3-2021.10/bin/../lib/gcc/arm-none-eabi/10.3.1/thumb/v7e-m/nofp/crtend.o
LOAD c:/gcc-arm-none-eabi-10.3-2021.10/bin/../lib/gcc/arm-none-eabi/10.3.1/thumb/v7e-m/nofp/crtn.o
                0x0000c000                __base_PROGRAM_FLASH = 0xc000
                0x0000c000                __base_Flash = 0xc000
                0x0007fc00                __top_PROGRAM_FLASH = 0x7fc00
                0x0007fc00                __top_Flash = 0x7fc00
                0x20000000                __base_SRAM_UPPER = 0x20000000
                0x20000000                __base_RAM = 0x20000000
                0x20010000                __top_SRAM_UPPER = 0x20010000
                0x20010000                __top_RAM = 0x20010000
                0x1fff0000                __base_SRAM_LOWER = 0x1fff0000
                0x1fff0000                __base_RAM2 = 0x1fff0000
                0x20000000                __top_SRAM_LOWER = 0x20000000
                0x20000000                __top_RAM2 = 0x20000000

.text           0x0000c000      0x410
 FILL mask 0xff
                0x0000c000                __vectors_start__ = ABSOLUTE (.)
 *(.isr_vector)
 .isr_vector    0x0000c000      0x1bc Startup/startup_mk60d10.o
                0x0000c000                g_pfnVectors
                0x0000c000                __Vectors
                0x0000c1bc                . = ALIGN (0x4)
                0x0000c1bc                __section_table_start = .
                0x0000c1bc                __data_section_table = .
                0x0000c1bc        0x4 LONG 0x1d4a4 LOADADDR (.data)
                0x0000c1c0        0x4 LONG 0x20000000 ADDR (.data)
                0x0000c1c4        0x4 LONG 0x16d0 SIZEOF (.data)
                0x0000c1c8        0x4 LONG 0x1d4a4 LOADADDR (.data_RAM2)
                0x0000c1cc        0x4 LONG 0x1fff0000 ADDR (.data_RAM2)
                0x0000c1d0        0x4 LONG 0x0 SIZEOF (.data_RAM2)
                0x0000c1d4                __data_section_table_end = .
                0x0000c1d4                __bss_section_table = .
                0x0000c1d4        0x4 LONG 0x200016d0 ADDR (.bss)
                0x0000c1d8        0x4 LONG 0x484 SIZEOF (.bss)
                0x0000c1dc        0x4 LONG 0x1fff0000 ADDR (.bss_RAM2)
                0x0000c1e0        0x4 LONG 0x0 SIZEOF (.bss_RAM2)
                0x0000c1e4                __bss_section_table_end = .
                0x0000c1e4                __section_table_end = .
 *(.after_vectors*)
 .after_vectors.init_data
                0x0000c1e4       0x42 Startup/startup_mk60d10.o
                0x0000c1e4                data_init(unsigned int, unsigned int, unsigned int)
 .after_vectors.init_bss
                0x0000c226       0x36 Startup/startup_mk60d10.o
                0x0000c226                bss_init(unsigned int, unsigned int)
 .after_vectors.reset
                0x0000c25c       0xb4 Startup/startup_mk60d10.o
                0x0000c25c                ResetISR
 .after_vectors
                0x0000c310       0x3c Startup/startup_mk60d10.o
                0x0000c310                NMI_Handler
                0x0000c316                HardFault_Handler
                0x0000c31c                MemManage_Handler
                0x0000c322                BusFault_Handler
                0x0000c328                UsageFault_Handler
                0x0000c32e                SVC_Handler
                0x0000c334                DebugMon_Handler
                0x0000c33a                PendSV_Handler
                0x0000c340                SysTick_Handler
                0x0000c346                DMA_Error_DriverIRQHandler
                0x0000c346                LPTMR0_DriverIRQHandler
                0x0000c346                FTM1_DriverIRQHandler
                0x0000c346                FTM2_DriverIRQHandler
                0x0000c346                PIT2_DriverIRQHandler
                0x0000c346                SDHC_DriverIRQHandler
                0x0000c346                I2S0_Tx_DriverIRQHandler
                0x0000c346                TSI0_DriverIRQHandler
                0x0000c346                RTC_Seconds_DriverIRQHandler
                0x0000c346                Reserved109_DriverIRQHandler
                0x0000c346                DMA6_DriverIRQHandler
                0x0000c346                LLWU_DriverIRQHandler
                0x0000c346                MCM_DriverIRQHandler
                0x0000c346                MCG_DriverIRQHandler
                0x0000c346                ENET_1588_Timer_DriverIRQHandler
                0x0000c346                DAC1_DriverIRQHandler
                0x0000c346                SPI1_DriverIRQHandler
                0x0000c346                CMP1_DriverIRQHandler
                0x0000c346                UART5_RX_TX_DriverIRQHandler
                0x0000c346                FTM0_DriverIRQHandler
                0x0000c346                IntDefaultHandler
                0x0000c346                USB0_DriverIRQHandler
                0x0000c346                UART5_ERR_DriverIRQHandler
                0x0000c346                DMA11_DriverIRQHandler
                0x0000c346                DAC0_DriverIRQHandler
                0x0000c346                DMA10_DriverIRQHandler
                0x0000c346                CMP2_DriverIRQHandler
                0x0000c346                UART2_ERR_DriverIRQHandler
                0x0000c346                SPI2_DriverIRQHandler
                0x0000c346                LVD_LVW_DriverIRQHandler
                0x0000c346                RNG_DriverIRQHandler
                0x0000c346                DMA12_DriverIRQHandler
                0x0000c346                DMA4_DriverIRQHandler
                0x0000c346                UART2_RX_TX_DriverIRQHandler
                0x0000c346                USBDCD_DriverIRQHandler
                0x0000c346                UART3_ERR_DriverIRQHandler
                0x0000c346                DMA3_DriverIRQHandler
                0x0000c346                DMA8_DriverIRQHandler
                0x0000c346                DMA9_DriverIRQHandler
                0x0000c346                UART0_ERR_DriverIRQHandler
                0x0000c346                CMT_DriverIRQHandler
                0x0000c346                ADC1_DriverIRQHandler
                0x0000c346                DMA14_DriverIRQHandler
                0x0000c346                PIT3_DriverIRQHandler
                0x0000c346                PIT1_DriverIRQHandler
                0x0000c346                WDOG_EWM_DriverIRQHandler
                0x0000c346                PDB0_DriverIRQHandler
                0x0000c346                Reserved95_DriverIRQHandler
                0x0000c346                RTC_DriverIRQHandler
                0x0000c346                I2S0_Rx_DriverIRQHandler
                0x0000c346                Read_Collision_DriverIRQHandler
                0x0000c346                SWI_DriverIRQHandler
                0x0000c346                UART4_RX_TX_DriverIRQHandler
                0x0000c346                UART4_ERR_DriverIRQHandler
                0x0000c346                DMA0_DriverIRQHandler
                0x0000c346                UART0_LON_DriverIRQHandler
                0x0000c346                Reserved102_DriverIRQHandler
                0x0000c346                DMA1_DriverIRQHandler
                0x0000c346                I2C1_DriverIRQHandler
                0x0000c346                UART3_RX_TX_DriverIRQHandler
                0x0000c346                ENET_Receive_DriverIRQHandler
                0x0000c346                DMA13_DriverIRQHandler
                0x0000c346                ENET_Error_DriverIRQHandler
                0x0000c346                DMA15_DriverIRQHandler
                0x0000c346                SPI0_DriverIRQHandler
                0x0000c346                ADC0_DriverIRQHandler
                0x0000c346                FTFL_DriverIRQHandler
                0x0000c346                CMP0_DriverIRQHandler
                0x0000c346                CAN0_DriverIRQHandler
                0x0000c346                Reserved59_DriverIRQHandler
                0x0000c346                DMA5_DriverIRQHandler
                0x0000c346                UART1_ERR_DriverIRQHandler
                0x0000c346                DMA2_DriverIRQHandler
                0x0000c346                ENET_Transmit_DriverIRQHandler
                0x0000c346                I2C0_DriverIRQHandler
                0x0000c346                CAN1_DriverIRQHandler
                0x0000c346                DMA7_DriverIRQHandler
                0x0000c346                UART1_RX_TX_DriverIRQHandler
                0x0000c346                Reserved108_DriverIRQHandler
                0x00000400                . = 0x400
 *fill*         0x0000c34c       0xb4 ff
                0x0000c400                PROVIDE (__FLASH_CONFIG_START__ = .)
 *(.FlashConfig)
 .FlashConfig   0x0000c400       0x10 Startup/startup_mk60d10.o
                0x0000c410                PROVIDE (__FLASH_CONFIG_END__ = .)
                0x00000001                ASSERT (! ((__FLASH_CONFIG_START__ == __FLASH_CONFIG_END__)), Linker Flash Config Support Enabled, but no .FlashConfig section provided within application)

.eh_frame       0x0000c410        0x0
 .eh_frame      0x0000c410        0x0 c:/gcc-arm-none-eabi-10.3-2021.10/bin/../lib/gcc/arm-none-eabi/10.3.1/thumb/v7e-m/nofp/crtbegin.o

.glue_7         0x0000c410        0x0
 .glue_7        0x0000c410        0x0 linker stubs

.glue_7t        0x0000c410        0x0
 .glue_7t       0x0000c410        0x0 linker stubs

.vfp11_veneer   0x0000c410        0x0
 .vfp11_veneer  0x0000c410        0x0 linker stubs

.v4_bx          0x0000c410        0x0
 .v4_bx         0x0000c410        0x0 linker stubs

.iplt           0x0000c410        0x0
 .iplt          0x0000c410        0x0 c:/gcc-arm-none-eabi-10.3-2021.10/bin/../lib/gcc/arm-none-eabi/10.3.1/thumb/v7e-m/nofp/crtbegin.o

.text           0x0000c440    0x1105c
 *(.text*)
 .text          0x0000c440       0x40 c:/gcc-arm-none-eabi-10.3-2021.10/bin/../lib/gcc/arm-none-eabi/10.3.1/thumb/v7e-m/nofp/crtbegin.o
 .text._ZSt4atanf
                0x0000c480       0x18 ../main.o
                0x0000c480                std::atan(float)
 .text._ZSt4sqrtf
                0x0000c498       0x18 ../main.o
                0x0000c498                std::sqrt(float)
 .text._Z6setLCDv
                0x0000c4b0       0x78 ../main.o
                0x0000c4b0                setLCD()
 .text._Z11reportSpeedif
                0x0000c528       0x48 ../main.o
                0x0000c528                reportSpeed(int, float)
 .text._Z13reportMessagePKc
                0x0000c570       0x58 ../main.o
                0x0000c570                reportMessage(char const*)
 .text._ZN5RobotC2Ev
                0x0000c5c8       0x60 ../main.o
                0x0000c5c8                Robot::Robot()
                0x0000c5c8                Robot::Robot()
 .text._ZN5Robot7moveArmEf
                0x0000c628       0x20 ../main.o
                0x0000c628                Robot::moveArm(float)
 .text._ZN5Robot4turnEfi
                0x0000c648       0x42 ../main.o
                0x0000c648                Robot::turn(float, int)
 .text._ZN5Robot4moveEffi
                0x0000c68a       0x2c ../main.o
                0x0000c68a                Robot::move(float, float, int)
 *fill*         0x0000c6b6        0x2 
 .text._ZN5Robot13moveUnboundedEfi
                0x0000c6b8      0x16c ../main.o
                0x0000c6b8                Robot::moveUnbounded(float, int)
 .text._ZN5Robot4stopEv
                0x0000c824       0x22 ../main.o
                0x0000c824                Robot::stop()
 *fill*         0x0000c846        0x2 
 .text._ZN5Robot15setMotorPercentEfff
                0x0000c848      0x144 ../main.o
                0x0000c848                Robot::setMotorPercent(float, float, float)
 .text._Z11detectLightv
                0x0000c98c       0x44 ../main.o
                0x0000c98c                detectLight()
 .text._Z9twistFlip5Robot
                0x0000c9d0       0x68 ../main.o
                0x0000c9d0                twistFlip(Robot)
 .text._Z11moveToTwist5Robot
                0x0000ca38       0x5c ../main.o
                0x0000ca38                moveToTwist(Robot)
 .text._ZSt4fmodIfdEN9__gnu_cxx11__promote_2IT_T0_NS0_9__promoteIS2_XsrSt12__is_integerIS2_E7__valueEE6__typeENS4_IS3_XsrS5_IS3_E7__valueEE6__typeEE6__typeES2_S3_
                0x0000ca94       0x28 ../main.o
                0x0000ca94                __gnu_cxx::__promote_2<float, double, __gnu_cxx::__promote<float, std::__is_integer<float>::__value>::__type, __gnu_cxx::__promote<double, std::__is_integer<double>::__value>::__type>::__type std::fmod<float, double>(float, double)
 .text._Z15angleDifferenceff
                0x0000cabc       0x9c ../main.o
                0x0000cabc                angleDifference(float, float)
 .text._Z12checkHeadingfff
                0x0000cb58       0x68 ../main.o
                0x0000cb58                checkHeading(float, float, float)
 .text._Z12moveToSetPos5Robotffff
                0x0000cbc0      0x3bc ../main.o
                0x0000cbc0                moveToSetPos(Robot, float, float, float, float)
 .text._Z10moveUpRamp5Robot
                0x0000cf7c       0x40 ../main.o
                0x0000cf7c                moveUpRamp(Robot)
 .text._Z12waitForLightv
                0x0000cfbc       0x3c ../main.o
                0x0000cfbc                waitForLight()
 .text._Z12waitForTouchv
                0x0000cff8       0x34 ../main.o
                0x0000cff8                waitForTouch()
 *fill*         0x0000d02c        0x4 
 .text._Z6getRPSPfS_
                0x0000d030      0x1a8 ../main.o
                0x0000d030                getRPS(float*, float*)
 .text.main     0x0000d1d8       0x4c ../main.o
                0x0000d1d8                main
 .text._Z41__static_initialization_and_destruction_0ii
                0x0000d224       0x74 ../main.o
 .text._GLOBAL__sub_I_currentRow
                0x0000d298       0x10 ../main.o
 .text.PORTD_IRQHandler
                0x0000d2a8       0x50 Startup/startup_mk60d10.o
                0x0000d2a8                PORTD_IRQHandler
 .text._Z15InitPowerButtonv
                0x0000d2f8       0x60 Startup/startup_mk60d10.o
                0x0000d2f8                InitPowerButton()
 .text._ZL11pll_init_blv
                0x0000d358       0xe0 Startup/startup_mk60d10.o
 .text._Z14InitFEHProteusv
                0x0000d438       0xec Startup/startup_mk60d10.o
                0x0000d438                InitFEHProteus()
 .text.DMA0_IRQHandler
                0x0000d524        0xc Startup/startup_mk60d10.o
                0x0000d524                DMA0_IRQHandler
 .text.DMA1_IRQHandler
                0x0000d530        0xc Startup/startup_mk60d10.o
                0x0000d530                DMA1_IRQHandler
 .text.DMA2_IRQHandler
                0x0000d53c        0xc Startup/startup_mk60d10.o
                0x0000d53c                DMA2_IRQHandler
 .text.DMA3_IRQHandler
                0x0000d548        0xc Startup/startup_mk60d10.o
                0x0000d548                DMA3_IRQHandler
 .text.DMA4_IRQHandler
                0x0000d554        0xc Startup/startup_mk60d10.o
                0x0000d554                DMA4_IRQHandler
 .text.DMA5_IRQHandler
                0x0000d560        0xc Startup/startup_mk60d10.o
                0x0000d560                DMA5_IRQHandler
 .text.DMA6_IRQHandler
                0x0000d56c        0xc Startup/startup_mk60d10.o
                0x0000d56c                DMA6_IRQHandler
 .text.DMA7_IRQHandler
                0x0000d578        0xc Startup/startup_mk60d10.o
                0x0000d578                DMA7_IRQHandler
 .text.DMA8_IRQHandler
                0x0000d584        0xc Startup/startup_mk60d10.o
                0x0000d584                DMA8_IRQHandler
 .text.DMA9_IRQHandler
                0x0000d590        0xc Startup/startup_mk60d10.o
                0x0000d590                DMA9_IRQHandler
 .text.DMA10_IRQHandler
                0x0000d59c        0xc Startup/startup_mk60d10.o
                0x0000d59c                DMA10_IRQHandler
 .text.DMA11_IRQHandler
                0x0000d5a8        0xc Startup/startup_mk60d10.o
                0x0000d5a8                DMA11_IRQHandler
 .text.DMA12_IRQHandler
                0x0000d5b4        0xc Startup/startup_mk60d10.o
                0x0000d5b4                DMA12_IRQHandler
 .text.DMA13_IRQHandler
                0x0000d5c0        0xc Startup/startup_mk60d10.o
                0x0000d5c0                DMA13_IRQHandler
 .text.DMA14_IRQHandler
                0x0000d5cc        0xc Startup/startup_mk60d10.o
                0x0000d5cc                DMA14_IRQHandler
 .text.DMA15_IRQHandler
                0x0000d5d8        0xc Startup/startup_mk60d10.o
                0x0000d5d8                DMA15_IRQHandler
 .text.DMA_Error_IRQHandler
                0x0000d5e4        0xc Startup/startup_mk60d10.o
                0x0000d5e4                DMA_Error_IRQHandler
 .text.MCM_IRQHandler
                0x0000d5f0        0xc Startup/startup_mk60d10.o
                0x0000d5f0                MCM_IRQHandler
 .text.FTFL_IRQHandler
                0x0000d5fc        0xc Startup/startup_mk60d10.o
                0x0000d5fc                FTFL_IRQHandler
 .text.Read_Collision_IRQHandler
                0x0000d608        0xc Startup/startup_mk60d10.o
                0x0000d608                Read_Collision_IRQHandler
 .text.LVD_LVW_IRQHandler
                0x0000d614        0xc Startup/startup_mk60d10.o
                0x0000d614                LVD_LVW_IRQHandler
 .text.LLWU_IRQHandler
                0x0000d620        0xc Startup/startup_mk60d10.o
                0x0000d620                LLWU_IRQHandler
 .text.WDOG_EWM_IRQHandler
                0x0000d62c        0xc Startup/startup_mk60d10.o
                0x0000d62c                WDOG_EWM_IRQHandler
 .text.RNG_IRQHandler
                0x0000d638        0xc Startup/startup_mk60d10.o
                0x0000d638                RNG_IRQHandler
 .text.I2C0_IRQHandler
                0x0000d644        0xc Startup/startup_mk60d10.o
                0x0000d644                I2C0_IRQHandler
 .text.I2C1_IRQHandler
                0x0000d650        0xc Startup/startup_mk60d10.o
                0x0000d650                I2C1_IRQHandler
 .text.SPI0_IRQHandler
                0x0000d65c        0xc Startup/startup_mk60d10.o
                0x0000d65c                SPI0_IRQHandler
 .text.SPI1_IRQHandler
                0x0000d668        0xc Startup/startup_mk60d10.o
                0x0000d668                SPI1_IRQHandler
 .text.SPI2_IRQHandler
                0x0000d674        0xc Startup/startup_mk60d10.o
                0x0000d674                SPI2_IRQHandler
 .text.CAN0_ORed_Message_buffer_IRQHandler
                0x0000d680        0xc Startup/startup_mk60d10.o
                0x0000d680                CAN0_ORed_Message_buffer_IRQHandler
 .text.CAN0_Bus_Off_IRQHandler
                0x0000d68c        0xc Startup/startup_mk60d10.o
                0x0000d68c                CAN0_Bus_Off_IRQHandler
 .text.CAN0_Error_IRQHandler
                0x0000d698        0xc Startup/startup_mk60d10.o
                0x0000d698                CAN0_Error_IRQHandler
 .text.CAN0_Tx_Warning_IRQHandler
                0x0000d6a4        0xc Startup/startup_mk60d10.o
                0x0000d6a4                CAN0_Tx_Warning_IRQHandler
 .text.CAN0_Rx_Warning_IRQHandler
                0x0000d6b0        0xc Startup/startup_mk60d10.o
                0x0000d6b0                CAN0_Rx_Warning_IRQHandler
 .text.CAN0_Wake_Up_IRQHandler
                0x0000d6bc        0xc Startup/startup_mk60d10.o
                0x0000d6bc                CAN0_Wake_Up_IRQHandler
 .text.I2S0_Tx_IRQHandler
                0x0000d6c8        0xc Startup/startup_mk60d10.o
                0x0000d6c8                I2S0_Tx_IRQHandler
 .text.I2S0_Rx_IRQHandler
                0x0000d6d4        0xc Startup/startup_mk60d10.o
                0x0000d6d4                I2S0_Rx_IRQHandler
 .text.CAN1_ORed_Message_buffer_IRQHandler
                0x0000d6e0        0xc Startup/startup_mk60d10.o
                0x0000d6e0                CAN1_ORed_Message_buffer_IRQHandler
 .text.CAN1_Bus_Off_IRQHandler
                0x0000d6ec        0xc Startup/startup_mk60d10.o
                0x0000d6ec                CAN1_Bus_Off_IRQHandler
 .text.CAN1_Error_IRQHandler
                0x0000d6f8        0xc Startup/startup_mk60d10.o
                0x0000d6f8                CAN1_Error_IRQHandler
 .text.CAN1_Tx_Warning_IRQHandler
                0x0000d704        0xc Startup/startup_mk60d10.o
                0x0000d704                CAN1_Tx_Warning_IRQHandler
 .text.CAN1_Rx_Warning_IRQHandler
                0x0000d710        0xc Startup/startup_mk60d10.o
                0x0000d710                CAN1_Rx_Warning_IRQHandler
 .text.CAN1_Wake_Up_IRQHandler
                0x0000d71c        0xc Startup/startup_mk60d10.o
                0x0000d71c                CAN1_Wake_Up_IRQHandler
 .text.Reserved59_IRQHandler
                0x0000d728        0xc Startup/startup_mk60d10.o
                0x0000d728                Reserved59_IRQHandler
 .text.UART0_LON_IRQHandler
                0x0000d734        0xc Startup/startup_mk60d10.o
                0x0000d734                UART0_LON_IRQHandler
 .text.UART0_ERR_IRQHandler
                0x0000d740        0xc Startup/startup_mk60d10.o
                0x0000d740                UART0_ERR_IRQHandler
 .text.UART1_RX_TX_IRQHandler
                0x0000d74c        0xc Startup/startup_mk60d10.o
                0x0000d74c                UART1_RX_TX_IRQHandler
 .text.UART1_ERR_IRQHandler
                0x0000d758        0xc Startup/startup_mk60d10.o
                0x0000d758                UART1_ERR_IRQHandler
 .text.UART2_RX_TX_IRQHandler
                0x0000d764        0xc Startup/startup_mk60d10.o
                0x0000d764                UART2_RX_TX_IRQHandler
 .text.UART2_ERR_IRQHandler
                0x0000d770        0xc Startup/startup_mk60d10.o
                0x0000d770                UART2_ERR_IRQHandler
 .text.UART3_RX_TX_IRQHandler
                0x0000d77c        0xc Startup/startup_mk60d10.o
                0x0000d77c                UART3_RX_TX_IRQHandler
 .text.UART3_ERR_IRQHandler
                0x0000d788        0xc Startup/startup_mk60d10.o
                0x0000d788                UART3_ERR_IRQHandler
 .text.UART4_RX_TX_IRQHandler
                0x0000d794        0xc Startup/startup_mk60d10.o
                0x0000d794                UART4_RX_TX_IRQHandler
 .text.UART4_ERR_IRQHandler
                0x0000d7a0        0xc Startup/startup_mk60d10.o
                0x0000d7a0                UART4_ERR_IRQHandler
 .text.UART5_RX_TX_IRQHandler
                0x0000d7ac        0xc Startup/startup_mk60d10.o
                0x0000d7ac                UART5_RX_TX_IRQHandler
 .text.UART5_ERR_IRQHandler
                0x0000d7b8        0xc Startup/startup_mk60d10.o
                0x0000d7b8                UART5_ERR_IRQHandler
 .text.ADC0_IRQHandler
                0x0000d7c4        0xc Startup/startup_mk60d10.o
                0x0000d7c4                ADC0_IRQHandler
 .text.ADC1_IRQHandler
                0x0000d7d0        0xc Startup/startup_mk60d10.o
                0x0000d7d0                ADC1_IRQHandler
 .text.CMP0_IRQHandler
                0x0000d7dc        0xc Startup/startup_mk60d10.o
                0x0000d7dc                CMP0_IRQHandler
 .text.CMP1_IRQHandler
                0x0000d7e8        0xc Startup/startup_mk60d10.o
                0x0000d7e8                CMP1_IRQHandler
 .text.CMP2_IRQHandler
                0x0000d7f4        0xc Startup/startup_mk60d10.o
                0x0000d7f4                CMP2_IRQHandler
 .text.FTM0_IRQHandler
                0x0000d800        0xc Startup/startup_mk60d10.o
                0x0000d800                FTM0_IRQHandler
 .text.FTM1_IRQHandler
                0x0000d80c        0xc Startup/startup_mk60d10.o
                0x0000d80c                FTM1_IRQHandler
 .text.FTM2_IRQHandler
                0x0000d818        0xc Startup/startup_mk60d10.o
                0x0000d818                FTM2_IRQHandler
 .text.CMT_IRQHandler
                0x0000d824        0xc Startup/startup_mk60d10.o
                0x0000d824                CMT_IRQHandler
 .text.RTC_IRQHandler
                0x0000d830        0xc Startup/startup_mk60d10.o
                0x0000d830                RTC_IRQHandler
 .text.RTC_Seconds_IRQHandler
                0x0000d83c        0xc Startup/startup_mk60d10.o
                0x0000d83c                RTC_Seconds_IRQHandler
 .text.PIT1_IRQHandler
                0x0000d848        0xc Startup/startup_mk60d10.o
                0x0000d848                PIT1_IRQHandler
 .text.PIT2_IRQHandler
                0x0000d854        0xc Startup/startup_mk60d10.o
                0x0000d854                PIT2_IRQHandler
 .text.PIT3_IRQHandler
                0x0000d860        0xc Startup/startup_mk60d10.o
                0x0000d860                PIT3_IRQHandler
 .text.PDB0_IRQHandler
                0x0000d86c        0xc Startup/startup_mk60d10.o
                0x0000d86c                PDB0_IRQHandler
 .text.USB0_IRQHandler
                0x0000d878        0xc Startup/startup_mk60d10.o
                0x0000d878                USB0_IRQHandler
 .text.USBDCD_IRQHandler
                0x0000d884        0xc Startup/startup_mk60d10.o
                0x0000d884                USBDCD_IRQHandler
 .text.ENET_1588_Timer_IRQHandler
                0x0000d890        0xc Startup/startup_mk60d10.o
                0x0000d890                ENET_1588_Timer_IRQHandler
 .text.ENET_Transmit_IRQHandler
                0x0000d89c        0xc Startup/startup_mk60d10.o
                0x0000d89c                ENET_Transmit_IRQHandler
 .text.ENET_Receive_IRQHandler
                0x0000d8a8        0xc Startup/startup_mk60d10.o
                0x0000d8a8                ENET_Receive_IRQHandler
 .text.ENET_Error_IRQHandler
                0x0000d8b4        0xc Startup/startup_mk60d10.o
                0x0000d8b4                ENET_Error_IRQHandler
 .text.Reserved95_IRQHandler
                0x0000d8c0        0xc Startup/startup_mk60d10.o
                0x0000d8c0                Reserved95_IRQHandler
 .text.SDHC_IRQHandler
                0x0000d8cc        0xc Startup/startup_mk60d10.o
                0x0000d8cc                SDHC_IRQHandler
 .text.DAC0_IRQHandler
                0x0000d8d8        0xc Startup/startup_mk60d10.o
                0x0000d8d8                DAC0_IRQHandler
 .text.DAC1_IRQHandler
                0x0000d8e4        0xc Startup/startup_mk60d10.o
                0x0000d8e4                DAC1_IRQHandler
 .text.TSI0_IRQHandler
                0x0000d8f0        0xc Startup/startup_mk60d10.o
                0x0000d8f0                TSI0_IRQHandler
 .text.MCG_IRQHandler
                0x0000d8fc        0xc Startup/startup_mk60d10.o
                0x0000d8fc                MCG_IRQHandler
 .text.LPTMR0_IRQHandler
                0x0000d908        0xc Startup/startup_mk60d10.o
                0x0000d908                LPTMR0_IRQHandler
 .text.Reserved102_IRQHandler
                0x0000d914        0xc Startup/startup_mk60d10.o
                0x0000d914                Reserved102_IRQHandler
 .text.Reserved108_IRQHandler
                0x0000d920        0xc Startup/startup_mk60d10.o
                0x0000d920                Reserved108_IRQHandler
 .text.Reserved109_IRQHandler
                0x0000d92c        0xc Startup/startup_mk60d10.o
                0x0000d92c                Reserved109_IRQHandler
 .text.SWI_IRQHandler
                0x0000d938        0xc Startup/startup_mk60d10.o
                0x0000d938                SWI_IRQHandler
 *fill*         0x0000d944        0x4 
 .text._ZN8FEHMotorC2ENS_12FEHMotorPortEf
                0x0000d948       0x7c Libraries/FEHMotor.o
                0x0000d948                FEHMotor::FEHMotor(FEHMotor::FEHMotorPort, float)
                0x0000d948                FEHMotor::FEHMotor(FEHMotor::FEHMotorPort, float)
 .text._ZN8FEHMotor8SetPowerEi
                0x0000d9c4       0x54 Libraries/FEHMotor.o
                0x0000d9c4                FEHMotor::SetPower(int)
 .text._ZN8FEHMotor10SetPercentEf
                0x0000da18       0xf8 Libraries/FEHMotor.o
                0x0000da18                FEHMotor::SetPercent(float)
 .text._Z21IIC_StartTransmissionhh
                0x0000db10       0x6c Drivers/i2c.o
                0x0000db10                IIC_StartTransmission(unsigned char, unsigned char)
 .text._Z5Pausev
                0x0000db7c       0x24 Drivers/i2c.o
                0x0000db7c                Pause()
 .text._Z21MMA8451QWriteRegisterhh
                0x0000dba0       0x68 Drivers/i2c.o
                0x0000dba0                MMA8451QWriteRegister(unsigned char, unsigned char)
 .text._Z8i2c_Waitv
                0x0000dc08       0x6c Drivers/i2c.o
                0x0000dc08                i2c_Wait()
 .text._Z12SPI_SendCharh
                0x0000dc74       0x1a Drivers/spi.o
                0x0000dc74                SPI_SendChar(unsigned char)
 .text._Z16SPI_WriteCommandhh
                0x0000dc8e       0x34 Drivers/spi.o
                0x0000dc8e                SPI_WriteCommand(unsigned char, unsigned char)
 .text._Z11SPI_GetCharv
                0x0000dcc2       0x10 Drivers/spi.o
                0x0000dcc2                SPI_GetChar()
 .text._Z15SPI_ReadCommandh
                0x0000dcd2       0x38 Drivers/spi.o
                0x0000dcd2                SPI_ReadCommand(unsigned char)
 *fill*         0x0000dd0a        0x2 
 .text._Z13SPI_CS_Assertv
                0x0000dd0c       0x1c Drivers/spi.o
                0x0000dd0c                SPI_CS_Assert()
 .text._Z15SPI_CS_Deassertv
                0x0000dd28       0x1c Drivers/spi.o
                0x0000dd28                SPI_CS_Deassert()
 .text._Z12SPI_Transferh
                0x0000dd44       0x6c Drivers/spi.o
                0x0000dd44                SPI_Transfer(unsigned char)
 .text._Z8SPI_Initv
                0x0000ddb0       0xa0 Drivers/spi.o
                0x0000ddb0                SPI_Init()
 .text._Z9uart_initPV11UART_MemMapii
                0x0000de50      0x174 Drivers/uart.o
                0x0000de50                uart_init(UART_MemMap volatile*, int, int)
 .text._Z12uart_getcharPV11UART_MemMap
                0x0000dfc4       0x32 Drivers/uart.o
                0x0000dfc4                uart_getchar(UART_MemMap volatile*)
 .text._Z12uart_putcharPV11UART_MemMapc
                0x0000dff6       0x32 Drivers/uart.o
                0x0000dff6                uart_putchar(UART_MemMap volatile*, char)
 .text._ZL7mem_setPvij
                0x0000e028       0x3c Drivers/ff.o
 .text._ZL11move_windowP5FATFSm
                0x0000e064       0xc8 Drivers/ff.o
 .text._ZL4syncP5FATFS
                0x0000e12c      0x14c Drivers/ff.o
 .text._ZL8validateP5FATFSt
                0x0000e278       0x54 Drivers/ff.o
 .text._Z6f_syncP3FIL
                0x0000e2cc      0x186 Drivers/ff.o
                0x0000e2cc                f_sync(FIL*)
 .text._Z7f_closeP3FIL
                0x0000e452       0x28 Drivers/ff.o
                0x0000e452                f_close(FIL*)
 *fill*         0x0000e47a        0x2 
 .text._ZL17SDHC_set_baudratemm
                0x0000e47c       0xe8 Drivers/SDHC.o
 .text._Z9SDHC_initP17esdhc_info_structPK17esdhc_init_struct
                0x0000e564      0x130 Drivers/SDHC.o
                0x0000e564                SDHC_init(esdhc_info_struct*, esdhc_init_struct const*)
 .text._ZL15SDHC_is_runningv
                0x0000e694       0x24 Drivers/SDHC.o
 .text._ZL16SDHC_status_waitm
                0x0000e6b8       0x2c Drivers/SDHC.o
 .text._ZL17SDHC_send_commandP20esdhc_command_struct
                0x0000e6e4      0x1f8 Drivers/SDHC.o
 .text._Z10SDHC_ioctlmPv
                0x0000e8dc      0x6f0 Drivers/SDHC.o
                0x0000e8dc                SDHC_ioctl(unsigned long, void*)
 .text._ZL14rcvr_datablockPhm
                0x0000efcc       0xf0 Drivers/SDHC.o
 .text._Z9disk_readhPhmh
                0x0000f0bc      0x124 Drivers/SDHC.o
                0x0000f0bc                disk_read(unsigned char, unsigned char*, unsigned long, unsigned char)
 .text._ZL14xmit_datablockPKhm
                0x0000f1e0       0xa4 Drivers/SDHC.o
 .text._Z10disk_writehPKhmh
                0x0000f284      0x198 Drivers/SDHC.o
                0x0000f284                disk_write(unsigned char, unsigned char const*, unsigned long, unsigned char)
 .text._Z10disk_ioctlhhPv
                0x0000f41c      0x104 Drivers/SDHC.o
                0x0000f41c                disk_ioctl(unsigned char, unsigned char, void*)
 .text._Z11disk_statush
                0x0000f520       0x28 Drivers/SDHC.o
                0x0000f520                disk_status(unsigned char)
 .text._Z13time_delay_msm
                0x0000f548       0x6c Drivers/lptmr.o
                0x0000f548                time_delay_ms(unsigned long)
 .text._Z41__static_initialization_and_destruction_0ii
                0x0000f5b4       0x2c FEHProteus.o
 .text._GLOBAL__sub_I_Propeller
                0x0000f5e0       0x10 FEHProteus.o
 .text._ZN12FEHPropellerC2Ev
                0x0000f5f0       0x1a Drivers/FEHPropeller.o
                0x0000f5f0                FEHPropeller::FEHPropeller()
                0x0000f5f0                FEHPropeller::FEHPropeller()
 *fill*         0x0000f60a        0x2 
 .text._ZN12FEHPropeller10InitializeEv
                0x0000f60c       0x74 Drivers/FEHPropeller.o
                0x0000f60c                FEHPropeller::Initialize()
 .text._ZN12FEHPropeller12SetMotorRateEhhh
                0x0000f680       0x5c Drivers/FEHPropeller.o
                0x0000f680                FEHPropeller::SetMotorRate(unsigned char, unsigned char, unsigned char)
 .text._ZL5Delaymjj
                0x0000f6dc       0x94 Libraries/FEHUtility.o
 .text._Z5Sleepi
                0x0000f770       0x2c Libraries/FEHUtility.o
                0x0000f770                Sleep(int)
 .text._Z5Sleepf
                0x0000f79c       0x40 Libraries/FEHUtility.o
                0x0000f79c                Sleep(float)
 .text._Z5Sleepd
                0x0000f7dc       0x4c Libraries/FEHUtility.o
                0x0000f7dc                Sleep(double)
 .text._Z11TimeNowMSecv
                0x0000f828       0x38 Libraries/FEHUtility.o
                0x0000f828                TimeNowMSec()
 .text._Z16PORTB_IRQHandlerv
                0x0000f860       0x9c Libraries/FEHIO.o
                0x0000f860                PORTB_IRQHandler()
 .text._Z16PORTC_IRQHandlerv
                0x0000f8fc       0x9c Libraries/FEHIO.o
                0x0000f8fc                PORTC_IRQHandler()
 .text._Z16PORTA_IRQHandlerv
                0x0000f998       0xa0 Libraries/FEHIO.o
                0x0000f998                PORTA_IRQHandler()
 .text._Z16PORTE_IRQHandlerv
                0x0000fa38       0x98 Libraries/FEHIO.o
                0x0000fa38                PORTE_IRQHandler()
 .text._ZN14AnalogInputPinC2EN5FEHIO8FEHIOPinE
                0x0000fad0       0x1e Libraries/FEHIO.o
                0x0000fad0                AnalogInputPin::AnalogInputPin(FEHIO::FEHIOPin)
                0x0000fad0                AnalogInputPin::AnalogInputPin(FEHIO::FEHIOPin)
 *fill*         0x0000faee        0x2 
 .text._ZN14AnalogInputPin5ValueEv
                0x0000faf0      0x120 Libraries/FEHIO.o
                0x0000faf0                AnalogInputPin::Value()
 .text._ZN13AnalogEncoder12EncoderValueEv
                0x0000fc10       0xb0 Libraries/FEHIO.o
                0x0000fc10                AnalogEncoder::EncoderValue()
 .text._ZN14AnalogInputPin8InitADCsEv
                0x0000fcc0       0x98 Libraries/FEHIO.o
                0x0000fcc0                AnalogInputPin::InitADCs()
 .text._Z15PIT0_IRQHandlerv
                0x0000fd58       0x28 Libraries/FEHIO.o
                0x0000fd58                PIT0_IRQHandler()
 .text._ZN13AnalogEncoder4InitEv
                0x0000fd80       0x44 Libraries/FEHIO.o
                0x0000fd80                AnalogEncoder::Init()
 .text._ZN13AnalogEncoder14SetCounterInitEj
                0x0000fdc4       0x20 Libraries/FEHIO.o
                0x0000fdc4                AnalogEncoder::SetCounterInit(unsigned int)
 .text._ZN13AnalogEncoder10ProcessIntEv
                0x0000fde4       0x68 Libraries/FEHIO.o
                0x0000fde4                AnalogEncoder::ProcessInt()
 .text._ZN13AnalogEncoder14ProcessIntSelfEv
                0x0000fe4c       0x6e Libraries/FEHIO.o
                0x0000fe4c                AnalogEncoder::ProcessIntSelf()
 .text._Z7ADC_CalPV10ADC_MemMap
                0x0000feba      0x13e Drivers/adc16.o
                0x0000feba                ADC_Cal(ADC_MemMap volatile*)
 .text._Z14ADC_Config_AltPV10ADC_MemMapP7adc_cfg
                0x0000fff8       0x6c Drivers/adc16.o
                0x0000fff8                ADC_Config_Alt(ADC_MemMap volatile*, adc_cfg*)
 .text._ZN9FEHBuzzerC2Ev
                0x00010064       0x14 Libraries/FEHBuzzer.o
                0x00010064                FEHBuzzer::FEHBuzzer()
                0x00010064                FEHBuzzer::FEHBuzzer()
 .text._Z41__static_initialization_and_destruction_0ii
                0x00010078       0x2c Libraries/FEHBuzzer.o
 .text._GLOBAL__sub_I_Buzzer
                0x000100a4       0x10 Libraries/FEHBuzzer.o
 .text._ZN8FEHServoC2ENS_12FEHServoPortE
                0x000100b4       0x38 Libraries/FEHServo.o
                0x000100b4                FEHServo::FEHServo(FEHServo::FEHServoPort)
                0x000100b4                FEHServo::FEHServo(FEHServo::FEHServoPort)
 .text._ZN8FEHServo6SetMinEi
                0x000100ec       0x3a Libraries/FEHServo.o
                0x000100ec                FEHServo::SetMin(int)
 .text._ZN8FEHServo6SetMaxEi
                0x00010126       0x3a Libraries/FEHServo.o
                0x00010126                FEHServo::SetMax(int)
 .text._ZN8FEHServo9SetDegreeEf
                0x00010160       0xf8 Libraries/FEHServo.o
                0x00010160                FEHServo::SetDegree(float)
 .text._ZN6FEHLCD11_InitializeEv
                0x00010258      0x410 Libraries/FEHLCD.o
                0x00010258                FEHLCD::_Initialize()
 .text._ZN6FEHLCDC2Ev
                0x00010668       0x50 Libraries/FEHLCD.o
                0x00010668                FEHLCD::FEHLCD()
                0x00010668                FEHLCD::FEHLCD()
 .text._ZN6FEHLCD10InitializeEv
                0x000106b8       0x28 Libraries/FEHLCD.o
                0x000106b8                FEHLCD::Initialize()
 .text._ZN6FEHLCD10PrintImageEii
                0x000106e0       0xbc Libraries/FEHLCD.o
                0x000106e0                FEHLCD::PrintImage(int, int)
 .text._ZN6FEHLCD9PrintLogoEii
                0x0001079c       0xbc Libraries/FEHLCD.o
                0x0001079c                FEHLCD::PrintLogo(int, int)
 .text._ZN6FEHLCD22ConvertFEHColorTo24BitENS_11FEHLCDColorE
                0x00010858       0x78 Libraries/FEHLCD.o
                0x00010858                FEHLCD::ConvertFEHColorTo24Bit(FEHLCD::FEHLCDColor)
 .text._ZN6FEHLCD24Convert24BitColorTo16BitEj
                0x000108d0       0x30 Libraries/FEHLCD.o
                0x000108d0                FEHLCD::Convert24BitColorTo16Bit(unsigned int)
 .text._ZN6FEHLCD22ConvertRGBColorTo16BitEhhh
                0x00010900       0x4a Libraries/FEHLCD.o
                0x00010900                FEHLCD::ConvertRGBColorTo16Bit(unsigned char, unsigned char, unsigned char)
 .text._ZN6FEHLCD5ClearENS_11FEHLCDColorE
                0x0001094a       0x28 Libraries/FEHLCD.o
                0x0001094a                FEHLCD::Clear(FEHLCD::FEHLCDColor)
 .text._ZN6FEHLCD5ClearEj
                0x00010972       0x2c Libraries/FEHLCD.o
                0x00010972                FEHLCD::Clear(unsigned int)
 .text._ZN6FEHLCD5ClearEv
                0x0001099e       0x16 Libraries/FEHLCD.o
                0x0001099e                FEHLCD::Clear()
 .text._ZN6FEHLCD18SetBackgroundColorENS_11FEHLCDColorE
                0x000109b4       0x28 Libraries/FEHLCD.o
                0x000109b4                FEHLCD::SetBackgroundColor(FEHLCD::FEHLCDColor)
 .text._ZN6FEHLCD18SetBackgroundColorEj
                0x000109dc       0x26 Libraries/FEHLCD.o
                0x000109dc                FEHLCD::SetBackgroundColor(unsigned int)
 .text._ZN6FEHLCD12SetFontColorENS_11FEHLCDColorE
                0x00010a02       0x28 Libraries/FEHLCD.o
                0x00010a02                FEHLCD::SetFontColor(FEHLCD::FEHLCDColor)
 .text._ZN6FEHLCD12SetFontColorEj
                0x00010a2a       0x26 Libraries/FEHLCD.o
                0x00010a2a                FEHLCD::SetFontColor(unsigned int)
 .text._ZN6FEHLCD7WriteAtEPKcii
                0x00010a50       0x46 Libraries/FEHLCD.o
                0x00010a50                FEHLCD::WriteAt(char const*, int, int)
 *fill*         0x00010a96        0x2 
 .text._ZN6FEHLCD7WriteAtEfii
                0x00010a98       0xb8 Libraries/FEHLCD.o
                0x00010a98                FEHLCD::WriteAt(float, int, int)
 .text._ZN6FEHLCD11TS_SPI_InitEv
                0x00010b50       0x7c Libraries/FEHLCD.o
                0x00010b50                FEHLCD::TS_SPI_Init()
 *fill*         0x00010bcc        0x4 
 .text._ZN6FEHLCD5TouchEPfS0_
                0x00010bd0      0x1fc Libraries/FEHLCD.o
                0x00010bd0                FEHLCD::Touch(float*, float*)
 .text._ZN6FEHLCD3absEi
                0x00010dcc       0x22 Libraries/FEHLCD.o
                0x00010dcc                FEHLCD::abs(int)
 .text._ZN6FEHLCD7WriteRCEPKcii
                0x00010dee       0x38 Libraries/FEHLCD.o
                0x00010dee                FEHLCD::WriteRC(char const*, int, int)
 .text._ZN6FEHLCD7WriteRCEfii
                0x00010e26       0x38 Libraries/FEHLCD.o
                0x00010e26                FEHLCD::WriteRC(float, int, int)
 .text._ZN6FEHLCD5WriteEPKc
                0x00010e5e       0x4e Libraries/FEHLCD.o
                0x00010e5e                FEHLCD::Write(char const*)
 .text._ZN6FEHLCD5WriteEc
                0x00010eac       0x30 Libraries/FEHLCD.o
                0x00010eac                FEHLCD::Write(char)
 .text._ZN6FEHLCD9WriteLineEPKc
                0x00010edc       0x26 Libraries/FEHLCD.o
                0x00010edc                FEHLCD::WriteLine(char const*)
 .text._ZN6FEHLCD9WriteLineEc
                0x00010f02       0x2a Libraries/FEHLCD.o
                0x00010f02                FEHLCD::WriteLine(char)
 .text._ZN6FEHLCD10WriteIndexEh
                0x00010f2c      0x14c Libraries/FEHLCD.o
                0x00010f2c                FEHLCD::WriteIndex(unsigned char)
 .text._ZN6FEHLCD14WriteParameterEh
                0x00011078      0x130 Libraries/FEHLCD.o
                0x00011078                FEHLCD::WriteParameter(unsigned char)
 .text._ZN6FEHLCD11ClearBufferEv
                0x000111a8       0x44 Libraries/FEHLCD.o
                0x000111a8                FEHLCD::ClearBuffer()
 .text._ZN6FEHLCD6_ClearEv
                0x000111ec      0x15c Libraries/FEHLCD.o
                0x000111ec                FEHLCD::_Clear()
 .text._ZN6FEHLCD8NextLineEv
                0x00011348       0x2a Libraries/FEHLCD.o
                0x00011348                FEHLCD::NextLine()
 .text._ZN6FEHLCD9CheckLineEv
                0x00011372       0x28 Libraries/FEHLCD.o
                0x00011372                FEHLCD::CheckLine()
 .text._ZN6FEHLCD8NextCharEv
                0x0001139a       0x32 Libraries/FEHLCD.o
                0x0001139a                FEHLCD::NextChar()
 .text._ZN6FEHLCD9DrawPixelEii
                0x000113cc       0x2a Libraries/FEHLCD.o
                0x000113cc                FEHLCD::DrawPixel(int, int)
 .text._Z4SwapRiS_
                0x000113f6       0x28 Libraries/FEHLCD.o
                0x000113f6                Swap(int&, int&)
 .text._ZN6FEHLCD13DrawRectangleEiiii
                0x0001141e       0x7c Libraries/FEHLCD.o
                0x0001141e                FEHLCD::DrawRectangle(int, int, int, int)
 .text._ZN6FEHLCD13SetDrawRegionEiiii
                0x0001149a       0xfe Libraries/FEHLCD.o
                0x0001149a                FEHLCD::SetDrawRegion(int, int, int, int)
 .text._ZN6FEHLCD8DrawLineEiiii
                0x00011598      0x14c Libraries/FEHLCD.o
                0x00011598                FEHLCD::DrawLine(int, int, int, int)
 .text._ZN6FEHLCD9WriteCharEiic
                0x000116e4       0x34 Libraries/FEHLCD.o
                0x000116e4                FEHLCD::WriteChar(int, int, char)
 .text._ZN6FEHLCD11WriteCharAtEiic
                0x00011718      0x214 Libraries/FEHLCD.o
                0x00011718                FEHLCD::WriteCharAt(int, int, char)
 .text._ZN6FEHLCD11RepeatColorEv
                0x0001192c       0x70 Libraries/FEHLCD.o
                0x0001192c                FEHLCD::RepeatColor()
 .text._ZN6FEHLCD10_ForePixelEv
                0x0001199c       0xc4 Libraries/FEHLCD.o
                0x0001199c                FEHLCD::_ForePixel()
 .text._ZN6FEHLCD10_BackPixelEv
                0x00011a60       0xc4 Libraries/FEHLCD.o
                0x00011a60                FEHLCD::_BackPixel()
 .text._ZN6FEHLCD22SetRegisterColorValuesEv
                0x00011b24      0x336 Libraries/FEHLCD.o
                0x00011b24                FEHLCD::SetRegisterColorValues()
 .text._ZN7FEHIcon4IconC2Ev
                0x00011e5a       0x14 Libraries/FEHLCD.o
                0x00011e5a                FEHIcon::Icon::Icon()
                0x00011e5a                FEHIcon::Icon::Icon()
 .text._ZN7FEHIcon4Icon13SetPropertiesEPciiiijj
                0x00011e6e       0x6a Libraries/FEHLCD.o
                0x00011e6e                FEHIcon::Icon::SetProperties(char*, int, int, int, int, unsigned int, unsigned int)
 .text._ZN7FEHIcon4Icon4DrawEv
                0x00011ed8       0x90 Libraries/FEHLCD.o
                0x00011ed8                FEHIcon::Icon::Draw()
 .text._ZN7FEHIcon4Icon6SelectEv
                0x00011f68       0x90 Libraries/FEHLCD.o
                0x00011f68                FEHIcon::Icon::Select()
 .text._ZN7FEHIcon4Icon8DeselectEv
                0x00011ff8       0x8c Libraries/FEHLCD.o
                0x00011ff8                FEHIcon::Icon::Deselect()
 .text._ZN7FEHIcon4Icon7PressedEffi
                0x00012084      0x13c Libraries/FEHLCD.o
                0x00012084                FEHIcon::Icon::Pressed(float, float, int)
 .text._ZN7FEHIcon4Icon12WhilePressedEff
                0x000121c0       0x50 Libraries/FEHLCD.o
                0x000121c0                FEHIcon::Icon::WhilePressed(float, float)
 .text._ZN7FEHIcon13DrawIconArrayEPNS_4IconEiiiiiiPA20_cjj
                0x00012210      0x168 Libraries/FEHLCD.o
                0x00012210                FEHIcon::DrawIconArray(FEHIcon::Icon*, int, int, int, int, int, int, char (*) [20], unsigned int, unsigned int)
 .text._Z41__static_initialization_and_destruction_0ii
                0x00012378       0x2c Libraries/FEHLCD.o
 .text._GLOBAL__sub_I_image
                0x000123a4       0x10 Libraries/FEHLCD.o
 .text._ZN8FEHAccelC2Ev
                0x000123b4       0x70 Libraries/FEHAccel.o
                0x000123b4                FEHAccel::FEHAccel()
                0x000123b4                FEHAccel::FEHAccel()
 .text._Z41__static_initialization_and_destruction_0ii
                0x00012424       0x2c Libraries/FEHAccel.o
 .text._GLOBAL__sub_I_Accel
                0x00012450       0x10 Libraries/FEHAccel.o
 .text._ZN10FEHBattery7VoltageEv
                0x00012460       0x54 Libraries/FEHBattery.o
                0x00012460                FEHBattery::Voltage()
 .text._ZN10FEHBatteryC2EN5FEHIO8FEHIOPinE
                0x000124b4       0x22 Libraries/FEHBattery.o
                0x000124b4                FEHBattery::FEHBattery(FEHIO::FEHIOPin)
                0x000124b4                FEHBattery::FEHBattery(FEHIO::FEHIOPin)
 *fill*         0x000124d6        0x2 
 .text._Z41__static_initialization_and_destruction_0ii
                0x000124d8       0x30 Libraries/FEHBattery.o
 .text._GLOBAL__sub_I_Battery
                0x00012508       0x10 Libraries/FEHBattery.o
 .text._ZN7FEHXBeeC2Ev
                0x00012518       0x1a Drivers/FEHXBee.o
                0x00012518                FEHXBee::FEHXBee()
                0x00012518                FEHXBee::FEHXBee()
 *fill*         0x00012532        0x2 
 .text._ZN7FEHXBee10InitializeEv
                0x00012534       0xdc Drivers/FEHXBee.o
                0x00012534                FEHXBee::Initialize()
 .text._ZN7FEHXBee13IsInitializedEv
                0x00012610       0x16 Drivers/FEHXBee.o
                0x00012610                FEHXBee::IsInitialized()
 *fill*         0x00012626        0x2 
 .text._ZN7FEHXBee17ReceiveDataSearchEPcjh
                0x00012628       0x8c Drivers/FEHXBee.o
                0x00012628                FEHXBee::ReceiveDataSearch(char*, unsigned int, unsigned char)
 .text._ZN7FEHXBee8SendDataEPcj
                0x000126b4       0x40 Drivers/FEHXBee.o
                0x000126b4                FEHXBee::SendData(char*, unsigned int)
 .text._ZN7FEHXBee17SetPacketCallBackEPFvPhhE
                0x000126f4       0x20 Drivers/FEHXBee.o
                0x000126f4                FEHXBee::SetPacketCallBack(void (*)(unsigned char*, unsigned char))
 .text._Z22UART0_RX_TX_IRQHandlerv
                0x00012714       0xec Drivers/FEHXBee.o
                0x00012714                UART0_RX_TX_IRQHandler()
 .text._ZN6FEHRPSC2Ev
                0x00012800       0x74 Libraries/FEHRPS.o
                0x00012800                FEHRPS::FEHRPS()
                0x00012800                FEHRPS::FEHRPS()
 .text._ZN6FEHRPS10InitializeEi
                0x00012874      0x664 Libraries/FEHRPS.o
                0x00012874                FEHRPS::Initialize(int)
 .text._ZN6FEHRPS10InitializeEc
                0x00012ed8       0x46 Libraries/FEHRPS.o
                0x00012ed8                FEHRPS::Initialize(char)
 *fill*         0x00012f1e        0x2 
 .text._ZN6FEHRPS19InitializeTouchMenuEv
                0x00012f20      0x41c Libraries/FEHRPS.o
                0x00012f20                FEHRPS::InitializeTouchMenu()
 .text._ZN6FEHRPS19CurrentRegionLetterEv
                0x0001333c       0x1c Libraries/FEHRPS.o
                0x0001333c                FEHRPS::CurrentRegionLetter()
 .text._ZN6FEHRPS13WaitForPacketEv
                0x00013358       0x58 Libraries/FEHRPS.o
                0x00013358                FEHRPS::WaitForPacket()
 .text._ZN6FEHRPS1XEv
                0x000133b0       0x1c Libraries/FEHRPS.o
                0x000133b0                FEHRPS::X()
 .text._ZN6FEHRPS1YEv
                0x000133cc       0x1c Libraries/FEHRPS.o
                0x000133cc                FEHRPS::Y()
 .text._ZN6FEHRPS7HeadingEv
                0x000133e8       0x1c Libraries/FEHRPS.o
                0x000133e8                FEHRPS::Heading()
 .text._Z14RPSDataProcessPhh
                0x00013404      0x148 Libraries/FEHRPS.o
                0x00013404                RPSDataProcess(unsigned char*, unsigned char)
 .text._Z41__static_initialization_and_destruction_0ii
                0x0001354c       0x2c Libraries/FEHRPS.o
 .text._GLOBAL__sub_I_RPS
                0x00013578       0x10 Libraries/FEHRPS.o
 .text._ZN5FEHSDC2Ev
                0x00013588       0x24 Libraries/FEHSD.o
                0x00013588                FEHSD::FEHSD()
                0x00013588                FEHSD::FEHSD()
 .text._ZN5FEHSD9FCloseAllEv
                0x000135ac       0x6c Libraries/FEHSD.o
                0x000135ac                FEHSD::FCloseAll()
 .text._Z41__static_initialization_and_destruction_0ii
                0x00013618       0x2c Libraries/FEHSD.o
 .text._GLOBAL__sub_I_SD
                0x00013644       0x10 Libraries/FEHSD.o
 .text._ZN9FEHRandom10InitializeEv
                0x00013654       0x3c Libraries/FEHRandom.o
                0x00013654                FEHRandom::Initialize()
 .text.startup._GLOBAL__sub_I__ZN9__gnu_cxx9__freeresEv
                0x00013690       0x28 c:/gcc-arm-none-eabi-10.3-2021.10/bin/../lib/gcc/arm-none-eabi/10.3.1/../../../../arm-none-eabi/lib/thumb/v7e-m/nofp\libstdc++.a(eh_alloc.o)
 .text.cos      0x000136b8       0xa0 c:/gcc-arm-none-eabi-10.3-2021.10/bin/../lib/gcc/arm-none-eabi/10.3.1/../../../../arm-none-eabi/lib/thumb/v7e-m/nofp\libm.a(lib_a-s_cos.o)
                0x000136b8                cos
 .text.atanf    0x00013758      0x230 c:/gcc-arm-none-eabi-10.3-2021.10/bin/../lib/gcc/arm-none-eabi/10.3.1/../../../../arm-none-eabi/lib/thumb/v7e-m/nofp\libm.a(lib_a-sf_atan.o)
                0x00013758                atanf
 .text.fabsf    0x00013988        0x8 c:/gcc-arm-none-eabi-10.3-2021.10/bin/../lib/gcc/arm-none-eabi/10.3.1/../../../../arm-none-eabi/lib/thumb/v7e-m/nofp\libm.a(lib_a-sf_fabs.o)
                0x00013988                fabsf
 .text.fmod     0x00013990       0x58 c:/gcc-arm-none-eabi-10.3-2021.10/bin/../lib/gcc/arm-none-eabi/10.3.1/../../../../arm-none-eabi/lib/thumb/v7e-m/nofp\libm.a(lib_a-w_fmod.o)
                0x00013990                fmod
 .text.sqrtf    0x000139e8       0x38 c:/gcc-arm-none-eabi-10.3-2021.10/bin/../lib/gcc/arm-none-eabi/10.3.1/../../../../arm-none-eabi/lib/thumb/v7e-m/nofp\libm.a(lib_a-wf_sqrt.o)
                0x000139e8                sqrtf
 .text.__ieee754_fmod
                0x00013a20      0x294 c:/gcc-arm-none-eabi-10.3-2021.10/bin/../lib/gcc/arm-none-eabi/10.3.1/../../../../arm-none-eabi/lib/thumb/v7e-m/nofp\libm.a(lib_a-e_fmod.o)
                0x00013a20                __ieee754_fmod
 *fill*         0x00013cb4        0x4 
 .text.__ieee754_rem_pio2
                0x00013cb8      0x454 c:/gcc-arm-none-eabi-10.3-2021.10/bin/../lib/gcc/arm-none-eabi/10.3.1/../../../../arm-none-eabi/lib/thumb/v7e-m/nofp\libm.a(lib_a-e_rem_pio2.o)
                0x00013cb8                __ieee754_rem_pio2
 .text.__ieee754_sqrtf
                0x0001410c       0xb0 c:/gcc-arm-none-eabi-10.3-2021.10/bin/../lib/gcc/arm-none-eabi/10.3.1/../../../../arm-none-eabi/lib/thumb/v7e-m/nofp\libm.a(lib_a-ef_sqrt.o)
                0x0001410c                __ieee754_sqrtf
 *fill*         0x000141bc        0x4 
 .text.__kernel_cos
                0x000141c0      0x260 c:/gcc-arm-none-eabi-10.3-2021.10/bin/../lib/gcc/arm-none-eabi/10.3.1/../../../../arm-none-eabi/lib/thumb/v7e-m/nofp\libm.a(lib_a-k_cos.o)
                0x000141c0                __kernel_cos
 .text.__kernel_rem_pio2
                0x00014420      0x850 c:/gcc-arm-none-eabi-10.3-2021.10/bin/../lib/gcc/arm-none-eabi/10.3.1/../../../../arm-none-eabi/lib/thumb/v7e-m/nofp\libm.a(lib_a-k_rem_pio2.o)
                0x00014420                __kernel_rem_pio2
 .text.__kernel_sin
                0x00014c70      0x184 c:/gcc-arm-none-eabi-10.3-2021.10/bin/../lib/gcc/arm-none-eabi/10.3.1/../../../../arm-none-eabi/lib/thumb/v7e-m/nofp\libm.a(lib_a-k_sin.o)
                0x00014c70                __kernel_sin
 .text.fabs     0x00014df4        0x8 c:/gcc-arm-none-eabi-10.3-2021.10/bin/../lib/gcc/arm-none-eabi/10.3.1/../../../../arm-none-eabi/lib/thumb/v7e-m/nofp\libm.a(lib_a-s_fabs.o)
                0x00014df4                fabs
 *fill*         0x00014dfc        0x4 
 .text.floor    0x00014e00       0xf8 c:/gcc-arm-none-eabi-10.3-2021.10/bin/../lib/gcc/arm-none-eabi/10.3.1/../../../../arm-none-eabi/lib/thumb/v7e-m/nofp\libm.a(lib_a-s_floor.o)
                0x00014e00                floor
 .text.scalbn   0x00014ef8       0xf4 c:/gcc-arm-none-eabi-10.3-2021.10/bin/../lib/gcc/arm-none-eabi/10.3.1/../../../../arm-none-eabi/lib/thumb/v7e-m/nofp\libm.a(lib_a-s_scalbn.o)
                0x00014ef8                scalbn
 .text          0x00014fec      0x378 c:/gcc-arm-none-eabi-10.3-2021.10/bin/../lib/gcc/arm-none-eabi/10.3.1/thumb/v7e-m/nofp\libgcc.a(_arm_addsubdf3.o)
                0x00014fec                __aeabi_drsub
                0x00014ff4                __aeabi_dsub
                0x00014ff4                __subdf3
                0x00014ff8                __aeabi_dadd
                0x00014ff8                __adddf3
                0x00015270                __floatunsidf
                0x00015270                __aeabi_ui2d
                0x00015290                __floatsidf
                0x00015290                __aeabi_i2d
                0x000152b4                __aeabi_f2d
                0x000152b4                __extendsfdf2
                0x000152f8                __floatundidf
                0x000152f8                __aeabi_ul2d
                0x00015308                __floatdidf
                0x00015308                __aeabi_l2d
 .text          0x00015364      0x424 c:/gcc-arm-none-eabi-10.3-2021.10/bin/../lib/gcc/arm-none-eabi/10.3.1/thumb/v7e-m/nofp\libgcc.a(_arm_muldivdf3.o)
                0x00015364                __aeabi_dmul
                0x00015364                __muldf3
                0x000155b8                __divdf3
                0x000155b8                __aeabi_ddiv
 .text          0x00015788      0x110 c:/gcc-arm-none-eabi-10.3-2021.10/bin/../lib/gcc/arm-none-eabi/10.3.1/thumb/v7e-m/nofp\libgcc.a(_arm_cmpdf2.o)
                0x00015788                __gtdf2
                0x00015788                __gedf2
                0x00015790                __ltdf2
                0x00015790                __ledf2
                0x00015798                __nedf2
                0x00015798                __eqdf2
                0x00015798                __cmpdf2
                0x00015814                __aeabi_cdrcmple
                0x00015824                __aeabi_cdcmpeq
                0x00015824                __aeabi_cdcmple
                0x00015834                __aeabi_dcmpeq
                0x00015848                __aeabi_dcmplt
                0x0001585c                __aeabi_dcmple
                0x00015870                __aeabi_dcmpge
                0x00015884                __aeabi_dcmpgt
 .text          0x00015898       0x2c c:/gcc-arm-none-eabi-10.3-2021.10/bin/../lib/gcc/arm-none-eabi/10.3.1/thumb/v7e-m/nofp\libgcc.a(_arm_unorddf2.o)
                0x00015898                __unorddf2
                0x00015898                __aeabi_dcmpun
 .text          0x000158c4       0x50 c:/gcc-arm-none-eabi-10.3-2021.10/bin/../lib/gcc/arm-none-eabi/10.3.1/thumb/v7e-m/nofp\libgcc.a(_arm_fixdfsi.o)
                0x000158c4                __aeabi_d2iz
                0x000158c4                __fixdfsi
 .text          0x00015914       0x40 c:/gcc-arm-none-eabi-10.3-2021.10/bin/../lib/gcc/arm-none-eabi/10.3.1/thumb/v7e-m/nofp\libgcc.a(_arm_fixunsdfsi.o)
                0x00015914                __aeabi_d2uiz
                0x00015914                __fixunsdfsi
 .text          0x00015954       0xa0 c:/gcc-arm-none-eabi-10.3-2021.10/bin/../lib/gcc/arm-none-eabi/10.3.1/thumb/v7e-m/nofp\libgcc.a(_arm_truncdfsf2.o)
                0x00015954                __truncdfsf2
                0x00015954                __aeabi_d2f
 .text          0x000159f4      0x21c c:/gcc-arm-none-eabi-10.3-2021.10/bin/../lib/gcc/arm-none-eabi/10.3.1/thumb/v7e-m/nofp\libgcc.a(_arm_addsubsf3.o)
                0x000159f4                __aeabi_frsub
                0x000159fc                __subsf3
                0x000159fc                __aeabi_fsub
                0x00015a00                __aeabi_fadd
                0x00015a00                __addsf3
                0x00015b60                __aeabi_ui2f
                0x00015b60                __floatunsisf
                0x00015b68                __aeabi_i2f
                0x00015b68                __floatsisf
                0x00015b84                __aeabi_ul2f
                0x00015b84                __floatundisf
                0x00015b94                __aeabi_l2f
                0x00015b94                __floatdisf
 .text          0x00015c10      0x2a0 c:/gcc-arm-none-eabi-10.3-2021.10/bin/../lib/gcc/arm-none-eabi/10.3.1/thumb/v7e-m/nofp\libgcc.a(_arm_muldivsf3.o)
                0x00015c10                __mulsf3
                0x00015c10                __aeabi_fmul
                0x00015d78                __aeabi_fdiv
                0x00015d78                __divsf3
 .text          0x00015eb0       0xec c:/gcc-arm-none-eabi-10.3-2021.10/bin/../lib/gcc/arm-none-eabi/10.3.1/thumb/v7e-m/nofp\libgcc.a(_arm_cmpsf2.o)
                0x00015eb0                __gesf2
                0x00015eb0                __gtsf2
                0x00015eb8                __lesf2
                0x00015eb8                __ltsf2
                0x00015ec0                __nesf2
                0x00015ec0                __eqsf2
                0x00015ec0                __cmpsf2
                0x00015f20                __aeabi_cfrcmple
                0x00015f28                __aeabi_cfcmpeq
                0x00015f28                __aeabi_cfcmple
                0x00015f38                __aeabi_fcmpeq
                0x00015f4c                __aeabi_fcmplt
                0x00015f60                __aeabi_fcmple
                0x00015f74                __aeabi_fcmpge
                0x00015f88                __aeabi_fcmpgt
 .text          0x00015f9c       0x2c c:/gcc-arm-none-eabi-10.3-2021.10/bin/../lib/gcc/arm-none-eabi/10.3.1/thumb/v7e-m/nofp\libgcc.a(_arm_unordsf2.o)
                0x00015f9c                __unordsf2
                0x00015f9c                __aeabi_fcmpun
 .text          0x00015fc8       0x4c c:/gcc-arm-none-eabi-10.3-2021.10/bin/../lib/gcc/arm-none-eabi/10.3.1/thumb/v7e-m/nofp\libgcc.a(_arm_fixsfsi.o)
                0x00015fc8                __aeabi_f2iz
                0x00015fc8                __fixsfsi
 .text          0x00016014       0x40 c:/gcc-arm-none-eabi-10.3-2021.10/bin/../lib/gcc/arm-none-eabi/10.3.1/thumb/v7e-m/nofp\libgcc.a(_arm_fixunssfsi.o)
                0x00016014                __fixunssfsi
                0x00016014                __aeabi_f2uiz
 .text.abort    0x00016054       0x10 c:/gcc-arm-none-eabi-10.3-2021.10/bin/../lib/gcc/arm-none-eabi/10.3.1/../../../../arm-none-eabi/lib/thumb/v7e-m/nofp\libg.a(lib_a-abort.o)
                0x00016054                abort
 .text.__errno  0x00016064        0xc c:/gcc-arm-none-eabi-10.3-2021.10/bin/../lib/gcc/arm-none-eabi/10.3.1/../../../../arm-none-eabi/lib/thumb/v7e-m/nofp\libg.a(lib_a-errno.o)
                0x00016064                __errno
 .text.__sfvwrite_r
                0x00016070      0x2e8 c:/gcc-arm-none-eabi-10.3-2021.10/bin/../lib/gcc/arm-none-eabi/10.3.1/../../../../arm-none-eabi/lib/thumb/v7e-m/nofp\libg.a(lib_a-fvwrite.o)
                0x00016070                __sfvwrite_r
 .text.__libc_init_array
                0x00016358       0x48 c:/gcc-arm-none-eabi-10.3-2021.10/bin/../lib/gcc/arm-none-eabi/10.3.1/../../../../arm-none-eabi/lib/thumb/v7e-m/nofp\libg.a(lib_a-init.o)
                0x00016358                __libc_init_array
 .text.__retarget_lock_init_recursive
                0x000163a0        0x4 c:/gcc-arm-none-eabi-10.3-2021.10/bin/../lib/gcc/arm-none-eabi/10.3.1/../../../../arm-none-eabi/lib/thumb/v7e-m/nofp\libg.a(lib_a-lock.o)
                0x000163a0                __retarget_lock_init_recursive
 .text.__retarget_lock_close_recursive
                0x000163a4        0x4 c:/gcc-arm-none-eabi-10.3-2021.10/bin/../lib/gcc/arm-none-eabi/10.3.1/../../../../arm-none-eabi/lib/thumb/v7e-m/nofp\libg.a(lib_a-lock.o)
                0x000163a4                __retarget_lock_close_recursive
 .text.__retarget_lock_acquire_recursive
                0x000163a8        0x4 c:/gcc-arm-none-eabi-10.3-2021.10/bin/../lib/gcc/arm-none-eabi/10.3.1/../../../../arm-none-eabi/lib/thumb/v7e-m/nofp\libg.a(lib_a-lock.o)
                0x000163a8                __retarget_lock_acquire_recursive
 .text.__retarget_lock_release_recursive
                0x000163ac        0x4 c:/gcc-arm-none-eabi-10.3-2021.10/bin/../lib/gcc/arm-none-eabi/10.3.1/../../../../arm-none-eabi/lib/thumb/v7e-m/nofp\libg.a(lib_a-lock.o)
                0x000163ac                __retarget_lock_release_recursive
 .text.malloc   0x000163b0       0x10 c:/gcc-arm-none-eabi-10.3-2021.10/bin/../lib/gcc/arm-none-eabi/10.3.1/../../../../arm-none-eabi/lib/thumb/v7e-m/nofp\libg.a(lib_a-malloc.o)
                0x000163b0                malloc
 .text._malloc_r
                0x000163c0      0x560 c:/gcc-arm-none-eabi-10.3-2021.10/bin/../lib/gcc/arm-none-eabi/10.3.1/../../../../arm-none-eabi/lib/thumb/v7e-m/nofp\libg.a(lib_a-mallocr.o)
                0x000163c0                _malloc_r
 .text          0x00016920       0xa0 c:/gcc-arm-none-eabi-10.3-2021.10/bin/../lib/gcc/arm-none-eabi/10.3.1/../../../../arm-none-eabi/lib/thumb/v7e-m/nofp\libg.a(lib_a-memchr.o)
                0x00016920                memchr
 .text          0x000169c0      0x134 c:/gcc-arm-none-eabi-10.3-2021.10/bin/../lib/gcc/arm-none-eabi/10.3.1/../../../../arm-none-eabi/lib/thumb/v7e-m/nofp\libg.a(lib_a-memcpy.o)
                0x000169c0                memcpy
 .text.memmove  0x00016af4       0xf8 c:/gcc-arm-none-eabi-10.3-2021.10/bin/../lib/gcc/arm-none-eabi/10.3.1/../../../../arm-none-eabi/lib/thumb/v7e-m/nofp\libg.a(lib_a-memmove.o)
                0x00016af4                memmove
 .text.memset   0x00016bec       0xa4 c:/gcc-arm-none-eabi-10.3-2021.10/bin/../lib/gcc/arm-none-eabi/10.3.1/../../../../arm-none-eabi/lib/thumb/v7e-m/nofp\libg.a(lib_a-memset.o)
                0x00016bec                memset
 .text.__malloc_lock
                0x00016c90        0xc c:/gcc-arm-none-eabi-10.3-2021.10/bin/../lib/gcc/arm-none-eabi/10.3.1/../../../../arm-none-eabi/lib/thumb/v7e-m/nofp\libg.a(lib_a-mlock.o)
                0x00016c90                __malloc_lock
 .text.__malloc_unlock
                0x00016c9c        0xc c:/gcc-arm-none-eabi-10.3-2021.10/bin/../lib/gcc/arm-none-eabi/10.3.1/../../../../arm-none-eabi/lib/thumb/v7e-m/nofp\libg.a(lib_a-mlock.o)
                0x00016c9c                __malloc_unlock
 .text._realloc_r
                0x00016ca8      0x3d8 c:/gcc-arm-none-eabi-10.3-2021.10/bin/../lib/gcc/arm-none-eabi/10.3.1/../../../../arm-none-eabi/lib/thumb/v7e-m/nofp\libg.a(lib_a-reallocr.o)
                0x00016ca8                _realloc_r
 .text._sbrk_r  0x00017080       0x24 c:/gcc-arm-none-eabi-10.3-2021.10/bin/../lib/gcc/arm-none-eabi/10.3.1/../../../../arm-none-eabi/lib/thumb/v7e-m/nofp\libg.a(lib_a-sbrkr.o)
                0x00017080                _sbrk_r
 .text.raise    0x000170a4       0x5c c:/gcc-arm-none-eabi-10.3-2021.10/bin/../lib/gcc/arm-none-eabi/10.3.1/../../../../arm-none-eabi/lib/thumb/v7e-m/nofp\libg.a(lib_a-signal.o)
                0x000170a4                raise
 .text._kill_r  0x00017100       0x2c c:/gcc-arm-none-eabi-10.3-2021.10/bin/../lib/gcc/arm-none-eabi/10.3.1/../../../../arm-none-eabi/lib/thumb/v7e-m/nofp\libg.a(lib_a-signalr.o)
                0x00017100                _kill_r
 .text._getpid_r
                0x0001712c        0x4 c:/gcc-arm-none-eabi-10.3-2021.10/bin/../lib/gcc/arm-none-eabi/10.3.1/../../../../arm-none-eabi/lib/thumb/v7e-m/nofp\libg.a(lib_a-signalr.o)
                0x0001712c                _getpid_r
 .text.sprintf  0x00017130       0x40 c:/gcc-arm-none-eabi-10.3-2021.10/bin/../lib/gcc/arm-none-eabi/10.3.1/../../../../arm-none-eabi/lib/thumb/v7e-m/nofp\libg.a(lib_a-sprintf.o)
                0x00017130                sprintf
 .text.strcpy   0x00017170       0xbc c:/gcc-arm-none-eabi-10.3-2021.10/bin/../lib/gcc/arm-none-eabi/10.3.1/../../../../arm-none-eabi/lib/thumb/v7e-m/nofp\libg.a(lib_a-strcpy.o)
                0x00017170                strcpy
 *fill*         0x0001722c       0x14 
 .text          0x00017240       0xdc c:/gcc-arm-none-eabi-10.3-2021.10/bin/../lib/gcc/arm-none-eabi/10.3.1/../../../../arm-none-eabi/lib/thumb/v7e-m/nofp\libg.a(lib_a-strlen.o)
                0x00017240                strlen
 .text._svfprintf_r
                0x0001731c     0x1a3c c:/gcc-arm-none-eabi-10.3-2021.10/bin/../lib/gcc/arm-none-eabi/10.3.1/../../../../arm-none-eabi/lib/thumb/v7e-m/nofp\libg.a(lib_a-svfprintf.o)
                0x0001731c                _svfprintf_r
 .text.__swbuf_r
                0x00018d58       0xb0 c:/gcc-arm-none-eabi-10.3-2021.10/bin/../lib/gcc/arm-none-eabi/10.3.1/../../../../arm-none-eabi/lib/thumb/v7e-m/nofp\libg.a(lib_a-wbuf.o)
                0x00018d58                __swbuf_r
 .text._write_r
                0x00018e08       0x2c c:/gcc-arm-none-eabi-10.3-2021.10/bin/../lib/gcc/arm-none-eabi/10.3.1/../../../../arm-none-eabi/lib/thumb/v7e-m/nofp\libg.a(lib_a-writer.o)
                0x00018e08                _write_r
 .text.__swsetup_r
                0x00018e34       0xd4 c:/gcc-arm-none-eabi-10.3-2021.10/bin/../lib/gcc/arm-none-eabi/10.3.1/../../../../arm-none-eabi/lib/thumb/v7e-m/nofp\libg.a(lib_a-wsetup.o)
                0x00018e34                __swsetup_r
 .text.startup.register_fini
                0x00018f08       0x14 c:/gcc-arm-none-eabi-10.3-2021.10/bin/../lib/gcc/arm-none-eabi/10.3.1/../../../../arm-none-eabi/lib/thumb/v7e-m/nofp\libg.a(lib_a-__call_atexit.o)
 .text.atexit   0x00018f1c        0xc c:/gcc-arm-none-eabi-10.3-2021.10/bin/../lib/gcc/arm-none-eabi/10.3.1/../../../../arm-none-eabi/lib/thumb/v7e-m/nofp\libg.a(lib_a-atexit.o)
                0x00018f1c                atexit
 .text.quorem   0x00018f28      0x124 c:/gcc-arm-none-eabi-10.3-2021.10/bin/../lib/gcc/arm-none-eabi/10.3.1/../../../../arm-none-eabi/lib/thumb/v7e-m/nofp\libg.a(lib_a-dtoa.o)
 *fill*         0x0001904c        0x4 
 .text._dtoa_r  0x00019050      0xec4 c:/gcc-arm-none-eabi-10.3-2021.10/bin/../lib/gcc/arm-none-eabi/10.3.1/../../../../arm-none-eabi/lib/thumb/v7e-m/nofp\libg.a(lib_a-dtoa.o)
                0x00019050                _dtoa_r
 .text.__sflush_r
                0x00019f14      0x120 c:/gcc-arm-none-eabi-10.3-2021.10/bin/../lib/gcc/arm-none-eabi/10.3.1/../../../../arm-none-eabi/lib/thumb/v7e-m/nofp\libg.a(lib_a-fflush.o)
                0x00019f14                __sflush_r
 .text._fflush_r
                0x0001a034       0x5c c:/gcc-arm-none-eabi-10.3-2021.10/bin/../lib/gcc/arm-none-eabi/10.3.1/../../../../arm-none-eabi/lib/thumb/v7e-m/nofp\libg.a(lib_a-fflush.o)
                0x0001a034                _fflush_r
 .text._cleanup_r
                0x0001a090        0xc c:/gcc-arm-none-eabi-10.3-2021.10/bin/../lib/gcc/arm-none-eabi/10.3.1/../../../../arm-none-eabi/lib/thumb/v7e-m/nofp\libg.a(lib_a-findfp.o)
                0x0001a090                _cleanup_r
 .text.__sinit  0x0001a09c      0x10c c:/gcc-arm-none-eabi-10.3-2021.10/bin/../lib/gcc/arm-none-eabi/10.3.1/../../../../arm-none-eabi/lib/thumb/v7e-m/nofp\libg.a(lib_a-findfp.o)
                0x0001a09c                __sinit
 .text.__sfp_lock_acquire
                0x0001a1a8        0xc c:/gcc-arm-none-eabi-10.3-2021.10/bin/../lib/gcc/arm-none-eabi/10.3.1/../../../../arm-none-eabi/lib/thumb/v7e-m/nofp\libg.a(lib_a-findfp.o)
                0x0001a1a8                __sfp_lock_acquire
 .text.__sfp_lock_release
                0x0001a1b4        0xc c:/gcc-arm-none-eabi-10.3-2021.10/bin/../lib/gcc/arm-none-eabi/10.3.1/../../../../arm-none-eabi/lib/thumb/v7e-m/nofp\libg.a(lib_a-findfp.o)
                0x0001a1b4                __sfp_lock_release
 .text.__libc_fini_array
                0x0001a1c0       0x2c c:/gcc-arm-none-eabi-10.3-2021.10/bin/../lib/gcc/arm-none-eabi/10.3.1/../../../../arm-none-eabi/lib/thumb/v7e-m/nofp\libg.a(lib_a-fini.o)
                0x0001a1c0                __libc_fini_array
 .text._malloc_trim_r
                0x0001a1ec       0xa0 c:/gcc-arm-none-eabi-10.3-2021.10/bin/../lib/gcc/arm-none-eabi/10.3.1/../../../../arm-none-eabi/lib/thumb/v7e-m/nofp\libg.a(lib_a-freer.o)
                0x0001a1ec                _malloc_trim_r
 .text._free_r  0x0001a28c      0x20c c:/gcc-arm-none-eabi-10.3-2021.10/bin/../lib/gcc/arm-none-eabi/10.3.1/../../../../arm-none-eabi/lib/thumb/v7e-m/nofp\libg.a(lib_a-freer.o)
                0x0001a28c                _free_r
 .text._fwalk_reent
                0x0001a498       0x48 c:/gcc-arm-none-eabi-10.3-2021.10/bin/../lib/gcc/arm-none-eabi/10.3.1/../../../../arm-none-eabi/lib/thumb/v7e-m/nofp\libg.a(lib_a-fwalk.o)
                0x0001a498                _fwalk_reent
 .text._localeconv_r
                0x0001a4e0        0x8 c:/gcc-arm-none-eabi-10.3-2021.10/bin/../lib/gcc/arm-none-eabi/10.3.1/../../../../arm-none-eabi/lib/thumb/v7e-m/nofp\libg.a(lib_a-localeconv.o)
                0x0001a4e0                _localeconv_r
 .text.__smakebuf_r
                0x0001a4e8       0xe0 c:/gcc-arm-none-eabi-10.3-2021.10/bin/../lib/gcc/arm-none-eabi/10.3.1/../../../../arm-none-eabi/lib/thumb/v7e-m/nofp\libg.a(lib_a-makebuf.o)
                0x0001a4e8                __smakebuf_r
 .text._Balloc  0x0001a5c8       0x4c c:/gcc-arm-none-eabi-10.3-2021.10/bin/../lib/gcc/arm-none-eabi/10.3.1/../../../../arm-none-eabi/lib/thumb/v7e-m/nofp\libg.a(lib_a-mprec.o)
                0x0001a5c8                _Balloc
 .text._Bfree   0x0001a614       0x14 c:/gcc-arm-none-eabi-10.3-2021.10/bin/../lib/gcc/arm-none-eabi/10.3.1/../../../../arm-none-eabi/lib/thumb/v7e-m/nofp\libg.a(lib_a-mprec.o)
                0x0001a614                _Bfree
 .text.__multadd
                0x0001a628       0xa0 c:/gcc-arm-none-eabi-10.3-2021.10/bin/../lib/gcc/arm-none-eabi/10.3.1/../../../../arm-none-eabi/lib/thumb/v7e-m/nofp\libg.a(lib_a-mprec.o)
                0x0001a628                __multadd
 .text.__hi0bits
                0x0001a6c8       0x40 c:/gcc-arm-none-eabi-10.3-2021.10/bin/../lib/gcc/arm-none-eabi/10.3.1/../../../../arm-none-eabi/lib/thumb/v7e-m/nofp\libg.a(lib_a-mprec.o)
                0x0001a6c8                __hi0bits
 .text.__lo0bits
                0x0001a708       0x5c c:/gcc-arm-none-eabi-10.3-2021.10/bin/../lib/gcc/arm-none-eabi/10.3.1/../../../../arm-none-eabi/lib/thumb/v7e-m/nofp\libg.a(lib_a-mprec.o)
                0x0001a708                __lo0bits
 .text.__i2b    0x0001a764       0x5c c:/gcc-arm-none-eabi-10.3-2021.10/bin/../lib/gcc/arm-none-eabi/10.3.1/../../../../arm-none-eabi/lib/thumb/v7e-m/nofp\libg.a(lib_a-mprec.o)
                0x0001a764                __i2b
 .text.__multiply
                0x0001a7c0      0x15c c:/gcc-arm-none-eabi-10.3-2021.10/bin/../lib/gcc/arm-none-eabi/10.3.1/../../../../arm-none-eabi/lib/thumb/v7e-m/nofp\libg.a(lib_a-mprec.o)
                0x0001a7c0                __multiply
 .text.__pow5mult
                0x0001a91c       0xc0 c:/gcc-arm-none-eabi-10.3-2021.10/bin/../lib/gcc/arm-none-eabi/10.3.1/../../../../arm-none-eabi/lib/thumb/v7e-m/nofp\libg.a(lib_a-mprec.o)
                0x0001a91c                __pow5mult
 .text.__lshift
                0x0001a9dc       0xf0 c:/gcc-arm-none-eabi-10.3-2021.10/bin/../lib/gcc/arm-none-eabi/10.3.1/../../../../arm-none-eabi/lib/thumb/v7e-m/nofp\libg.a(lib_a-mprec.o)
                0x0001a9dc                __lshift
 .text.__mcmp   0x0001aacc       0x40 c:/gcc-arm-none-eabi-10.3-2021.10/bin/../lib/gcc/arm-none-eabi/10.3.1/../../../../arm-none-eabi/lib/thumb/v7e-m/nofp\libg.a(lib_a-mprec.o)
                0x0001aacc                __mcmp
 .text.__mdiff  0x0001ab0c      0x14c c:/gcc-arm-none-eabi-10.3-2021.10/bin/../lib/gcc/arm-none-eabi/10.3.1/../../../../arm-none-eabi/lib/thumb/v7e-m/nofp\libg.a(lib_a-mprec.o)
                0x0001ab0c                __mdiff
 .text.__d2b    0x0001ac58       0xc4 c:/gcc-arm-none-eabi-10.3-2021.10/bin/../lib/gcc/arm-none-eabi/10.3.1/../../../../arm-none-eabi/lib/thumb/v7e-m/nofp\libg.a(lib_a-mprec.o)
                0x0001ac58                __d2b
 .text.frexp    0x0001ad1c       0x70 c:/gcc-arm-none-eabi-10.3-2021.10/bin/../lib/gcc/arm-none-eabi/10.3.1/../../../../arm-none-eabi/lib/thumb/v7e-m/nofp\libg.a(lib_a-s_frexp.o)
                0x0001ad1c                frexp
 .text.__sread  0x0001ad8c       0x24 c:/gcc-arm-none-eabi-10.3-2021.10/bin/../lib/gcc/arm-none-eabi/10.3.1/../../../../arm-none-eabi/lib/thumb/v7e-m/nofp\libg.a(lib_a-stdio.o)
                0x0001ad8c                __sread
 .text.__swrite
                0x0001adb0       0x40 c:/gcc-arm-none-eabi-10.3-2021.10/bin/../lib/gcc/arm-none-eabi/10.3.1/../../../../arm-none-eabi/lib/thumb/v7e-m/nofp\libg.a(lib_a-stdio.o)
                0x0001adb0                __swrite
 .text.__sseek  0x0001adf0       0x20 c:/gcc-arm-none-eabi-10.3-2021.10/bin/../lib/gcc/arm-none-eabi/10.3.1/../../../../arm-none-eabi/lib/thumb/v7e-m/nofp\libg.a(lib_a-stdio.o)
                0x0001adf0                __sseek
 .text.__sclose
                0x0001ae10        0x8 c:/gcc-arm-none-eabi-10.3-2021.10/bin/../lib/gcc/arm-none-eabi/10.3.1/../../../../arm-none-eabi/lib/thumb/v7e-m/nofp\libg.a(lib_a-stdio.o)
                0x0001ae10                __sclose
 .text.strncpy  0x0001ae18       0x64 c:/gcc-arm-none-eabi-10.3-2021.10/bin/../lib/gcc/arm-none-eabi/10.3.1/../../../../arm-none-eabi/lib/thumb/v7e-m/nofp\libg.a(lib_a-strncpy.o)
                0x0001ae18                strncpy
 .text.__ssprint_r
                0x0001ae7c       0xf8 c:/gcc-arm-none-eabi-10.3-2021.10/bin/../lib/gcc/arm-none-eabi/10.3.1/../../../../arm-none-eabi/lib/thumb/v7e-m/nofp\libg.a(lib_a-svfiprintf.o)
                0x0001ae7c                __ssprint_r
 .text.__register_exitproc
                0x0001af74       0x8c c:/gcc-arm-none-eabi-10.3-2021.10/bin/../lib/gcc/arm-none-eabi/10.3.1/../../../../arm-none-eabi/lib/thumb/v7e-m/nofp\libg.a(lib_a-__atexit.o)
                0x0001af74                __register_exitproc
 .text.__assert_func
                0x0001b000       0x40 c:/gcc-arm-none-eabi-10.3-2021.10/bin/../lib/gcc/arm-none-eabi/10.3.1/../../../../arm-none-eabi/lib/thumb/v7e-m/nofp\libg.a(lib_a-assert.o)
                0x0001b000                __assert_func
 .text._calloc_r
                0x0001b040       0x78 c:/gcc-arm-none-eabi-10.3-2021.10/bin/../lib/gcc/arm-none-eabi/10.3.1/../../../../arm-none-eabi/lib/thumb/v7e-m/nofp\libg.a(lib_a-callocr.o)
                0x0001b040                _calloc_r
 .text._close_r
                0x0001b0b8       0x24 c:/gcc-arm-none-eabi-10.3-2021.10/bin/../lib/gcc/arm-none-eabi/10.3.1/../../../../arm-none-eabi/lib/thumb/v7e-m/nofp\libg.a(lib_a-closer.o)
                0x0001b0b8                _close_r
 .text._fclose_r
                0x0001b0dc       0xcc c:/gcc-arm-none-eabi-10.3-2021.10/bin/../lib/gcc/arm-none-eabi/10.3.1/../../../../arm-none-eabi/lib/thumb/v7e-m/nofp\libg.a(lib_a-fclose.o)
                0x0001b0dc                _fclose_r
 .text.fiprintf
                0x0001b1a8       0x28 c:/gcc-arm-none-eabi-10.3-2021.10/bin/../lib/gcc/arm-none-eabi/10.3.1/../../../../arm-none-eabi/lib/thumb/v7e-m/nofp\libg.a(lib_a-fiprintf.o)
                0x0001b1a8                fiprintf
 .text._fstat_r
                0x0001b1d0       0x2c c:/gcc-arm-none-eabi-10.3-2021.10/bin/../lib/gcc/arm-none-eabi/10.3.1/../../../../arm-none-eabi/lib/thumb/v7e-m/nofp\libg.a(lib_a-fstatr.o)
                0x0001b1d0                _fstat_r
 .text._isatty_r
                0x0001b1fc       0x24 c:/gcc-arm-none-eabi-10.3-2021.10/bin/../lib/gcc/arm-none-eabi/10.3.1/../../../../arm-none-eabi/lib/thumb/v7e-m/nofp\libg.a(lib_a-isattyr.o)
                0x0001b1fc                _isatty_r
 .text.__locale_mb_cur_max
                0x0001b220        0xc c:/gcc-arm-none-eabi-10.3-2021.10/bin/../lib/gcc/arm-none-eabi/10.3.1/../../../../arm-none-eabi/lib/thumb/v7e-m/nofp\libg.a(lib_a-locale.o)
                0x0001b220                __locale_mb_cur_max
 .text._lseek_r
                0x0001b22c       0x2c c:/gcc-arm-none-eabi-10.3-2021.10/bin/../lib/gcc/arm-none-eabi/10.3.1/../../../../arm-none-eabi/lib/thumb/v7e-m/nofp\libg.a(lib_a-lseekr.o)
                0x0001b22c                _lseek_r
 .text.__ascii_mbtowc
                0x0001b258       0x2c c:/gcc-arm-none-eabi-10.3-2021.10/bin/../lib/gcc/arm-none-eabi/10.3.1/../../../../arm-none-eabi/lib/thumb/v7e-m/nofp\libg.a(lib_a-mbtowc_r.o)
                0x0001b258                __ascii_mbtowc
 .text._read_r  0x0001b284       0x2c c:/gcc-arm-none-eabi-10.3-2021.10/bin/../lib/gcc/arm-none-eabi/10.3.1/../../../../arm-none-eabi/lib/thumb/v7e-m/nofp\libg.a(lib_a-readr.o)
                0x0001b284                _read_r
 .text.__sprint_r.part.0
                0x0001b2b0       0x78 c:/gcc-arm-none-eabi-10.3-2021.10/bin/../lib/gcc/arm-none-eabi/10.3.1/../../../../arm-none-eabi/lib/thumb/v7e-m/nofp\libg.a(lib_a-vfiprintf.o)
 .text._vfiprintf_r
                0x0001b328      0xda0 c:/gcc-arm-none-eabi-10.3-2021.10/bin/../lib/gcc/arm-none-eabi/10.3.1/../../../../arm-none-eabi/lib/thumb/v7e-m/nofp\libg.a(lib_a-vfiprintf.o)
                0x0001b328                _vfiprintf_r
 .text.__sbprintf
                0x0001c0c8       0x80 c:/gcc-arm-none-eabi-10.3-2021.10/bin/../lib/gcc/arm-none-eabi/10.3.1/../../../../arm-none-eabi/lib/thumb/v7e-m/nofp\libg.a(lib_a-vfiprintf.o)
 .text.__ascii_wctomb
                0x0001c148       0x1c c:/gcc-arm-none-eabi-10.3-2021.10/bin/../lib/gcc/arm-none-eabi/10.3.1/../../../../arm-none-eabi/lib/thumb/v7e-m/nofp\libg.a(lib_a-wctomb_r.o)
                0x0001c148                __ascii_wctomb
 .text.__fputwc
                0x0001c164       0xa8 c:/gcc-arm-none-eabi-10.3-2021.10/bin/../lib/gcc/arm-none-eabi/10.3.1/../../../../arm-none-eabi/lib/thumb/v7e-m/nofp\libg.a(lib_a-fputwc.o)
                0x0001c164                __fputwc
 .text._fputwc_r
                0x0001c20c       0x68 c:/gcc-arm-none-eabi-10.3-2021.10/bin/../lib/gcc/arm-none-eabi/10.3.1/../../../../arm-none-eabi/lib/thumb/v7e-m/nofp\libg.a(lib_a-fputwc.o)
                0x0001c20c                _fputwc_r
 .text._wcrtomb_r
                0x0001c274       0x3c c:/gcc-arm-none-eabi-10.3-2021.10/bin/../lib/gcc/arm-none-eabi/10.3.1/../../../../arm-none-eabi/lib/thumb/v7e-m/nofp\libg.a(lib_a-wcrtomb.o)
                0x0001c274                _wcrtomb_r
 .text          0x0001c2b0       0x30 c:/gcc-arm-none-eabi-10.3-2021.10/bin/../lib/gcc/arm-none-eabi/10.3.1/thumb/v7e-m/nofp\libgcc.a(_aeabi_uldivmod.o)
                0x0001c2b0                __aeabi_uldivmod
 .text          0x0001c2e0      0x2d0 c:/gcc-arm-none-eabi-10.3-2021.10/bin/../lib/gcc/arm-none-eabi/10.3.1/thumb/v7e-m/nofp\libgcc.a(_udivmoddi4.o)
                0x0001c2e0                __udivmoddi4
 .text          0x0001c5b0        0x4 c:/gcc-arm-none-eabi-10.3-2021.10/bin/../lib/gcc/arm-none-eabi/10.3.1/thumb/v7e-m/nofp\libgcc.a(_dvmd_tls.o)
                0x0001c5b0                __aeabi_idiv0
                0x0001c5b0                __aeabi_ldiv0
 .text._close   0x0001c5b4       0x10 c:/gcc-arm-none-eabi-10.3-2021.10/bin/../lib/gcc/arm-none-eabi/10.3.1/../../../../arm-none-eabi/lib/thumb/v7e-m/nofp\libnosys.a(close.o)
                0x0001c5b4                _close
 .text._fstat   0x0001c5c4       0x10 c:/gcc-arm-none-eabi-10.3-2021.10/bin/../lib/gcc/arm-none-eabi/10.3.1/../../../../arm-none-eabi/lib/thumb/v7e-m/nofp\libnosys.a(fstat.o)
                0x0001c5c4                _fstat
 .text._getpid  0x0001c5d4       0x10 c:/gcc-arm-none-eabi-10.3-2021.10/bin/../lib/gcc/arm-none-eabi/10.3.1/../../../../arm-none-eabi/lib/thumb/v7e-m/nofp\libnosys.a(getpid.o)
                0x0001c5d4                _getpid
 .text._isatty  0x0001c5e4       0x10 c:/gcc-arm-none-eabi-10.3-2021.10/bin/../lib/gcc/arm-none-eabi/10.3.1/../../../../arm-none-eabi/lib/thumb/v7e-m/nofp\libnosys.a(isatty.o)
                0x0001c5e4                _isatty
 .text._kill    0x0001c5f4       0x10 c:/gcc-arm-none-eabi-10.3-2021.10/bin/../lib/gcc/arm-none-eabi/10.3.1/../../../../arm-none-eabi/lib/thumb/v7e-m/nofp\libnosys.a(kill.o)
                0x0001c5f4                _kill
 .text._lseek   0x0001c604       0x10 c:/gcc-arm-none-eabi-10.3-2021.10/bin/../lib/gcc/arm-none-eabi/10.3.1/../../../../arm-none-eabi/lib/thumb/v7e-m/nofp\libnosys.a(lseek.o)
                0x0001c604                _lseek
 .text._read    0x0001c614       0x10 c:/gcc-arm-none-eabi-10.3-2021.10/bin/../lib/gcc/arm-none-eabi/10.3.1/../../../../arm-none-eabi/lib/thumb/v7e-m/nofp\libnosys.a(read.o)
                0x0001c614                _read
 .text._sbrk    0x0001c624       0x1c c:/gcc-arm-none-eabi-10.3-2021.10/bin/../lib/gcc/arm-none-eabi/10.3.1/../../../../arm-none-eabi/lib/thumb/v7e-m/nofp\libnosys.a(sbrk.o)
                0x0001c624                _sbrk
 .text._write   0x0001c640       0x10 c:/gcc-arm-none-eabi-10.3-2021.10/bin/../lib/gcc/arm-none-eabi/10.3.1/../../../../arm-none-eabi/lib/thumb/v7e-m/nofp\libnosys.a(write.o)
                0x0001c640                _write
 .text._exit    0x0001c650        0x4 c:/gcc-arm-none-eabi-10.3-2021.10/bin/../lib/gcc/arm-none-eabi/10.3.1/../../../../arm-none-eabi/lib/thumb/v7e-m/nofp\libnosys.a(_exit.o)
                0x0001c650                _exit
 *(.rodata .rodata.* .constdata .constdata.*)
 .rodata        0x0001c654      0x2ae ../main.o
 *fill*         0x0001c902        0x2 
 .rodata.K60_SDHC0_init
                0x0001c904        0xc Drivers/SDHC.o
                0x0001c904                K60_SDHC0_init
 .rodata._ZL21ESDHC_COMMAND_XFERTYP
                0x0001c910      0x100 Drivers/SDHC.o
 .rodata._ZL10ADCNumbers
                0x0001ca10       0x21 Libraries/FEHIO.o
 *fill*         0x0001ca31        0x3 
 .rodata._ZL16AnalogPinNumbers
                0x0001ca34       0x84 Libraries/FEHIO.o
 .rodata        0x0001cab8       0x78 Libraries/FEHIO.o
 .rodata        0x0001cb30       0x32 Libraries/FEHLCD.o
 *fill*         0x0001cb62        0x2 
 .rodata        0x0001cb64      0x2ec Libraries/FEHRPS.o
 .rodata.atanhi
                0x0001ce50       0x10 c:/gcc-arm-none-eabi-10.3-2021.10/bin/../lib/gcc/arm-none-eabi/10.3.1/../../../../arm-none-eabi/lib/thumb/v7e-m/nofp\libm.a(lib_a-sf_atan.o)
 .rodata.atanlo
                0x0001ce60       0x10 c:/gcc-arm-none-eabi-10.3-2021.10/bin/../lib/gcc/arm-none-eabi/10.3.1/../../../../arm-none-eabi/lib/thumb/v7e-m/nofp\libm.a(lib_a-sf_atan.o)
 .rodata.Zero   0x0001ce70       0x10 c:/gcc-arm-none-eabi-10.3-2021.10/bin/../lib/gcc/arm-none-eabi/10.3.1/../../../../arm-none-eabi/lib/thumb/v7e-m/nofp\libm.a(lib_a-e_fmod.o)
 .rodata.npio2_hw
                0x0001ce80       0x80 c:/gcc-arm-none-eabi-10.3-2021.10/bin/../lib/gcc/arm-none-eabi/10.3.1/../../../../arm-none-eabi/lib/thumb/v7e-m/nofp\libm.a(lib_a-e_rem_pio2.o)
 .rodata.two_over_pi
                0x0001cf00      0x108 c:/gcc-arm-none-eabi-10.3-2021.10/bin/../lib/gcc/arm-none-eabi/10.3.1/../../../../arm-none-eabi/lib/thumb/v7e-m/nofp\libm.a(lib_a-e_rem_pio2.o)
 .rodata.PIo2   0x0001d008       0x40 c:/gcc-arm-none-eabi-10.3-2021.10/bin/../lib/gcc/arm-none-eabi/10.3.1/../../../../arm-none-eabi/lib/thumb/v7e-m/nofp\libm.a(lib_a-k_rem_pio2.o)
 .rodata.init_jk
                0x0001d048       0x10 c:/gcc-arm-none-eabi-10.3-2021.10/bin/../lib/gcc/arm-none-eabi/10.3.1/../../../../arm-none-eabi/lib/thumb/v7e-m/nofp\libm.a(lib_a-k_rem_pio2.o)
 .rodata._global_impure_ptr
                0x0001d058        0x4 c:/gcc-arm-none-eabi-10.3-2021.10/bin/../lib/gcc/arm-none-eabi/10.3.1/../../../../arm-none-eabi/lib/thumb/v7e-m/nofp\libg.a(lib_a-impure.o)
                0x0001d058                _global_impure_ptr
 .rodata._svfprintf_r.str1.4
                0x0001d05c       0x42 c:/gcc-arm-none-eabi-10.3-2021.10/bin/../lib/gcc/arm-none-eabi/10.3.1/../../../../arm-none-eabi/lib/thumb/v7e-m/nofp\libg.a(lib_a-svfprintf.o)
 *fill*         0x0001d09e        0x2 
 .rodata.blanks.1
                0x0001d0a0       0x10 c:/gcc-arm-none-eabi-10.3-2021.10/bin/../lib/gcc/arm-none-eabi/10.3.1/../../../../arm-none-eabi/lib/thumb/v7e-m/nofp\libg.a(lib_a-svfprintf.o)
 .rodata.zeroes.0
                0x0001d0b0       0x10 c:/gcc-arm-none-eabi-10.3-2021.10/bin/../lib/gcc/arm-none-eabi/10.3.1/../../../../arm-none-eabi/lib/thumb/v7e-m/nofp\libg.a(lib_a-svfprintf.o)
 .rodata._dtoa_r.str1.4
                0x0001d0c0       0xa2 c:/gcc-arm-none-eabi-10.3-2021.10/bin/../lib/gcc/arm-none-eabi/10.3.1/../../../../arm-none-eabi/lib/thumb/v7e-m/nofp\libg.a(lib_a-dtoa.o)
                                 0xa6 (size before relaxing)
 *fill*         0x0001d162        0x2 
 .rodata.__multadd.str1.4
                0x0001d164       0x7f c:/gcc-arm-none-eabi-10.3-2021.10/bin/../lib/gcc/arm-none-eabi/10.3.1/../../../../arm-none-eabi/lib/thumb/v7e-m/nofp\libg.a(lib_a-mprec.o)
                                 0x93 (size before relaxing)
 *fill*         0x0001d1e3        0x5 
 .rodata.__mprec_bigtens
                0x0001d1e8       0x28 c:/gcc-arm-none-eabi-10.3-2021.10/bin/../lib/gcc/arm-none-eabi/10.3.1/../../../../arm-none-eabi/lib/thumb/v7e-m/nofp\libg.a(lib_a-mprec.o)
                0x0001d1e8                __mprec_bigtens
 .rodata.__mprec_tens
                0x0001d210       0xc8 c:/gcc-arm-none-eabi-10.3-2021.10/bin/../lib/gcc/arm-none-eabi/10.3.1/../../../../arm-none-eabi/lib/thumb/v7e-m/nofp\libg.a(lib_a-mprec.o)
                0x0001d210                __mprec_tens
 .rodata.p05.0  0x0001d2d8        0xc c:/gcc-arm-none-eabi-10.3-2021.10/bin/../lib/gcc/arm-none-eabi/10.3.1/../../../../arm-none-eabi/lib/thumb/v7e-m/nofp\libg.a(lib_a-mprec.o)
 .rodata.__assert_func.str1.4
                0x0001d2e4       0x3f c:/gcc-arm-none-eabi-10.3-2021.10/bin/../lib/gcc/arm-none-eabi/10.3.1/../../../../arm-none-eabi/lib/thumb/v7e-m/nofp\libg.a(lib_a-assert.o)
                                 0x43 (size before relaxing)
 *fill*         0x0001d323        0x1 
 .rodata._ctype_
                0x0001d324      0x101 c:/gcc-arm-none-eabi-10.3-2021.10/bin/../lib/gcc/arm-none-eabi/10.3.1/../../../../arm-none-eabi/lib/thumb/v7e-m/nofp\libg.a(lib_a-ctype_.o)
                0x0001d324                _ctype_
 *fill*         0x0001d425        0x3 
 .rodata._setlocale_r.str1.4
                0x0001d428        0xa c:/gcc-arm-none-eabi-10.3-2021.10/bin/../lib/gcc/arm-none-eabi/10.3.1/../../../../arm-none-eabi/lib/thumb/v7e-m/nofp\libg.a(lib_a-locale.o)
                                  0xd (size before relaxing)
 *fill*         0x0001d432        0x2 
 .rodata.str1.4
                0x0001d434        0x2 c:/gcc-arm-none-eabi-10.3-2021.10/bin/../lib/gcc/arm-none-eabi/10.3.1/../../../../arm-none-eabi/lib/thumb/v7e-m/nofp\libg.a(lib_a-locale.o)
 .rodata._vfiprintf_r.str1.4
                0x0001d436       0x2f c:/gcc-arm-none-eabi-10.3-2021.10/bin/../lib/gcc/arm-none-eabi/10.3.1/../../../../arm-none-eabi/lib/thumb/v7e-m/nofp\libg.a(lib_a-vfiprintf.o)
 *fill*         0x0001d436        0x2 
 .rodata.blanks.1
                0x0001d438       0x10 c:/gcc-arm-none-eabi-10.3-2021.10/bin/../lib/gcc/arm-none-eabi/10.3.1/../../../../arm-none-eabi/lib/thumb/v7e-m/nofp\libg.a(lib_a-vfiprintf.o)
 .rodata.zeroes.0
                0x0001d448       0x10 c:/gcc-arm-none-eabi-10.3-2021.10/bin/../lib/gcc/arm-none-eabi/10.3.1/../../../../arm-none-eabi/lib/thumb/v7e-m/nofp\libg.a(lib_a-vfiprintf.o)
                0x0001d458                . = ALIGN (0x4)
                0x0001d458                . = ALIGN (0x4)
 *(.init)
 .init          0x0001d458        0x4 c:/gcc-arm-none-eabi-10.3-2021.10/bin/../lib/gcc/arm-none-eabi/10.3.1/thumb/v7e-m/nofp/crti.o
                0x0001d458                _init
 .init          0x0001d45c        0x8 c:/gcc-arm-none-eabi-10.3-2021.10/bin/../lib/gcc/arm-none-eabi/10.3.1/thumb/v7e-m/nofp/crtn.o
                0x0001d464                . = ALIGN (0x4)
                0x0001d464                __preinit_array_start = .
 *(.preinit_array)
                0x0001d464                __preinit_array_end = .
                0x0001d464                . = ALIGN (0x4)
                0x0001d464                __init_array_start = .
 *(SORT_BY_NAME(.init_array.*))
 .init_array.00000
                0x0001d464        0x4 c:/gcc-arm-none-eabi-10.3-2021.10/bin/../lib/gcc/arm-none-eabi/10.3.1/../../../../arm-none-eabi/lib/thumb/v7e-m/nofp\libg.a(lib_a-__call_atexit.o)
 *(.init_array)